[    0.000000] Linux version 5.13.0-40-generic (buildd@ubuntu) (gcc (Ubuntu 9.4.0-1ubuntu1~20.04.1) 9.4.0, GNU ld (GNU Binutils for Ubuntu) 2.34) #45~20.04.1-Ubuntu SMP Mon Apr 4 09:38:31 UTC 2022 (Ubuntu 5.13.0-40.45~20.04.1-generic 5.13.19)
[    0.000000] Command line: BOOT_IMAGE=/boot/vmlinuz-5.13.0-40-generic root=UUID=2aa6aa0b-4730-4c0d-b54f-57f2f2894b70 ro find_preseed=/preseed.cfg auto noprompt priority=critical locale=en_US quiet
[    0.000000] KERNEL supported cpus:
[    0.000000]   Intel GenuineIntel
[    0.000000]   AMD AuthenticAMD
[    0.000000]   Hygon HygonGenuine
[    0.000000]   Centaur CentaurHauls
[    0.000000]   zhaoxin   Shanghai  
[    0.000000] Disabled fast string operations
[    0.000000] x86/fpu: Supporting XSAVE feature 0x001: 'x87 floating point registers'
[    0.000000] x86/fpu: Supporting XSAVE feature 0x002: 'SSE registers'
[    0.000000] x86/fpu: Supporting XSAVE feature 0x004: 'AVX registers'
[    0.000000] x86/fpu: xstate_offset[2]:  576, xstate_sizes[2]:  256
[    0.000000] x86/fpu: Enabled xstate features 0x7, context size is 832 bytes, using 'compacted' format.
[    0.000000] BIOS-provided physical RAM map:
[    0.000000] BIOS-e820: [mem 0x0000000000000000-0x000000000009e7ff] usable
[    0.000000] BIOS-e820: [mem 0x000000000009e800-0x000000000009ffff] reserved
[    0.000000] BIOS-e820: [mem 0x00000000000dc000-0x00000000000fffff] reserved
[    0.000000] BIOS-e820: [mem 0x0000000000100000-0x00000000bfecffff] usable
[    0.000000] BIOS-e820: [mem 0x00000000bfed0000-0x00000000bfefefff] ACPI data
[    0.000000] BIOS-e820: [mem 0x00000000bfeff000-0x00000000bfefffff] ACPI NVS
[    0.000000] BIOS-e820: [mem 0x00000000bff00000-0x00000000bfffffff] usable
[    0.000000] BIOS-e820: [mem 0x00000000f0000000-0x00000000f7ffffff] reserved
[    0.000000] BIOS-e820: [mem 0x00000000fec00000-0x00000000fec0ffff] reserved
[    0.000000] BIOS-e820: [mem 0x00000000fee00000-0x00000000fee00fff] reserved
[    0.000000] BIOS-e820: [mem 0x00000000fffe0000-0x00000000ffffffff] reserved
[    0.000000] BIOS-e820: [mem 0x0000000100000000-0x000000013fffffff] usable
[    0.000000] NX (Execute Disable) protection: active
[    0.000000] SMBIOS 2.7 present.
[    0.000000] DMI: VMware, Inc. VMware Virtual Platform/440BX Desktop Reference Platform, BIOS 6.00 11/12/2020
[    0.000000] vmware: hypercall mode: 0x02
[    0.000000] Hypervisor detected: VMware
[    0.000000] vmware: TSC freq read from hypervisor : 2904.003 MHz
[    0.000000] vmware: Host bus clock speed read from hypervisor : 66000000 Hz
[    0.000000] vmware: using clock offset of 19205960041 ns
[    0.000016] tsc: Detected 2904.003 MHz processor
[    0.001092] e820: update [mem 0x00000000-0x00000fff] usable ==> reserved
[    0.001096] e820: remove [mem 0x000a0000-0x000fffff] usable
[    0.001099] last_pfn = 0x140000 max_arch_pfn = 0x400000000
[    0.001125] x86/PAT: Configuration [0-7]: WB  WC  UC- UC  WB  WP  UC- WT  
[    0.001137] total RAM covered: 130048M
[    0.001403] Found optimal setting for mtrr clean up
[    0.001404]  gran_size: 64K 	chunk_size: 64K 	num_reg: 7  	lose cover RAM: 0G
[    0.001450] e820: update [mem 0xc0000000-0xffffffff] usable ==> reserved
[    0.001456] last_pfn = 0xc0000 max_arch_pfn = 0x400000000
[    0.009495] found SMP MP-table at [mem 0x000f6a70-0x000f6a7f]
[    0.009517] Using GB pages for direct mapping
[    0.009665] RAMDISK: [mem 0x30f6f000-0x347aefff]
[    0.009670] ACPI: Early table checksum verification disabled
[    0.009673] ACPI: RSDP 0x00000000000F6A00 000024 (v02 PTLTD )
[    0.009678] ACPI: XSDT 0x00000000BFEDC633 00005C (v01 INTEL  440BX    06040000 VMW  01324272)
[    0.009683] ACPI: FACP 0x00000000BFEFEE73 0000F4 (v04 INTEL  440BX    06040000 PTL  000F4240)
[    0.009689] ACPI: DSDT 0x00000000BFEDD9E8 02148B (v01 PTLTD  Custom   06040000 MSFT 03000001)
[    0.009697] ACPI: FACS 0x00000000BFEFFFC0 000040
[    0.009700] ACPI: FACS 0x00000000BFEFFFC0 000040
[    0.009703] ACPI: BOOT 0x00000000BFEDD9C0 000028 (v01 PTLTD  $SBFTBL$ 06040000  LTP 00000001)
[    0.009707] ACPI: APIC 0x00000000BFEDD27E 000742 (v01 PTLTD  ? APIC   06040000  LTP 00000000)
[    0.009710] ACPI: MCFG 0x00000000BFEDD242 00003C (v01 PTLTD  $PCITBL$ 06040000  LTP 00000001)
[    0.009714] ACPI: SRAT 0x00000000BFEDC72F 0008D0 (v02 VMWARE MEMPLUG  06040000 VMW  00000001)
[    0.009717] ACPI: HPET 0x00000000BFEDC6F7 000038 (v01 VMWARE VMW HPET 06040000 VMW  00000001)
[    0.009731] ACPI: WAET 0x00000000BFEDC6CF 000028 (v01 VMWARE VMW WAET 06040000 VMW  00000001)
[    0.009733] ACPI: Reserving FACP table memory at [mem 0xbfefee73-0xbfefef66]
[    0.009735] ACPI: Reserving DSDT table memory at [mem 0xbfedd9e8-0xbfefee72]
[    0.009736] ACPI: Reserving FACS table memory at [mem 0xbfefffc0-0xbfefffff]
[    0.009737] ACPI: Reserving FACS table memory at [mem 0xbfefffc0-0xbfefffff]
[    0.009737] ACPI: Reserving BOOT table memory at [mem 0xbfedd9c0-0xbfedd9e7]
[    0.009738] ACPI: Reserving APIC table memory at [mem 0xbfedd27e-0xbfedd9bf]
[    0.009739] ACPI: Reserving MCFG table memory at [mem 0xbfedd242-0xbfedd27d]
[    0.009739] ACPI: Reserving SRAT table memory at [mem 0xbfedc72f-0xbfedcffe]
[    0.009740] ACPI: Reserving HPET table memory at [mem 0xbfedc6f7-0xbfedc72e]
[    0.009740] ACPI: Reserving WAET table memory at [mem 0xbfedc6cf-0xbfedc6f6]
[    0.009771] ACPI: Local APIC address 0xfee00000
[    0.009783] system APIC only can use physical flat
[    0.009784] Setting APIC routing to physical flat.
[    0.009825] SRAT: PXM 0 -> APIC 0x00 -> Node 0
[    0.009827] SRAT: PXM 0 -> APIC 0x02 -> Node 0
[    0.009827] SRAT: PXM 0 -> APIC 0x04 -> Node 0
[    0.009828] SRAT: PXM 0 -> APIC 0x06 -> Node 0
[    0.009829] SRAT: PXM 0 -> APIC 0x08 -> Node 0
[    0.009829] SRAT: PXM 0 -> APIC 0x0a -> Node 0
[    0.009830] SRAT: PXM 0 -> APIC 0x0c -> Node 0
[    0.009830] SRAT: PXM 0 -> APIC 0x0e -> Node 0
[    0.009831] SRAT: PXM 0 -> APIC 0x10 -> Node 0
[    0.009831] SRAT: PXM 0 -> APIC 0x12 -> Node 0
[    0.009832] SRAT: PXM 0 -> APIC 0x14 -> Node 0
[    0.009833] SRAT: PXM 0 -> APIC 0x16 -> Node 0
[    0.009833] SRAT: PXM 0 -> APIC 0x18 -> Node 0
[    0.009834] SRAT: PXM 0 -> APIC 0x1a -> Node 0
[    0.009834] SRAT: PXM 0 -> APIC 0x1c -> Node 0
[    0.009835] SRAT: PXM 0 -> APIC 0x1e -> Node 0
[    0.009835] SRAT: PXM 0 -> APIC 0x20 -> Node 0
[    0.009836] SRAT: PXM 0 -> APIC 0x22 -> Node 0
[    0.009836] SRAT: PXM 0 -> APIC 0x24 -> Node 0
[    0.009837] SRAT: PXM 0 -> APIC 0x26 -> Node 0
[    0.009837] SRAT: PXM 0 -> APIC 0x28 -> Node 0
[    0.009838] SRAT: PXM 0 -> APIC 0x2a -> Node 0
[    0.009838] SRAT: PXM 0 -> APIC 0x2c -> Node 0
[    0.009839] SRAT: PXM 0 -> APIC 0x2e -> Node 0
[    0.009840] SRAT: PXM 0 -> APIC 0x30 -> Node 0
[    0.009840] SRAT: PXM 0 -> APIC 0x32 -> Node 0
[    0.009841] SRAT: PXM 0 -> APIC 0x34 -> Node 0
[    0.009841] SRAT: PXM 0 -> APIC 0x36 -> Node 0
[    0.009842] SRAT: PXM 0 -> APIC 0x38 -> Node 0
[    0.009842] SRAT: PXM 0 -> APIC 0x3a -> Node 0
[    0.009843] SRAT: PXM 0 -> APIC 0x3c -> Node 0
[    0.009843] SRAT: PXM 0 -> APIC 0x3e -> Node 0
[    0.009844] SRAT: PXM 0 -> APIC 0x40 -> Node 0
[    0.009844] SRAT: PXM 0 -> APIC 0x42 -> Node 0
[    0.009845] SRAT: PXM 0 -> APIC 0x44 -> Node 0
[    0.009845] SRAT: PXM 0 -> APIC 0x46 -> Node 0
[    0.009846] SRAT: PXM 0 -> APIC 0x48 -> Node 0
[    0.009847] SRAT: PXM 0 -> APIC 0x4a -> Node 0
[    0.009847] SRAT: PXM 0 -> APIC 0x4c -> Node 0
[    0.009848] SRAT: PXM 0 -> APIC 0x4e -> Node 0
[    0.009848] SRAT: PXM 0 -> APIC 0x50 -> Node 0
[    0.009849] SRAT: PXM 0 -> APIC 0x52 -> Node 0
[    0.009849] SRAT: PXM 0 -> APIC 0x54 -> Node 0
[    0.009850] SRAT: PXM 0 -> APIC 0x56 -> Node 0
[    0.009850] SRAT: PXM 0 -> APIC 0x58 -> Node 0
[    0.009851] SRAT: PXM 0 -> APIC 0x5a -> Node 0
[    0.009851] SRAT: PXM 0 -> APIC 0x5c -> Node 0
[    0.009852] SRAT: PXM 0 -> APIC 0x5e -> Node 0
[    0.009852] SRAT: PXM 0 -> APIC 0x60 -> Node 0
[    0.009853] SRAT: PXM 0 -> APIC 0x62 -> Node 0
[    0.009854] SRAT: PXM 0 -> APIC 0x64 -> Node 0
[    0.009854] SRAT: PXM 0 -> APIC 0x66 -> Node 0
[    0.009855] SRAT: PXM 0 -> APIC 0x68 -> Node 0
[    0.009855] SRAT: PXM 0 -> APIC 0x6a -> Node 0
[    0.009856] SRAT: PXM 0 -> APIC 0x6c -> Node 0
[    0.009856] SRAT: PXM 0 -> APIC 0x6e -> Node 0
[    0.009857] SRAT: PXM 0 -> APIC 0x70 -> Node 0
[    0.009857] SRAT: PXM 0 -> APIC 0x72 -> Node 0
[    0.009858] SRAT: PXM 0 -> APIC 0x74 -> Node 0
[    0.009858] SRAT: PXM 0 -> APIC 0x76 -> Node 0
[    0.009859] SRAT: PXM 0 -> APIC 0x78 -> Node 0
[    0.009859] SRAT: PXM 0 -> APIC 0x7a -> Node 0
[    0.009860] SRAT: PXM 0 -> APIC 0x7c -> Node 0
[    0.009860] SRAT: PXM 0 -> APIC 0x7e -> Node 0
[    0.009861] SRAT: PXM 0 -> APIC 0x80 -> Node 0
[    0.009862] SRAT: PXM 0 -> APIC 0x82 -> Node 0
[    0.009862] SRAT: PXM 0 -> APIC 0x84 -> Node 0
[    0.009863] SRAT: PXM 0 -> APIC 0x86 -> Node 0
[    0.009863] SRAT: PXM 0 -> APIC 0x88 -> Node 0
[    0.009864] SRAT: PXM 0 -> APIC 0x8a -> Node 0
[    0.009864] SRAT: PXM 0 -> APIC 0x8c -> Node 0
[    0.009865] SRAT: PXM 0 -> APIC 0x8e -> Node 0
[    0.009865] SRAT: PXM 0 -> APIC 0x90 -> Node 0
[    0.009866] SRAT: PXM 0 -> APIC 0x92 -> Node 0
[    0.009866] SRAT: PXM 0 -> APIC 0x94 -> Node 0
[    0.009867] SRAT: PXM 0 -> APIC 0x96 -> Node 0
[    0.009868] SRAT: PXM 0 -> APIC 0x98 -> Node 0
[    0.009868] SRAT: PXM 0 -> APIC 0x9a -> Node 0
[    0.009869] SRAT: PXM 0 -> APIC 0x9c -> Node 0
[    0.009869] SRAT: PXM 0 -> APIC 0x9e -> Node 0
[    0.009870] SRAT: PXM 0 -> APIC 0xa0 -> Node 0
[    0.009870] SRAT: PXM 0 -> APIC 0xa2 -> Node 0
[    0.009871] SRAT: PXM 0 -> APIC 0xa4 -> Node 0
[    0.009871] SRAT: PXM 0 -> APIC 0xa6 -> Node 0
[    0.009872] SRAT: PXM 0 -> APIC 0xa8 -> Node 0
[    0.009872] SRAT: PXM 0 -> APIC 0xaa -> Node 0
[    0.009873] SRAT: PXM 0 -> APIC 0xac -> Node 0
[    0.009873] SRAT: PXM 0 -> APIC 0xae -> Node 0
[    0.009874] SRAT: PXM 0 -> APIC 0xb0 -> Node 0
[    0.009875] SRAT: PXM 0 -> APIC 0xb2 -> Node 0
[    0.009875] SRAT: PXM 0 -> APIC 0xb4 -> Node 0
[    0.009876] SRAT: PXM 0 -> APIC 0xb6 -> Node 0
[    0.009876] SRAT: PXM 0 -> APIC 0xb8 -> Node 0
[    0.009877] SRAT: PXM 0 -> APIC 0xba -> Node 0
[    0.009877] SRAT: PXM 0 -> APIC 0xbc -> Node 0
[    0.009878] SRAT: PXM 0 -> APIC 0xbe -> Node 0
[    0.009878] SRAT: PXM 0 -> APIC 0xc0 -> Node 0
[    0.009879] SRAT: PXM 0 -> APIC 0xc2 -> Node 0
[    0.009879] SRAT: PXM 0 -> APIC 0xc4 -> Node 0
[    0.009880] SRAT: PXM 0 -> APIC 0xc6 -> Node 0
[    0.009880] SRAT: PXM 0 -> APIC 0xc8 -> Node 0
[    0.009881] SRAT: PXM 0 -> APIC 0xca -> Node 0
[    0.009881] SRAT: PXM 0 -> APIC 0xcc -> Node 0
[    0.009882] SRAT: PXM 0 -> APIC 0xce -> Node 0
[    0.009883] SRAT: PXM 0 -> APIC 0xd0 -> Node 0
[    0.009883] SRAT: PXM 0 -> APIC 0xd2 -> Node 0
[    0.009884] SRAT: PXM 0 -> APIC 0xd4 -> Node 0
[    0.009884] SRAT: PXM 0 -> APIC 0xd6 -> Node 0
[    0.009885] SRAT: PXM 0 -> APIC 0xd8 -> Node 0
[    0.009885] SRAT: PXM 0 -> APIC 0xda -> Node 0
[    0.009886] SRAT: PXM 0 -> APIC 0xdc -> Node 0
[    0.009886] SRAT: PXM 0 -> APIC 0xde -> Node 0
[    0.009887] SRAT: PXM 0 -> APIC 0xe0 -> Node 0
[    0.009887] SRAT: PXM 0 -> APIC 0xe2 -> Node 0
[    0.009888] SRAT: PXM 0 -> APIC 0xe4 -> Node 0
[    0.009888] SRAT: PXM 0 -> APIC 0xe6 -> Node 0
[    0.009889] SRAT: PXM 0 -> APIC 0xe8 -> Node 0
[    0.009890] SRAT: PXM 0 -> APIC 0xea -> Node 0
[    0.009890] SRAT: PXM 0 -> APIC 0xec -> Node 0
[    0.009891] SRAT: PXM 0 -> APIC 0xee -> Node 0
[    0.009891] SRAT: PXM 0 -> APIC 0xf0 -> Node 0
[    0.009892] SRAT: PXM 0 -> APIC 0xf2 -> Node 0
[    0.009892] SRAT: PXM 0 -> APIC 0xf4 -> Node 0
[    0.009893] SRAT: PXM 0 -> APIC 0xf6 -> Node 0
[    0.009893] SRAT: PXM 0 -> APIC 0xf8 -> Node 0
[    0.009894] SRAT: PXM 0 -> APIC 0xfa -> Node 0
[    0.009894] SRAT: PXM 0 -> APIC 0xfc -> Node 0
[    0.009895] SRAT: PXM 0 -> APIC 0xfe -> Node 0
[    0.009898] ACPI: SRAT: Node 0 PXM 0 [mem 0x00000000-0x0009ffff]
[    0.009900] ACPI: SRAT: Node 0 PXM 0 [mem 0x00100000-0xbfffffff]
[    0.009901] ACPI: SRAT: Node 0 PXM 0 [mem 0x100000000-0x13fffffff]
[    0.009902] ACPI: SRAT: Node 0 PXM 0 [mem 0x140000000-0x103fffffff] hotplug
[    0.009904] NUMA: Node 0 [mem 0x00000000-0x0009ffff] + [mem 0x00100000-0xbfffffff] -> [mem 0x00000000-0xbfffffff]
[    0.009906] NUMA: Node 0 [mem 0x00000000-0xbfffffff] + [mem 0x100000000-0x13fffffff] -> [mem 0x00000000-0x13fffffff]
[    0.009912] NODE_DATA(0) allocated [mem 0x13ffd6000-0x13fffffff]
[    0.010229] Zone ranges:
[    0.010230]   DMA      [mem 0x0000000000001000-0x0000000000ffffff]
[    0.010232]   DMA32    [mem 0x0000000001000000-0x00000000ffffffff]
[    0.010234]   Normal   [mem 0x0000000100000000-0x000000013fffffff]
[    0.010235]   Device   empty
[    0.010236] Movable zone start for each node
[    0.010238] Early memory node ranges
[    0.010238]   node   0: [mem 0x0000000000001000-0x000000000009dfff]
[    0.010240]   node   0: [mem 0x0000000000100000-0x00000000bfecffff]
[    0.010241]   node   0: [mem 0x00000000bff00000-0x00000000bfffffff]
[    0.010241]   node   0: [mem 0x0000000100000000-0x000000013fffffff]
[    0.010243] Initmem setup node 0 [mem 0x0000000000001000-0x000000013fffffff]
[    0.010244] On node 0 totalpages: 1048429
[    0.010245]   DMA zone: 64 pages used for memmap
[    0.010246]   DMA zone: 157 pages reserved
[    0.010247]   DMA zone: 3997 pages, LIFO batch:0
[    0.010248]   DMA32 zone: 12224 pages used for memmap
[    0.010248]   DMA32 zone: 782288 pages, LIFO batch:63
[    0.010249]   Normal zone: 4096 pages used for memmap
[    0.010250]   Normal zone: 262144 pages, LIFO batch:63
[    0.010254] On node 0, zone DMA: 1 pages in unavailable ranges
[    0.010392] On node 0, zone DMA: 98 pages in unavailable ranges
[    0.021840] On node 0, zone DMA32: 48 pages in unavailable ranges
[    0.028915] ACPI: PM-Timer IO Port: 0x1008
[    0.028918] ACPI: Local APIC address 0xfee00000
[    0.028922] system APIC only can use physical flat
[    0.028933] ACPI: LAPIC_NMI (acpi_id[0x00] high edge lint[0x1])
[    0.028935] ACPI: LAPIC_NMI (acpi_id[0x01] high edge lint[0x1])
[    0.028936] ACPI: LAPIC_NMI (acpi_id[0x02] high edge lint[0x1])
[    0.028936] ACPI: LAPIC_NMI (acpi_id[0x03] high edge lint[0x1])
[    0.028937] ACPI: LAPIC_NMI (acpi_id[0x04] high edge lint[0x1])
[    0.028937] ACPI: LAPIC_NMI (acpi_id[0x05] high edge lint[0x1])
[    0.028938] ACPI: LAPIC_NMI (acpi_id[0x06] high edge lint[0x1])
[    0.028938] ACPI: LAPIC_NMI (acpi_id[0x07] high edge lint[0x1])
[    0.028939] ACPI: LAPIC_NMI (acpi_id[0x08] high edge lint[0x1])
[    0.028940] ACPI: LAPIC_NMI (acpi_id[0x09] high edge lint[0x1])
[    0.028940] ACPI: LAPIC_NMI (acpi_id[0x0a] high edge lint[0x1])
[    0.028941] ACPI: LAPIC_NMI (acpi_id[0x0b] high edge lint[0x1])
[    0.028941] ACPI: LAPIC_NMI (acpi_id[0x0c] high edge lint[0x1])
[    0.028942] ACPI: LAPIC_NMI (acpi_id[0x0d] high edge lint[0x1])
[    0.028943] ACPI: LAPIC_NMI (acpi_id[0x0e] high edge lint[0x1])
[    0.028943] ACPI: LAPIC_NMI (acpi_id[0x0f] high edge lint[0x1])
[    0.028944] ACPI: LAPIC_NMI (acpi_id[0x10] high edge lint[0x1])
[    0.028944] ACPI: LAPIC_NMI (acpi_id[0x11] high edge lint[0x1])
[    0.028945] ACPI: LAPIC_NMI (acpi_id[0x12] high edge lint[0x1])
[    0.028946] ACPI: LAPIC_NMI (acpi_id[0x13] high edge lint[0x1])
[    0.028946] ACPI: LAPIC_NMI (acpi_id[0x14] high edge lint[0x1])
[    0.028947] ACPI: LAPIC_NMI (acpi_id[0x15] high edge lint[0x1])
[    0.028947] ACPI: LAPIC_NMI (acpi_id[0x16] high edge lint[0x1])
[    0.028948] ACPI: LAPIC_NMI (acpi_id[0x17] high edge lint[0x1])
[    0.028949] ACPI: LAPIC_NMI (acpi_id[0x18] high edge lint[0x1])
[    0.028949] ACPI: LAPIC_NMI (acpi_id[0x19] high edge lint[0x1])
[    0.028950] ACPI: LAPIC_NMI (acpi_id[0x1a] high edge lint[0x1])
[    0.028950] ACPI: LAPIC_NMI (acpi_id[0x1b] high edge lint[0x1])
[    0.028951] ACPI: LAPIC_NMI (acpi_id[0x1c] high edge lint[0x1])
[    0.028951] ACPI: LAPIC_NMI (acpi_id[0x1d] high edge lint[0x1])
[    0.028952] ACPI: LAPIC_NMI (acpi_id[0x1e] high edge lint[0x1])
[    0.028953] ACPI: LAPIC_NMI (acpi_id[0x1f] high edge lint[0x1])
[    0.028953] ACPI: LAPIC_NMI (acpi_id[0x20] high edge lint[0x1])
[    0.028954] ACPI: LAPIC_NMI (acpi_id[0x21] high edge lint[0x1])
[    0.028954] ACPI: LAPIC_NMI (acpi_id[0x22] high edge lint[0x1])
[    0.028955] ACPI: LAPIC_NMI (acpi_id[0x23] high edge lint[0x1])
[    0.028956] ACPI: LAPIC_NMI (acpi_id[0x24] high edge lint[0x1])
[    0.028956] ACPI: LAPIC_NMI (acpi_id[0x25] high edge lint[0x1])
[    0.028957] ACPI: LAPIC_NMI (acpi_id[0x26] high edge lint[0x1])
[    0.028957] ACPI: LAPIC_NMI (acpi_id[0x27] high edge lint[0x1])
[    0.028958] ACPI: LAPIC_NMI (acpi_id[0x28] high edge lint[0x1])
[    0.028959] ACPI: LAPIC_NMI (acpi_id[0x29] high edge lint[0x1])
[    0.028959] ACPI: LAPIC_NMI (acpi_id[0x2a] high edge lint[0x1])
[    0.028960] ACPI: LAPIC_NMI (acpi_id[0x2b] high edge lint[0x1])
[    0.028960] ACPI: LAPIC_NMI (acpi_id[0x2c] high edge lint[0x1])
[    0.028961] ACPI: LAPIC_NMI (acpi_id[0x2d] high edge lint[0x1])
[    0.028962] ACPI: LAPIC_NMI (acpi_id[0x2e] high edge lint[0x1])
[    0.028962] ACPI: LAPIC_NMI (acpi_id[0x2f] high edge lint[0x1])
[    0.028963] ACPI: LAPIC_NMI (acpi_id[0x30] high edge lint[0x1])
[    0.028963] ACPI: LAPIC_NMI (acpi_id[0x31] high edge lint[0x1])
[    0.028964] ACPI: LAPIC_NMI (acpi_id[0x32] high edge lint[0x1])
[    0.028964] ACPI: LAPIC_NMI (acpi_id[0x33] high edge lint[0x1])
[    0.028965] ACPI: LAPIC_NMI (acpi_id[0x34] high edge lint[0x1])
[    0.028966] ACPI: LAPIC_NMI (acpi_id[0x35] high edge lint[0x1])
[    0.028966] ACPI: LAPIC_NMI (acpi_id[0x36] high edge lint[0x1])
[    0.028967] ACPI: LAPIC_NMI (acpi_id[0x37] high edge lint[0x1])
[    0.028967] ACPI: LAPIC_NMI (acpi_id[0x38] high edge lint[0x1])
[    0.028968] ACPI: LAPIC_NMI (acpi_id[0x39] high edge lint[0x1])
[    0.028969] ACPI: LAPIC_NMI (acpi_id[0x3a] high edge lint[0x1])
[    0.028969] ACPI: LAPIC_NMI (acpi_id[0x3b] high edge lint[0x1])
[    0.028970] ACPI: LAPIC_NMI (acpi_id[0x3c] high edge lint[0x1])
[    0.028970] ACPI: LAPIC_NMI (acpi_id[0x3d] high edge lint[0x1])
[    0.028971] ACPI: LAPIC_NMI (acpi_id[0x3e] high edge lint[0x1])
[    0.028971] ACPI: LAPIC_NMI (acpi_id[0x3f] high edge lint[0x1])
[    0.028972] ACPI: LAPIC_NMI (acpi_id[0x40] high edge lint[0x1])
[    0.028973] ACPI: LAPIC_NMI (acpi_id[0x41] high edge lint[0x1])
[    0.028973] ACPI: LAPIC_NMI (acpi_id[0x42] high edge lint[0x1])
[    0.028974] ACPI: LAPIC_NMI (acpi_id[0x43] high edge lint[0x1])
[    0.028974] ACPI: LAPIC_NMI (acpi_id[0x44] high edge lint[0x1])
[    0.028975] ACPI: LAPIC_NMI (acpi_id[0x45] high edge lint[0x1])
[    0.028976] ACPI: LAPIC_NMI (acpi_id[0x46] high edge lint[0x1])
[    0.028976] ACPI: LAPIC_NMI (acpi_id[0x47] high edge lint[0x1])
[    0.028977] ACPI: LAPIC_NMI (acpi_id[0x48] high edge lint[0x1])
[    0.028977] ACPI: LAPIC_NMI (acpi_id[0x49] high edge lint[0x1])
[    0.028978] ACPI: LAPIC_NMI (acpi_id[0x4a] high edge lint[0x1])
[    0.028979] ACPI: LAPIC_NMI (acpi_id[0x4b] high edge lint[0x1])
[    0.028979] ACPI: LAPIC_NMI (acpi_id[0x4c] high edge lint[0x1])
[    0.028980] ACPI: LAPIC_NMI (acpi_id[0x4d] high edge lint[0x1])
[    0.028980] ACPI: LAPIC_NMI (acpi_id[0x4e] high edge lint[0x1])
[    0.028981] ACPI: LAPIC_NMI (acpi_id[0x4f] high edge lint[0x1])
[    0.028981] ACPI: LAPIC_NMI (acpi_id[0x50] high edge lint[0x1])
[    0.028982] ACPI: LAPIC_NMI (acpi_id[0x51] high edge lint[0x1])
[    0.028983] ACPI: LAPIC_NMI (acpi_id[0x52] high edge lint[0x1])
[    0.028983] ACPI: LAPIC_NMI (acpi_id[0x53] high edge lint[0x1])
[    0.028984] ACPI: LAPIC_NMI (acpi_id[0x54] high edge lint[0x1])
[    0.028984] ACPI: LAPIC_NMI (acpi_id[0x55] high edge lint[0x1])
[    0.028985] ACPI: LAPIC_NMI (acpi_id[0x56] high edge lint[0x1])
[    0.028986] ACPI: LAPIC_NMI (acpi_id[0x57] high edge lint[0x1])
[    0.028986] ACPI: LAPIC_NMI (acpi_id[0x58] high edge lint[0x1])
[    0.028987] ACPI: LAPIC_NMI (acpi_id[0x59] high edge lint[0x1])
[    0.028987] ACPI: LAPIC_NMI (acpi_id[0x5a] high edge lint[0x1])
[    0.028988] ACPI: LAPIC_NMI (acpi_id[0x5b] high edge lint[0x1])
[    0.028989] ACPI: LAPIC_NMI (acpi_id[0x5c] high edge lint[0x1])
[    0.028989] ACPI: LAPIC_NMI (acpi_id[0x5d] high edge lint[0x1])
[    0.028990] ACPI: LAPIC_NMI (acpi_id[0x5e] high edge lint[0x1])
[    0.028990] ACPI: LAPIC_NMI (acpi_id[0x5f] high edge lint[0x1])
[    0.028991] ACPI: LAPIC_NMI (acpi_id[0x60] high edge lint[0x1])
[    0.028991] ACPI: LAPIC_NMI (acpi_id[0x61] high edge lint[0x1])
[    0.028992] ACPI: LAPIC_NMI (acpi_id[0x62] high edge lint[0x1])
[    0.028993] ACPI: LAPIC_NMI (acpi_id[0x63] high edge lint[0x1])
[    0.028993] ACPI: LAPIC_NMI (acpi_id[0x64] high edge lint[0x1])
[    0.028994] ACPI: LAPIC_NMI (acpi_id[0x65] high edge lint[0x1])
[    0.028994] ACPI: LAPIC_NMI (acpi_id[0x66] high edge lint[0x1])
[    0.028995] ACPI: LAPIC_NMI (acpi_id[0x67] high edge lint[0x1])
[    0.028996] ACPI: LAPIC_NMI (acpi_id[0x68] high edge lint[0x1])
[    0.028996] ACPI: LAPIC_NMI (acpi_id[0x69] high edge lint[0x1])
[    0.028997] ACPI: LAPIC_NMI (acpi_id[0x6a] high edge lint[0x1])
[    0.028997] ACPI: LAPIC_NMI (acpi_id[0x6b] high edge lint[0x1])
[    0.028998] ACPI: LAPIC_NMI (acpi_id[0x6c] high edge lint[0x1])
[    0.028999] ACPI: LAPIC_NMI (acpi_id[0x6d] high edge lint[0x1])
[    0.028999] ACPI: LAPIC_NMI (acpi_id[0x6e] high edge lint[0x1])
[    0.029000] ACPI: LAPIC_NMI (acpi_id[0x6f] high edge lint[0x1])
[    0.029000] ACPI: LAPIC_NMI (acpi_id[0x70] high edge lint[0x1])
[    0.029001] ACPI: LAPIC_NMI (acpi_id[0x71] high edge lint[0x1])
[    0.029002] ACPI: LAPIC_NMI (acpi_id[0x72] high edge lint[0x1])
[    0.029002] ACPI: LAPIC_NMI (acpi_id[0x73] high edge lint[0x1])
[    0.029003] ACPI: LAPIC_NMI (acpi_id[0x74] high edge lint[0x1])
[    0.029003] ACPI: LAPIC_NMI (acpi_id[0x75] high edge lint[0x1])
[    0.029004] ACPI: LAPIC_NMI (acpi_id[0x76] high edge lint[0x1])
[    0.029004] ACPI: LAPIC_NMI (acpi_id[0x77] high edge lint[0x1])
[    0.029005] ACPI: LAPIC_NMI (acpi_id[0x78] high edge lint[0x1])
[    0.029006] ACPI: LAPIC_NMI (acpi_id[0x79] high edge lint[0x1])
[    0.029006] ACPI: LAPIC_NMI (acpi_id[0x7a] high edge lint[0x1])
[    0.029007] ACPI: LAPIC_NMI (acpi_id[0x7b] high edge lint[0x1])
[    0.029007] ACPI: LAPIC_NMI (acpi_id[0x7c] high edge lint[0x1])
[    0.029008] ACPI: LAPIC_NMI (acpi_id[0x7d] high edge lint[0x1])
[    0.029009] ACPI: LAPIC_NMI (acpi_id[0x7e] high edge lint[0x1])
[    0.029009] ACPI: LAPIC_NMI (acpi_id[0x7f] high edge lint[0x1])
[    0.029043] IOAPIC[0]: apic_id 1, version 32, address 0xfec00000, GSI 0-23
[    0.029048] ACPI: INT_SRC_OVR (bus 0 bus_irq 0 global_irq 2 high edge)
[    0.029051] ACPI: IRQ0 used by override.
[    0.029052] ACPI: IRQ9 used by override.
[    0.029055] Using ACPI (MADT) for SMP configuration information
[    0.029057] ACPI: HPET id: 0x8086af01 base: 0xfed00000
[    0.029061] TSC deadline timer available
[    0.029068] smpboot: Allowing 128 CPUs, 124 hotplug CPUs
[    0.029080] PM: hibernation: Registered nosave memory: [mem 0x00000000-0x00000fff]
[    0.029082] PM: hibernation: Registered nosave memory: [mem 0x0009e000-0x0009efff]
[    0.029083] PM: hibernation: Registered nosave memory: [mem 0x0009f000-0x0009ffff]
[    0.029083] PM: hibernation: Registered nosave memory: [mem 0x000a0000-0x000dbfff]
[    0.029084] PM: hibernation: Registered nosave memory: [mem 0x000dc000-0x000fffff]
[    0.029085] PM: hibernation: Registered nosave memory: [mem 0xbfed0000-0xbfefefff]
[    0.029085] PM: hibernation: Registered nosave memory: [mem 0xbfeff000-0xbfefffff]
[    0.029088] PM: hibernation: Registered nosave memory: [mem 0xc0000000-0xefffffff]
[    0.029089] PM: hibernation: Registered nosave memory: [mem 0xf0000000-0xf7ffffff]
[    0.029089] PM: hibernation: Registered nosave memory: [mem 0xf8000000-0xfebfffff]
[    0.029090] PM: hibernation: Registered nosave memory: [mem 0xfec00000-0xfec0ffff]
[    0.029090] PM: hibernation: Registered nosave memory: [mem 0xfec10000-0xfedfffff]
[    0.029091] PM: hibernation: Registered nosave memory: [mem 0xfee00000-0xfee00fff]
[    0.029091] PM: hibernation: Registered nosave memory: [mem 0xfee01000-0xfffdffff]
[    0.029092] PM: hibernation: Registered nosave memory: [mem 0xfffe0000-0xffffffff]
[    0.029093] [mem 0xc0000000-0xefffffff] available for PCI devices
[    0.029094] Booting paravirtualized kernel on VMware hypervisor
[    0.029096] clocksource: refined-jiffies: mask: 0xffffffff max_cycles: 0xffffffff, max_idle_ns: 7645519600211568 ns
[    0.029102] setup_percpu: NR_CPUS:8192 nr_cpumask_bits:128 nr_cpu_ids:128 nr_node_ids:1
[    0.057334] percpu: Embedded 65 pages/cpu s229376 r8192 d28672 u524288
[    0.057347] pcpu-alloc: s229376 r8192 d28672 u524288 alloc=1*2097152
[    0.057349] pcpu-alloc: [0] 000 001 002 003 [0] 004 005 006 007 
[    0.057354] pcpu-alloc: [0] 008 009 010 011 [0] 012 013 014 015 
[    0.057359] pcpu-alloc: [0] 016 017 018 019 [0] 020 021 022 023 
[    0.057363] pcpu-alloc: [0] 024 025 026 027 [0] 028 029 030 031 
[    0.057367] pcpu-alloc: [0] 032 033 034 035 [0] 036 037 038 039 
[    0.057371] pcpu-alloc: [0] 040 041 042 043 [0] 044 045 046 047 
[    0.057375] pcpu-alloc: [0] 048 049 050 051 [0] 052 053 054 055 
[    0.057379] pcpu-alloc: [0] 056 057 058 059 [0] 060 061 062 063 
[    0.057384] pcpu-alloc: [0] 064 065 066 067 [0] 068 069 070 071 
[    0.057388] pcpu-alloc: [0] 072 073 074 075 [0] 076 077 078 079 
[    0.057392] pcpu-alloc: [0] 080 081 082 083 [0] 084 085 086 087 
[    0.057396] pcpu-alloc: [0] 088 089 090 091 [0] 092 093 094 095 
[    0.057400] pcpu-alloc: [0] 096 097 098 099 [0] 100 101 102 103 
[    0.057404] pcpu-alloc: [0] 104 105 106 107 [0] 108 109 110 111 
[    0.057408] pcpu-alloc: [0] 112 113 114 115 [0] 116 117 118 119 
[    0.057412] pcpu-alloc: [0] 120 121 122 123 [0] 124 125 126 127 
[    0.057456] Built 1 zonelists, mobility grouping on.  Total pages: 1031888
[    0.057457] Policy zone: Normal
[    0.057459] Kernel command line: BOOT_IMAGE=/boot/vmlinuz-5.13.0-40-generic root=UUID=2aa6aa0b-4730-4c0d-b54f-57f2f2894b70 ro find_preseed=/preseed.cfg auto noprompt priority=critical locale=en_US quiet
[    0.057602] printk: log_buf_len individual max cpu contribution: 4096 bytes
[    0.057603] printk: log_buf_len total cpu_extra contributions: 520192 bytes
[    0.057604] printk: log_buf_len min size: 262144 bytes
[    0.060632] printk: log_buf_len: 1048576 bytes
[    0.060634] printk: early log buf free: 237152(90%)
[    0.061617] Dentry cache hash table entries: 524288 (order: 10, 4194304 bytes, linear)
[    0.062138] Inode-cache hash table entries: 262144 (order: 9, 2097152 bytes, linear)
[    0.064927] mem auto-init: stack:off, heap alloc:on, heap free:off
[    0.093545] Memory: 3915984K/4193716K available (16393K kernel code, 3512K rwdata, 10500K rodata, 2900K init, 5728K bss, 277472K reserved, 0K cma-reserved)
[    0.093551] random: get_random_u64 called from __kmem_cache_create+0x2d/0x440 with crng_init=0
[    0.093842] SLUB: HWalign=64, Order=0-3, MinObjects=0, CPUs=128, Nodes=1
[    0.093879] Kernel/User page tables isolation: enabled
[    0.094056] ftrace: allocating 49266 entries in 193 pages
[    0.106775] ftrace: allocated 193 pages with 3 groups
[    0.107371] rcu: Hierarchical RCU implementation.
[    0.107372] rcu: 	RCU restricting CPUs from NR_CPUS=8192 to nr_cpu_ids=128.
[    0.107374] 	Rude variant of Tasks RCU enabled.
[    0.107374] 	Tracing variant of Tasks RCU enabled.
[    0.107375] rcu: RCU calculated value of scheduler-enlistment delay is 25 jiffies.
[    0.107376] rcu: Adjusting geometry for rcu_fanout_leaf=16, nr_cpu_ids=128
[    0.110875] NR_IRQS: 524544, nr_irqs: 1448, preallocated irqs: 16
[    0.111269] random: crng done (trusting CPU's manufacturer)
[    0.113026] Console: colour VGA+ 80x25
[    0.113046] printk: console [tty0] enabled
[    0.113118] ACPI: Core revision 20210331
[    0.113530] clocksource: hpet: mask: 0xffffffff max_cycles: 0xffffffff, max_idle_ns: 133484882848 ns
[    0.113598] APIC: Switch to symmetric I/O mode setup
[    0.113854] x2apic enabled
[    0.114098] Switched APIC routing to physical x2apic.
[    0.115081] ..TIMER: vector=0x30 apic1=0 pin1=2 apic2=-1 pin2=-1
[    0.115104] clocksource: tsc-early: mask: 0xffffffffffffffff max_cycles: 0x29dc08e3e81, max_idle_ns: 440795344234 ns
[    0.115109] Calibrating delay loop (skipped) preset value.. 5808.00 BogoMIPS (lpj=11616012)
[    0.115112] pid_max: default: 131072 minimum: 1024
[    0.115181] LSM: Security Framework initializing
[    0.115193] Yama: becoming mindful.
[    0.115252] AppArmor: AppArmor initialized
[    0.115319] Mount-cache hash table entries: 8192 (order: 4, 65536 bytes, linear)
[    0.115336] Mountpoint-cache hash table entries: 8192 (order: 4, 65536 bytes, linear)
[    0.115753] Disabled fast string operations
[    0.115819] Last level iTLB entries: 4KB 64, 2MB 8, 4MB 8
[    0.115821] Last level dTLB entries: 4KB 64, 2MB 0, 4MB 0, 1GB 4
[    0.115824] Spectre V1 : Mitigation: usercopy/swapgs barriers and __user pointer sanitization
[    0.115825] Spectre V2 : Mitigation: Retpolines
[    0.115826] Spectre V2 : Spectre v2 / SpectreRSB mitigation: Filling RSB on context switch
[    0.115826] Spectre V2 : Enabling Restricted Speculation for firmware calls
[    0.115828] Spectre V2 : mitigation: Enabling conditional Indirect Branch Prediction Barrier
[    0.115829] Speculative Store Bypass: Mitigation: Speculative Store Bypass disabled via prctl and seccomp
[    0.115831] SRBDS: Unknown: Dependent on hypervisor status
[    0.115832] MDS: Mitigation: Clear CPU buffers
[    0.121077] Freeing SMP alternatives memory: 40K
[    0.123194] smpboot: CPU0: Intel(R) Core(TM) i7-7500U CPU @ 2.70GHz (family: 0x6, model: 0x8e, stepping: 0x9)
[    0.123467] Performance Events: Skylake events, core PMU driver.
[    0.123504] core: CPUID marked event: 'cpu cycles' unavailable
[    0.123505] core: CPUID marked event: 'instructions' unavailable
[    0.123505] core: CPUID marked event: 'bus cycles' unavailable
[    0.123506] core: CPUID marked event: 'cache references' unavailable
[    0.123506] core: CPUID marked event: 'cache misses' unavailable
[    0.123507] core: CPUID marked event: 'branch instructions' unavailable
[    0.123507] core: CPUID marked event: 'branch misses' unavailable
[    0.123508] ... version:                1
[    0.123509] ... bit width:              48
[    0.123510] ... generic registers:      4
[    0.123510] ... value mask:             0000ffffffffffff
[    0.123511] ... max period:             000000007fffffff
[    0.123512] ... fixed-purpose events:   0
[    0.123512] ... event mask:             000000000000000f
[    0.123643] rcu: Hierarchical SRCU implementation.
[    0.124169] NMI watchdog: Perf NMI watchdog permanently disabled
[    0.127328] smp: Bringing up secondary CPUs ...
[    0.127515] x86: Booting SMP configuration:
[    0.127516] .... node  #0, CPUs:          #1
[    0.007886] Disabled fast string operations
[    0.007886] smpboot: CPU 1 Converting physical 2 to logical package 1
[    0.007886] smpboot: CPU 1 Converting physical 0 to logical die 1
[    0.128380]    #2
[    0.007886] Disabled fast string operations
[    0.007886] smpboot: CPU 2 Converting physical 4 to logical package 2
[    0.007886] smpboot: CPU 2 Converting physical 0 to logical die 2
[    0.128380]    #3
[    0.007886] Disabled fast string operations
[    0.007886] smpboot: CPU 3 Converting physical 6 to logical package 3
[    0.007886] smpboot: CPU 3 Converting physical 0 to logical die 3
[    0.131162] smp: Brought up 1 node, 4 CPUs
[    0.131165] smpboot: Max logical packages: 128
[    0.131167] smpboot: Total of 4 processors activated (23232.02 BogoMIPS)
[    0.131656] devtmpfs: initialized
[    0.131656] x86/mm: Memory block size: 128MB
[    0.131656] PM: Registering ACPI NVS region [mem 0xbfeff000-0xbfefffff] (4096 bytes)
[    0.131656] clocksource: jiffies: mask: 0xffffffff max_cycles: 0xffffffff, max_idle_ns: 7645041785100000 ns
[    0.131760] futex hash table entries: 32768 (order: 9, 2097152 bytes, linear)
[    0.132134] pinctrl core: initialized pinctrl subsystem
[    0.132375] PM: RTC time: 02:34:02, date: 2022-04-22
[    0.132737] NET: Registered protocol family 16
[    0.133182] DMA: preallocated 512 KiB GFP_KERNEL pool for atomic allocations
[    0.133326] DMA: preallocated 512 KiB GFP_KERNEL|GFP_DMA pool for atomic allocations
[    0.133366] DMA: preallocated 512 KiB GFP_KERNEL|GFP_DMA32 pool for atomic allocations
[    0.133373] audit: initializing netlink subsys (disabled)
[    0.135113] audit: type=2000 audit(1650594842.020:1): state=initialized audit_enabled=0 res=1
[    0.135230] thermal_sys: Registered thermal governor 'fair_share'
[    0.135231] thermal_sys: Registered thermal governor 'bang_bang'
[    0.135232] thermal_sys: Registered thermal governor 'step_wise'
[    0.135232] thermal_sys: Registered thermal governor 'user_space'
[    0.135233] thermal_sys: Registered thermal governor 'power_allocator'
[    0.135237] EISA bus registered
[    0.135295] cpuidle: using governor ladder
[    0.135295] cpuidle: using governor menu
[    0.135295] Simple Boot Flag at 0x36 set to 0x80
[    0.135295] ACPI: bus type PCI registered
[    0.135295] acpiphp: ACPI Hot Plug PCI Controller Driver version: 0.5
[    0.135420] PCI: MMCONFIG for domain 0000 [bus 00-7f] at [mem 0xf0000000-0xf7ffffff] (base 0xf0000000)
[    0.135424] PCI: MMCONFIG at [mem 0xf0000000-0xf7ffffff] reserved in E820
[    0.135435] PCI: Using configuration type 1 for base access
[    0.136640] Kprobes globally optimized
[    0.136679] HugeTLB registered 1.00 GiB page size, pre-allocated 0 pages
[    0.136679] HugeTLB registered 2.00 MiB page size, pre-allocated 0 pages
[    0.147297] ACPI: Added _OSI(Module Device)
[    0.147299] ACPI: Added _OSI(Processor Device)
[    0.147300] ACPI: Added _OSI(3.0 _SCP Extensions)
[    0.147300] ACPI: Added _OSI(Processor Aggregator Device)
[    0.147301] ACPI: Added _OSI(Linux-Dell-Video)
[    0.147302] ACPI: Added _OSI(Linux-Lenovo-NV-HDMI-Audio)
[    0.147302] ACPI: Added _OSI(Linux-HPI-Hybrid-Graphics)
[    0.166020] ACPI: 1 ACPI AML tables successfully acquired and loaded
[    0.167679] ACPI: [Firmware Bug]: BIOS _OSI(Linux) query ignored
[    0.188604] ACPI: Interpreter enabled
[    0.188620] ACPI: (supports S0 S1 S4 S5)
[    0.188628] ACPI: Using IOAPIC for interrupt routing
[    0.188658] PCI: Using host bridge windows from ACPI; if necessary, use "pci=nocrs" and report a bug
[    0.190186] ACPI: Enabled 4 GPEs in block 00 to 0F
[    0.356781] ACPI: PCI Root Bridge [PCI0] (domain 0000 [bus 00-7f])
[    0.356789] acpi PNP0A03:00: _OSC: OS supports [ExtendedConfig ASPM ClockPM Segments MSI HPX-Type3]
[    0.356983] acpi PNP0A03:00: _OSC: platform does not support [AER LTR]
[    0.357199] acpi PNP0A03:00: _OSC: OS now controls [PCIeHotplug SHPCHotplug PME PCIeCapability]
[    0.359249] PCI host bridge to bus 0000:00
[    0.359252] pci_bus 0000:00: root bus resource [bus 00-7f]
[    0.359254] pci_bus 0000:00: root bus resource [io  0x0000-0x0cf7 window]
[    0.359255] pci_bus 0000:00: root bus resource [io  0x0d00-0xfeff window]
[    0.359256] pci_bus 0000:00: root bus resource [mem 0x000a0000-0x000bffff window]
[    0.359257] pci_bus 0000:00: root bus resource [mem 0x000d0000-0x000dbfff window]
[    0.359258] pci_bus 0000:00: root bus resource [mem 0xc0000000-0xfebfffff window]
[    0.359374] pci 0000:00:00.0: [8086:7190] type 00 class 0x060000
[    0.360298] pci 0000:00:01.0: [8086:7191] type 01 class 0x060400
[    0.362073] pci 0000:00:07.0: [8086:7110] type 00 class 0x060100
[    0.362888] pci 0000:00:07.1: [8086:7111] type 00 class 0x01018a
[    0.364543] pci 0000:00:07.1: reg 0x20: [io  0x1060-0x106f]
[    0.365350] pci 0000:00:07.1: legacy IDE quirk: reg 0x10: [io  0x01f0-0x01f7]
[    0.365353] pci 0000:00:07.1: legacy IDE quirk: reg 0x14: [io  0x03f6]
[    0.365354] pci 0000:00:07.1: legacy IDE quirk: reg 0x18: [io  0x0170-0x0177]
[    0.365355] pci 0000:00:07.1: legacy IDE quirk: reg 0x1c: [io  0x0376]
[    0.365640] pci 0000:00:07.3: [8086:7113] type 00 class 0x068000
[    0.367720] pci 0000:00:07.3: quirk: [io  0x1000-0x103f] claimed by PIIX4 ACPI
[    0.367733] pci 0000:00:07.3: quirk: [io  0x1040-0x104f] claimed by PIIX4 SMB
[    0.368137] pci 0000:00:07.7: [15ad:0740] type 00 class 0x088000
[    0.368869] pci 0000:00:07.7: reg 0x10: [io  0x1080-0x10bf]
[    0.369547] pci 0000:00:07.7: reg 0x14: [mem 0xfebfe000-0xfebfffff 64bit]
[    0.374286] pci 0000:00:0f.0: [15ad:0405] type 00 class 0x030000
[    0.375119] pci 0000:00:0f.0: reg 0x10: [io  0x1070-0x107f]
[    0.376152] pci 0000:00:0f.0: reg 0x14: [mem 0xe8000000-0xefffffff pref]
[    0.377184] pci 0000:00:0f.0: reg 0x18: [mem 0xfe000000-0xfe7fffff]
[    0.381387] pci 0000:00:0f.0: reg 0x30: [mem 0x00000000-0x00007fff pref]
[    0.381686] pci 0000:00:0f.0: Video device with shadowed ROM at [mem 0x000c0000-0x000dffff]
[    0.382417] pci 0000:00:10.0: [1000:0030] type 00 class 0x010000
[    0.383111] pci 0000:00:10.0: reg 0x10: [io  0x1400-0x14ff]
[    0.383837] pci 0000:00:10.0: reg 0x14: [mem 0xfeba0000-0xfebbffff 64bit]
[    0.384541] pci 0000:00:10.0: reg 0x1c: [mem 0xfebc0000-0xfebdffff 64bit]
[    0.386085] pci 0000:00:10.0: reg 0x30: [mem 0x00000000-0x00003fff pref]
[    0.386764] pci 0000:00:11.0: [15ad:0790] type 01 class 0x060401
[    0.388917] pci 0000:00:15.0: [15ad:07a0] type 01 class 0x060400
[    0.389838] pci 0000:00:15.0: PME# supported from D0 D3hot D3cold
[    0.390294] pci 0000:00:15.1: [15ad:07a0] type 01 class 0x060400
[    0.391213] pci 0000:00:15.1: PME# supported from D0 D3hot D3cold
[    0.391639] pci 0000:00:15.2: [15ad:07a0] type 01 class 0x060400
[    0.392580] pci 0000:00:15.2: PME# supported from D0 D3hot D3cold
[    0.393024] pci 0000:00:15.3: [15ad:07a0] type 01 class 0x060400
[    0.393932] pci 0000:00:15.3: PME# supported from D0 D3hot D3cold
[    0.394362] pci 0000:00:15.4: [15ad:07a0] type 01 class 0x060400
[    0.395270] pci 0000:00:15.4: PME# supported from D0 D3hot D3cold
[    0.395693] pci 0000:00:15.5: [15ad:07a0] type 01 class 0x060400
[    0.396609] pci 0000:00:15.5: PME# supported from D0 D3hot D3cold
[    0.397038] pci 0000:00:15.6: [15ad:07a0] type 01 class 0x060400
[    0.397959] pci 0000:00:15.6: PME# supported from D0 D3hot D3cold
[    0.398383] pci 0000:00:15.7: [15ad:07a0] type 01 class 0x060400
[    0.399311] pci 0000:00:15.7: PME# supported from D0 D3hot D3cold
[    0.399934] pci 0000:00:16.0: [15ad:07a0] type 01 class 0x060400
[    0.400839] pci 0000:00:16.0: PME# supported from D0 D3hot D3cold
[    0.401270] pci 0000:00:16.1: [15ad:07a0] type 01 class 0x060400
[    0.402182] pci 0000:00:16.1: PME# supported from D0 D3hot D3cold
[    0.402606] pci 0000:00:16.2: [15ad:07a0] type 01 class 0x060400
[    0.403515] pci 0000:00:16.2: PME# supported from D0 D3hot D3cold
[    0.403975] pci 0000:00:16.3: [15ad:07a0] type 01 class 0x060400
[    0.404880] pci 0000:00:16.3: PME# supported from D0 D3hot D3cold
[    0.405311] pci 0000:00:16.4: [15ad:07a0] type 01 class 0x060400
[    0.406239] pci 0000:00:16.4: PME# supported from D0 D3hot D3cold
[    0.406669] pci 0000:00:16.5: [15ad:07a0] type 01 class 0x060400
[    0.407600] pci 0000:00:16.5: PME# supported from D0 D3hot D3cold
[    0.408050] pci 0000:00:16.6: [15ad:07a0] type 01 class 0x060400
[    0.408966] pci 0000:00:16.6: PME# supported from D0 D3hot D3cold
[    0.409391] pci 0000:00:16.7: [15ad:07a0] type 01 class 0x060400
[    0.410320] pci 0000:00:16.7: PME# supported from D0 D3hot D3cold
[    0.410949] pci 0000:00:17.0: [15ad:07a0] type 01 class 0x060400
[    0.411865] pci 0000:00:17.0: PME# supported from D0 D3hot D3cold
[    0.412293] pci 0000:00:17.1: [15ad:07a0] type 01 class 0x060400
[    0.413205] pci 0000:00:17.1: PME# supported from D0 D3hot D3cold
[    0.413632] pci 0000:00:17.2: [15ad:07a0] type 01 class 0x060400
[    0.414541] pci 0000:00:17.2: PME# supported from D0 D3hot D3cold
[    0.414982] pci 0000:00:17.3: [15ad:07a0] type 01 class 0x060400
[    0.415894] pci 0000:00:17.3: PME# supported from D0 D3hot D3cold
[    0.416319] pci 0000:00:17.4: [15ad:07a0] type 01 class 0x060400
[    0.417233] pci 0000:00:17.4: PME# supported from D0 D3hot D3cold
[    0.417661] pci 0000:00:17.5: [15ad:07a0] type 01 class 0x060400
[    0.418569] pci 0000:00:17.5: PME# supported from D0 D3hot D3cold
[    0.419004] pci 0000:00:17.6: [15ad:07a0] type 01 class 0x060400
[    0.419907] pci 0000:00:17.6: PME# supported from D0 D3hot D3cold
[    0.420340] pci 0000:00:17.7: [15ad:07a0] type 01 class 0x060400
[    0.421253] pci 0000:00:17.7: PME# supported from D0 D3hot D3cold
[    0.421921] pci 0000:00:18.0: [15ad:07a0] type 01 class 0x060400
[    0.422873] pci 0000:00:18.0: PME# supported from D0 D3hot D3cold
[    0.423313] pci 0000:00:18.1: [15ad:07a0] type 01 class 0x060400
[    0.424222] pci 0000:00:18.1: PME# supported from D0 D3hot D3cold
[    0.424651] pci 0000:00:18.2: [15ad:07a0] type 01 class 0x060400
[    0.425566] pci 0000:00:18.2: PME# supported from D0 D3hot D3cold
[    0.426012] pci 0000:00:18.3: [15ad:07a0] type 01 class 0x060400
[    0.426926] pci 0000:00:18.3: PME# supported from D0 D3hot D3cold
[    0.427439] pci 0000:00:18.4: [15ad:07a0] type 01 class 0x060400
[    0.428362] pci 0000:00:18.4: PME# supported from D0 D3hot D3cold
[    0.428806] pci 0000:00:18.5: [15ad:07a0] type 01 class 0x060400
[    0.429712] pci 0000:00:18.5: PME# supported from D0 D3hot D3cold
[    0.430188] pci 0000:00:18.6: [15ad:07a0] type 01 class 0x060400
[    0.431102] pci 0000:00:18.6: PME# supported from D0 D3hot D3cold
[    0.431524] pci 0000:00:18.7: [15ad:07a0] type 01 class 0x060400
[    0.432438] pci 0000:00:18.7: PME# supported from D0 D3hot D3cold
[    0.434405] pci_bus 0000:01: extended config space not accessible
[    0.439107] pci 0000:00:01.0: PCI bridge to [bus 01]
[    0.439335] pci_bus 0000:02: extended config space not accessible
[    0.439506] acpiphp: Slot [32] registered
[    0.439534] acpiphp: Slot [33] registered
[    0.439554] acpiphp: Slot [34] registered
[    0.439574] acpiphp: Slot [35] registered
[    0.439593] acpiphp: Slot [36] registered
[    0.439612] acpiphp: Slot [37] registered
[    0.439631] acpiphp: Slot [38] registered
[    0.439652] acpiphp: Slot [39] registered
[    0.439670] acpiphp: Slot [40] registered
[    0.439689] acpiphp: Slot [41] registered
[    0.439707] acpiphp: Slot [42] registered
[    0.439726] acpiphp: Slot [43] registered
[    0.439744] acpiphp: Slot [44] registered
[    0.439765] acpiphp: Slot [45] registered
[    0.439784] acpiphp: Slot [46] registered
[    0.439803] acpiphp: Slot [47] registered
[    0.439821] acpiphp: Slot [48] registered
[    0.439839] acpiphp: Slot [49] registered
[    0.439858] acpiphp: Slot [50] registered
[    0.439876] acpiphp: Slot [51] registered
[    0.439897] acpiphp: Slot [52] registered
[    0.439916] acpiphp: Slot [53] registered
[    0.439935] acpiphp: Slot [54] registered
[    0.439953] acpiphp: Slot [55] registered
[    0.439972] acpiphp: Slot [56] registered
[    0.439990] acpiphp: Slot [57] registered
[    0.440011] acpiphp: Slot [58] registered
[    0.440030] acpiphp: Slot [59] registered
[    0.440048] acpiphp: Slot [60] registered
[    0.440067] acpiphp: Slot [61] registered
[    0.440086] acpiphp: Slot [62] registered
[    0.440104] acpiphp: Slot [63] registered
[    0.440180] pci 0000:02:00.0: [15ad:0774] type 00 class 0x0c0300
[    0.441747] pci 0000:02:00.0: reg 0x20: [io  0x2080-0x209f]
[    0.443244] pci 0000:02:01.0: [8086:100f] type 00 class 0x020000
[    0.443971] pci 0000:02:01.0: reg 0x10: [mem 0xfd5c0000-0xfd5dffff 64bit]
[    0.444690] pci 0000:02:01.0: reg 0x18: [mem 0xfdff0000-0xfdffffff 64bit]
[    0.445284] pci 0000:02:01.0: reg 0x20: [io  0x2000-0x203f]
[    0.446595] pci 0000:02:01.0: reg 0x30: [mem 0x00000000-0x0000ffff pref]
[    0.446935] pci 0000:02:01.0: PME# supported from D0 D3hot D3cold
[    0.447630] pci 0000:02:02.0: [1274:1371] type 00 class 0x040100
[    0.447993] pci 0000:02:02.0: reg 0x10: [io  0x2040-0x207f]
[    0.450782] pci 0000:02:03.0: [15ad:0770] type 00 class 0x0c0320
[    0.451112] pci 0000:02:03.0: reg 0x10: [mem 0xfd5ef000-0xfd5effff]
[    0.455143] pci 0000:02:04.0: [15ad:07e0] type 00 class 0x010601
[    0.458312] pci 0000:02:04.0: reg 0x24: [mem 0xfd5ee000-0xfd5eefff]
[    0.458726] pci 0000:02:04.0: reg 0x30: [mem 0x00000000-0x0000ffff pref]
[    0.459141] pci 0000:02:04.0: PME# supported from D3hot
[    0.465280] pci 0000:00:11.0: PCI bridge to [bus 02] (subtractive decode)
[    0.465305] pci 0000:00:11.0:   bridge window [io  0x2000-0x3fff]
[    0.465340] pci 0000:00:11.0:   bridge window [mem 0xfd500000-0xfdffffff]
[    0.465389] pci 0000:00:11.0:   bridge window [mem 0xe7b00000-0xe7ffffff 64bit pref]
[    0.465392] pci 0000:00:11.0:   bridge window [io  0x0000-0x0cf7 window] (subtractive decode)
[    0.465394] pci 0000:00:11.0:   bridge window [io  0x0d00-0xfeff window] (subtractive decode)
[    0.465395] pci 0000:00:11.0:   bridge window [mem 0x000a0000-0x000bffff window] (subtractive decode)
[    0.465396] pci 0000:00:11.0:   bridge window [mem 0x000d0000-0x000dbfff window] (subtractive decode)
[    0.465398] pci 0000:00:11.0:   bridge window [mem 0xc0000000-0xfebfffff window] (subtractive decode)
[    0.471107] pci 0000:00:15.0: PCI bridge to [bus 03]
[    0.471120] pci 0000:00:15.0:   bridge window [io  0x4000-0x4fff]
[    0.471142] pci 0000:00:15.0:   bridge window [mem 0xfd400000-0xfd4fffff]
[    0.471183] pci 0000:00:15.0:   bridge window [mem 0xe7a00000-0xe7afffff 64bit pref]
[    0.476652] pci 0000:00:15.1: PCI bridge to [bus 04]
[    0.476677] pci 0000:00:15.1:   bridge window [io  0x8000-0x8fff]
[    0.476699] pci 0000:00:15.1:   bridge window [mem 0xfd000000-0xfd0fffff]
[    0.476741] pci 0000:00:15.1:   bridge window [mem 0xe7600000-0xe76fffff 64bit pref]
[    0.482098] pci 0000:00:15.2: PCI bridge to [bus 05]
[    0.482121] pci 0000:00:15.2:   bridge window [io  0xc000-0xcfff]
[    0.482143] pci 0000:00:15.2:   bridge window [mem 0xfcc00000-0xfccfffff]
[    0.482184] pci 0000:00:15.2:   bridge window [mem 0xe7200000-0xe72fffff 64bit pref]
[    0.487107] pci 0000:00:15.3: PCI bridge to [bus 06]
[    0.487140] pci 0000:00:15.3:   bridge window [mem 0xfc800000-0xfc8fffff]
[    0.487181] pci 0000:00:15.3:   bridge window [mem 0xe6e00000-0xe6efffff 64bit pref]
[    0.493068] pci 0000:00:15.4: PCI bridge to [bus 07]
[    0.493116] pci 0000:00:15.4:   bridge window [mem 0xfc400000-0xfc4fffff]
[    0.493158] pci 0000:00:15.4:   bridge window [mem 0xe6a00000-0xe6afffff 64bit pref]
[    0.499107] pci 0000:00:15.5: PCI bridge to [bus 08]
[    0.499142] pci 0000:00:15.5:   bridge window [mem 0xfc000000-0xfc0fffff]
[    0.499184] pci 0000:00:15.5:   bridge window [mem 0xe6600000-0xe66fffff 64bit pref]
[    0.505051] pci 0000:00:15.6: PCI bridge to [bus 09]
[    0.505099] pci 0000:00:15.6:   bridge window [mem 0xfbc00000-0xfbcfffff]
[    0.505140] pci 0000:00:15.6:   bridge window [mem 0xe6200000-0xe62fffff 64bit pref]
[    0.510546] pci 0000:00:15.7: PCI bridge to [bus 0a]
[    0.510592] pci 0000:00:15.7:   bridge window [mem 0xfb800000-0xfb8fffff]
[    0.510634] pci 0000:00:15.7:   bridge window [mem 0xe5e00000-0xe5efffff 64bit pref]
[    0.515107] pci 0000:00:16.0: PCI bridge to [bus 0b]
[    0.515119] pci 0000:00:16.0:   bridge window [io  0x5000-0x5fff]
[    0.515141] pci 0000:00:16.0:   bridge window [mem 0xfd300000-0xfd3fffff]
[    0.515182] pci 0000:00:16.0:   bridge window [mem 0xe7900000-0xe79fffff 64bit pref]
[    0.521527] pci 0000:00:16.1: PCI bridge to [bus 0c]
[    0.521551] pci 0000:00:16.1:   bridge window [io  0x9000-0x9fff]
[    0.521573] pci 0000:00:16.1:   bridge window [mem 0xfcf00000-0xfcffffff]
[    0.521614] pci 0000:00:16.1:   bridge window [mem 0xe7500000-0xe75fffff 64bit pref]
[    0.527002] pci 0000:00:16.2: PCI bridge to [bus 0d]
[    0.527026] pci 0000:00:16.2:   bridge window [io  0xd000-0xdfff]
[    0.527048] pci 0000:00:16.2:   bridge window [mem 0xfcb00000-0xfcbfffff]
[    0.527092] pci 0000:00:16.2:   bridge window [mem 0xe7100000-0xe71fffff 64bit pref]
[    0.532481] pci 0000:00:16.3: PCI bridge to [bus 0e]
[    0.532524] pci 0000:00:16.3:   bridge window [mem 0xfc700000-0xfc7fffff]
[    0.532565] pci 0000:00:16.3:   bridge window [mem 0xe6d00000-0xe6dfffff 64bit pref]
[    0.537935] pci 0000:00:16.4: PCI bridge to [bus 0f]
[    0.537979] pci 0000:00:16.4:   bridge window [mem 0xfc300000-0xfc3fffff]
[    0.538021] pci 0000:00:16.4:   bridge window [mem 0xe6900000-0xe69fffff 64bit pref]
[    0.543107] pci 0000:00:16.5: PCI bridge to [bus 10]
[    0.543140] pci 0000:00:16.5:   bridge window [mem 0xfbf00000-0xfbffffff]
[    0.543181] pci 0000:00:16.5:   bridge window [mem 0xe6500000-0xe65fffff 64bit pref]
[    0.548951] pci 0000:00:16.6: PCI bridge to [bus 11]
[    0.548998] pci 0000:00:16.6:   bridge window [mem 0xfbb00000-0xfbbfffff]
[    0.549040] pci 0000:00:16.6:   bridge window [mem 0xe6100000-0xe61fffff 64bit pref]
[    0.554455] pci 0000:00:16.7: PCI bridge to [bus 12]
[    0.554499] pci 0000:00:16.7:   bridge window [mem 0xfb700000-0xfb7fffff]
[    0.554540] pci 0000:00:16.7:   bridge window [mem 0xe5d00000-0xe5dfffff 64bit pref]
[    0.561048] pci 0000:00:17.0: PCI bridge to [bus 13]
[    0.561084] pci 0000:00:17.0:   bridge window [io  0x6000-0x6fff]
[    0.561107] pci 0000:00:17.0:   bridge window [mem 0xfd200000-0xfd2fffff]
[    0.561149] pci 0000:00:17.0:   bridge window [mem 0xe7800000-0xe78fffff 64bit pref]
[    0.566819] pci 0000:00:17.1: PCI bridge to [bus 14]
[    0.566849] pci 0000:00:17.1:   bridge window [io  0xa000-0xafff]
[    0.566871] pci 0000:00:17.1:   bridge window [mem 0xfce00000-0xfcefffff]
[    0.566913] pci 0000:00:17.1:   bridge window [mem 0xe7400000-0xe74fffff 64bit pref]
[    0.572429] pci 0000:00:17.2: PCI bridge to [bus 15]
[    0.572455] pci 0000:00:17.2:   bridge window [io  0xe000-0xefff]
[    0.572477] pci 0000:00:17.2:   bridge window [mem 0xfca00000-0xfcafffff]
[    0.572518] pci 0000:00:17.2:   bridge window [mem 0xe7000000-0xe70fffff 64bit pref]
[    0.577915] pci 0000:00:17.3: PCI bridge to [bus 16]
[    0.577970] pci 0000:00:17.3:   bridge window [mem 0xfc600000-0xfc6fffff]
[    0.578012] pci 0000:00:17.3:   bridge window [mem 0xe6c00000-0xe6cfffff 64bit pref]
[    0.583527] pci 0000:00:17.4: PCI bridge to [bus 17]
[    0.583576] pci 0000:00:17.4:   bridge window [mem 0xfc200000-0xfc2fffff]
[    0.583618] pci 0000:00:17.4:   bridge window [mem 0xe6800000-0xe68fffff 64bit pref]
[    0.589040] pci 0000:00:17.5: PCI bridge to [bus 18]
[    0.589096] pci 0000:00:17.5:   bridge window [mem 0xfbe00000-0xfbefffff]
[    0.589155] pci 0000:00:17.5:   bridge window [mem 0xe6400000-0xe64fffff 64bit pref]
[    0.594563] pci 0000:00:17.6: PCI bridge to [bus 19]
[    0.594608] pci 0000:00:17.6:   bridge window [mem 0xfba00000-0xfbafffff]
[    0.594649] pci 0000:00:17.6:   bridge window [mem 0xe6000000-0xe60fffff 64bit pref]
[    0.599107] pci 0000:00:17.7: PCI bridge to [bus 1a]
[    0.599139] pci 0000:00:17.7:   bridge window [mem 0xfb600000-0xfb6fffff]
[    0.599188] pci 0000:00:17.7:   bridge window [mem 0xe5c00000-0xe5cfffff 64bit pref]
[    0.605526] pci 0000:00:18.0: PCI bridge to [bus 1b]
[    0.605552] pci 0000:00:18.0:   bridge window [io  0x7000-0x7fff]
[    0.605574] pci 0000:00:18.0:   bridge window [mem 0xfd100000-0xfd1fffff]
[    0.605615] pci 0000:00:18.0:   bridge window [mem 0xe7700000-0xe77fffff 64bit pref]
[    0.611107] pci 0000:00:18.1: PCI bridge to [bus 1c]
[    0.611120] pci 0000:00:18.1:   bridge window [io  0xb000-0xbfff]
[    0.611142] pci 0000:00:18.1:   bridge window [mem 0xfcd00000-0xfcdfffff]
[    0.611183] pci 0000:00:18.1:   bridge window [mem 0xe7300000-0xe73fffff 64bit pref]
[    0.617421] pci 0000:00:18.2: PCI bridge to [bus 1d]
[    0.617464] pci 0000:00:18.2:   bridge window [mem 0xfc900000-0xfc9fffff]
[    0.617505] pci 0000:00:18.2:   bridge window [mem 0xe6f00000-0xe6ffffff 64bit pref]
[    0.622915] pci 0000:00:18.3: PCI bridge to [bus 1e]
[    0.622963] pci 0000:00:18.3:   bridge window [mem 0xfc500000-0xfc5fffff]
[    0.623005] pci 0000:00:18.3:   bridge window [mem 0xe6b00000-0xe6bfffff 64bit pref]
[    0.628400] pci 0000:00:18.4: PCI bridge to [bus 1f]
[    0.628442] pci 0000:00:18.4:   bridge window [mem 0xfc100000-0xfc1fffff]
[    0.628483] pci 0000:00:18.4:   bridge window [mem 0xe6700000-0xe67fffff 64bit pref]
[    0.633875] pci 0000:00:18.5: PCI bridge to [bus 20]
[    0.633923] pci 0000:00:18.5:   bridge window [mem 0xfbd00000-0xfbdfffff]
[    0.633965] pci 0000:00:18.5:   bridge window [mem 0xe6300000-0xe63fffff 64bit pref]
[    0.639107] pci 0000:00:18.6: PCI bridge to [bus 21]
[    0.639140] pci 0000:00:18.6:   bridge window [mem 0xfb900000-0xfb9fffff]
[    0.639182] pci 0000:00:18.6:   bridge window [mem 0xe5f00000-0xe5ffffff 64bit pref]
[    0.644956] pci 0000:00:18.7: PCI bridge to [bus 22]
[    0.645000] pci 0000:00:18.7:   bridge window [mem 0xfb500000-0xfb5fffff]
[    0.645041] pci 0000:00:18.7:   bridge window [mem 0xe5b00000-0xe5bfffff 64bit pref]
[    0.647767] ACPI: PCI: Interrupt link LNKA configured for IRQ 9
[    0.647855] ACPI: PCI: Interrupt link LNKB configured for IRQ 11
[    0.647939] ACPI: PCI: Interrupt link LNKC configured for IRQ 10
[    0.648059] ACPI: PCI: Interrupt link LNKD configured for IRQ 7
[    0.685441] iommu: Default domain type: Translated 
[    0.685441] SCSI subsystem initialized
[    0.685441] libata version 3.00 loaded.
[    0.685441] pci 0000:00:0f.0: vgaarb: setting as boot VGA device
[    0.685441] pci 0000:00:0f.0: vgaarb: VGA device added: decodes=io+mem,owns=io+mem,locks=none
[    0.685441] pci 0000:00:0f.0: vgaarb: bridge control possible
[    0.685441] vgaarb: loaded
[    0.685441] ACPI: bus type USB registered
[    0.685441] usbcore: registered new interface driver usbfs
[    0.685441] usbcore: registered new interface driver hub
[    0.685441] usbcore: registered new device driver usb
[    0.685441] pps_core: LinuxPPS API ver. 1 registered
[    0.685441] pps_core: Software ver. 5.3.6 - Copyright 2005-2007 Rodolfo Giometti <giometti@linux.it>
[    0.685441] PTP clock support registered
[    0.685441] EDAC MC: Ver: 3.0.0
[    0.688118] NetLabel: Initializing
[    0.688118] NetLabel:  domain hash size = 128
[    0.688118] NetLabel:  protocols = UNLABELED CIPSOv4 CALIPSO
[    0.688118] NetLabel:  unlabeled traffic allowed by default
[    0.688118] PCI: Using ACPI for IRQ routing
[    0.711712] PCI: pci_cache_line_size set to 64 bytes
[    0.712699] e820: reserve RAM buffer [mem 0x0009e800-0x0009ffff]
[    0.712702] e820: reserve RAM buffer [mem 0xbfed0000-0xbfffffff]
[    0.712720] hpet0: at MMIO 0xfed00000, IRQs 2, 8, 0, 0, 0, 0, 0, 0, 0, 0, 0, 0, 0, 0, 0, 0
[    0.712720] hpet0: 16 comparators, 64-bit 14.318180 MHz counter
[    0.715179] clocksource: Switched to clocksource tsc-early
[    0.731217] VFS: Disk quotas dquot_6.6.0
[    0.731252] VFS: Dquot-cache hash table entries: 512 (order 0, 4096 bytes)
[    0.731406] AppArmor: AppArmor Filesystem Enabled
[    0.731432] pnp: PnP ACPI init
[    0.731663] system 00:00: [io  0x1000-0x103f] has been reserved
[    0.731667] system 00:00: [io  0x1040-0x104f] has been reserved
[    0.731669] system 00:00: [io  0x0cf0-0x0cf1] has been reserved
[    0.731678] system 00:00: Plug and Play ACPI device, IDs PNP0c02 (active)
[    0.731723] pnp 00:01: Plug and Play ACPI device, IDs PNP0b00 (active)
[    0.731756] pnp 00:02: Plug and Play ACPI device, IDs PNP0303 (active)
[    0.731780] pnp 00:03: Plug and Play ACPI device, IDs VMW0003 PNP0f13 (active)
[    0.732013] system 00:04: [mem 0xfed00000-0xfed003ff] has been reserved
[    0.732019] system 00:04: Plug and Play ACPI device, IDs PNP0103 PNP0c01 (active)
[    0.733742] pnp 00:05: Plug and Play ACPI device, IDs PNP0501 (active)
[    0.734174] system 00:06: [io  0xfce0-0xfcff] has been reserved
[    0.734177] system 00:06: [mem 0xf0000000-0xf7ffffff] has been reserved
[    0.734179] system 00:06: [mem 0xfe800000-0xfe9fffff] has been reserved
[    0.734184] system 00:06: Plug and Play ACPI device, IDs PNP0c02 (active)
[    0.762510] pnp: PnP ACPI: found 7 devices
[    0.774912] clocksource: acpi_pm: mask: 0xffffff max_cycles: 0xffffff, max_idle_ns: 2085701024 ns
[    0.775013] NET: Registered protocol family 2
[    0.775414] IP idents hash table entries: 65536 (order: 7, 524288 bytes, linear)
[    0.779772] tcp_listen_portaddr_hash hash table entries: 2048 (order: 3, 32768 bytes, linear)
[    0.779911] TCP established hash table entries: 32768 (order: 6, 262144 bytes, linear)
[    0.780140] TCP bind hash table entries: 32768 (order: 7, 524288 bytes, linear)
[    0.780168] TCP: Hash tables configured (established 32768 bind 32768)
[    0.780630] MPTCP token hash table entries: 4096 (order: 4, 98304 bytes, linear)
[    0.780735] UDP hash table entries: 2048 (order: 4, 65536 bytes, linear)
[    0.780781] UDP-Lite hash table entries: 2048 (order: 4, 65536 bytes, linear)
[    0.781011] NET: Registered protocol family 1
[    0.781016] NET: Registered protocol family 44
[    0.781032] pci 0000:00:15.3: bridge window [io  0x1000-0x0fff] to [bus 06] add_size 1000
[    0.781035] pci 0000:00:15.4: bridge window [io  0x1000-0x0fff] to [bus 07] add_size 1000
[    0.781036] pci 0000:00:15.5: bridge window [io  0x1000-0x0fff] to [bus 08] add_size 1000
[    0.781037] pci 0000:00:15.6: bridge window [io  0x1000-0x0fff] to [bus 09] add_size 1000
[    0.781039] pci 0000:00:15.7: bridge window [io  0x1000-0x0fff] to [bus 0a] add_size 1000
[    0.781040] pci 0000:00:16.3: bridge window [io  0x1000-0x0fff] to [bus 0e] add_size 1000
[    0.781041] pci 0000:00:16.4: bridge window [io  0x1000-0x0fff] to [bus 0f] add_size 1000
[    0.781042] pci 0000:00:16.5: bridge window [io  0x1000-0x0fff] to [bus 10] add_size 1000
[    0.781044] pci 0000:00:16.6: bridge window [io  0x1000-0x0fff] to [bus 11] add_size 1000
[    0.781045] pci 0000:00:16.7: bridge window [io  0x1000-0x0fff] to [bus 12] add_size 1000
[    0.781046] pci 0000:00:17.3: bridge window [io  0x1000-0x0fff] to [bus 16] add_size 1000
[    0.781047] pci 0000:00:17.4: bridge window [io  0x1000-0x0fff] to [bus 17] add_size 1000
[    0.781049] pci 0000:00:17.5: bridge window [io  0x1000-0x0fff] to [bus 18] add_size 1000
[    0.781050] pci 0000:00:17.6: bridge window [io  0x1000-0x0fff] to [bus 19] add_size 1000
[    0.781051] pci 0000:00:17.7: bridge window [io  0x1000-0x0fff] to [bus 1a] add_size 1000
[    0.781052] pci 0000:00:18.2: bridge window [io  0x1000-0x0fff] to [bus 1d] add_size 1000
[    0.781053] pci 0000:00:18.3: bridge window [io  0x1000-0x0fff] to [bus 1e] add_size 1000
[    0.781054] pci 0000:00:18.4: bridge window [io  0x1000-0x0fff] to [bus 1f] add_size 1000
[    0.781056] pci 0000:00:18.5: bridge window [io  0x1000-0x0fff] to [bus 20] add_size 1000
[    0.781057] pci 0000:00:18.6: bridge window [io  0x1000-0x0fff] to [bus 21] add_size 1000
[    0.781058] pci 0000:00:18.7: bridge window [io  0x1000-0x0fff] to [bus 22] add_size 1000
[    0.781069] pci 0000:00:10.0: BAR 6: assigned [mem 0xc0000000-0xc0003fff pref]
[    0.781073] pci 0000:00:15.3: BAR 13: no space for [io  size 0x1000]
[    0.781074] pci 0000:00:15.3: BAR 13: failed to assign [io  size 0x1000]
[    0.781076] pci 0000:00:15.4: BAR 13: no space for [io  size 0x1000]
[    0.781077] pci 0000:00:15.4: BAR 13: failed to assign [io  size 0x1000]
[    0.781078] pci 0000:00:15.5: BAR 13: no space for [io  size 0x1000]
[    0.781079] pci 0000:00:15.5: BAR 13: failed to assign [io  size 0x1000]
[    0.781080] pci 0000:00:15.6: BAR 13: no space for [io  size 0x1000]
[    0.781081] pci 0000:00:15.6: BAR 13: failed to assign [io  size 0x1000]
[    0.781083] pci 0000:00:15.7: BAR 13: no space for [io  size 0x1000]
[    0.781083] pci 0000:00:15.7: BAR 13: failed to assign [io  size 0x1000]
[    0.781085] pci 0000:00:16.3: BAR 13: no space for [io  size 0x1000]
[    0.781085] pci 0000:00:16.3: BAR 13: failed to assign [io  size 0x1000]
[    0.781087] pci 0000:00:16.4: BAR 13: no space for [io  size 0x1000]
[    0.781088] pci 0000:00:16.4: BAR 13: failed to assign [io  size 0x1000]
[    0.781089] pci 0000:00:16.5: BAR 13: no space for [io  size 0x1000]
[    0.781090] pci 0000:00:16.5: BAR 13: failed to assign [io  size 0x1000]
[    0.781091] pci 0000:00:16.6: BAR 13: no space for [io  size 0x1000]
[    0.781092] pci 0000:00:16.6: BAR 13: failed to assign [io  size 0x1000]
[    0.781093] pci 0000:00:16.7: BAR 13: no space for [io  size 0x1000]
[    0.781094] pci 0000:00:16.7: BAR 13: failed to assign [io  size 0x1000]
[    0.781095] pci 0000:00:17.3: BAR 13: no space for [io  size 0x1000]
[    0.781096] pci 0000:00:17.3: BAR 13: failed to assign [io  size 0x1000]
[    0.781097] pci 0000:00:17.4: BAR 13: no space for [io  size 0x1000]
[    0.781098] pci 0000:00:17.4: BAR 13: failed to assign [io  size 0x1000]
[    0.781100] pci 0000:00:17.5: BAR 13: no space for [io  size 0x1000]
[    0.781100] pci 0000:00:17.5: BAR 13: failed to assign [io  size 0x1000]
[    0.781102] pci 0000:00:17.6: BAR 13: no space for [io  size 0x1000]
[    0.781103] pci 0000:00:17.6: BAR 13: failed to assign [io  size 0x1000]
[    0.781104] pci 0000:00:17.7: BAR 13: no space for [io  size 0x1000]
[    0.781105] pci 0000:00:17.7: BAR 13: failed to assign [io  size 0x1000]
[    0.781107] pci 0000:00:18.2: BAR 13: no space for [io  size 0x1000]
[    0.781107] pci 0000:00:18.2: BAR 13: failed to assign [io  size 0x1000]
[    0.781109] pci 0000:00:18.3: BAR 13: no space for [io  size 0x1000]
[    0.781110] pci 0000:00:18.3: BAR 13: failed to assign [io  size 0x1000]
[    0.781111] pci 0000:00:18.4: BAR 13: no space for [io  size 0x1000]
[    0.781112] pci 0000:00:18.4: BAR 13: failed to assign [io  size 0x1000]
[    0.781113] pci 0000:00:18.5: BAR 13: no space for [io  size 0x1000]
[    0.781114] pci 0000:00:18.5: BAR 13: failed to assign [io  size 0x1000]
[    0.781115] pci 0000:00:18.6: BAR 13: no space for [io  size 0x1000]
[    0.781116] pci 0000:00:18.6: BAR 13: failed to assign [io  size 0x1000]
[    0.781117] pci 0000:00:18.7: BAR 13: no space for [io  size 0x1000]
[    0.781118] pci 0000:00:18.7: BAR 13: failed to assign [io  size 0x1000]
[    0.781121] pci 0000:00:18.7: BAR 13: no space for [io  size 0x1000]
[    0.781122] pci 0000:00:18.7: BAR 13: failed to assign [io  size 0x1000]
[    0.781124] pci 0000:00:18.6: BAR 13: no space for [io  size 0x1000]
[    0.781124] pci 0000:00:18.6: BAR 13: failed to assign [io  size 0x1000]
[    0.781126] pci 0000:00:18.5: BAR 13: no space for [io  size 0x1000]
[    0.781127] pci 0000:00:18.5: BAR 13: failed to assign [io  size 0x1000]
[    0.781128] pci 0000:00:18.4: BAR 13: no space for [io  size 0x1000]
[    0.781129] pci 0000:00:18.4: BAR 13: failed to assign [io  size 0x1000]
[    0.781130] pci 0000:00:18.3: BAR 13: no space for [io  size 0x1000]
[    0.781131] pci 0000:00:18.3: BAR 13: failed to assign [io  size 0x1000]
[    0.781132] pci 0000:00:18.2: BAR 13: no space for [io  size 0x1000]
[    0.781133] pci 0000:00:18.2: BAR 13: failed to assign [io  size 0x1000]
[    0.781134] pci 0000:00:17.7: BAR 13: no space for [io  size 0x1000]
[    0.781135] pci 0000:00:17.7: BAR 13: failed to assign [io  size 0x1000]
[    0.781137] pci 0000:00:17.6: BAR 13: no space for [io  size 0x1000]
[    0.781137] pci 0000:00:17.6: BAR 13: failed to assign [io  size 0x1000]
[    0.781139] pci 0000:00:17.5: BAR 13: no space for [io  size 0x1000]
[    0.781140] pci 0000:00:17.5: BAR 13: failed to assign [io  size 0x1000]
[    0.781141] pci 0000:00:17.4: BAR 13: no space for [io  size 0x1000]
[    0.781142] pci 0000:00:17.4: BAR 13: failed to assign [io  size 0x1000]
[    0.781143] pci 0000:00:17.3: BAR 13: no space for [io  size 0x1000]
[    0.781144] pci 0000:00:17.3: BAR 13: failed to assign [io  size 0x1000]
[    0.781145] pci 0000:00:16.7: BAR 13: no space for [io  size 0x1000]
[    0.781146] pci 0000:00:16.7: BAR 13: failed to assign [io  size 0x1000]
[    0.781147] pci 0000:00:16.6: BAR 13: no space for [io  size 0x1000]
[    0.781148] pci 0000:00:16.6: BAR 13: failed to assign [io  size 0x1000]
[    0.781149] pci 0000:00:16.5: BAR 13: no space for [io  size 0x1000]
[    0.781150] pci 0000:00:16.5: BAR 13: failed to assign [io  size 0x1000]
[    0.781152] pci 0000:00:16.4: BAR 13: no space for [io  size 0x1000]
[    0.781152] pci 0000:00:16.4: BAR 13: failed to assign [io  size 0x1000]
[    0.781154] pci 0000:00:16.3: BAR 13: no space for [io  size 0x1000]
[    0.781155] pci 0000:00:16.3: BAR 13: failed to assign [io  size 0x1000]
[    0.781156] pci 0000:00:15.7: BAR 13: no space for [io  size 0x1000]
[    0.781157] pci 0000:00:15.7: BAR 13: failed to assign [io  size 0x1000]
[    0.781158] pci 0000:00:15.6: BAR 13: no space for [io  size 0x1000]
[    0.781159] pci 0000:00:15.6: BAR 13: failed to assign [io  size 0x1000]
[    0.781160] pci 0000:00:15.5: BAR 13: no space for [io  size 0x1000]
[    0.781161] pci 0000:00:15.5: BAR 13: failed to assign [io  size 0x1000]
[    0.781162] pci 0000:00:15.4: BAR 13: no space for [io  size 0x1000]
[    0.781163] pci 0000:00:15.4: BAR 13: failed to assign [io  size 0x1000]
[    0.781165] pci 0000:00:15.3: BAR 13: no space for [io  size 0x1000]
[    0.781165] pci 0000:00:15.3: BAR 13: failed to assign [io  size 0x1000]
[    0.781167] pci 0000:00:01.0: PCI bridge to [bus 01]
[    0.781298] pci 0000:02:01.0: BAR 6: assigned [mem 0xfd500000-0xfd50ffff pref]
[    0.781300] pci 0000:02:04.0: BAR 6: assigned [mem 0xfd510000-0xfd51ffff pref]
[    0.781302] pci 0000:00:11.0: PCI bridge to [bus 02]
[    0.781317] pci 0000:00:11.0:   bridge window [io  0x2000-0x3fff]
[    0.781357] pci 0000:00:11.0:   bridge window [mem 0xfd500000-0xfdffffff]
[    0.781379] pci 0000:00:11.0:   bridge window [mem 0xe7b00000-0xe7ffffff 64bit pref]
[    0.781420] pci 0000:00:15.0: PCI bridge to [bus 03]
[    0.781434] pci 0000:00:15.0:   bridge window [io  0x4000-0x4fff]
[    0.781465] pci 0000:00:15.0:   bridge window [mem 0xfd400000-0xfd4fffff]
[    0.781486] pci 0000:00:15.0:   bridge window [mem 0xe7a00000-0xe7afffff 64bit pref]
[    0.781565] pci 0000:00:15.1: PCI bridge to [bus 04]
[    0.781591] pci 0000:00:15.1:   bridge window [io  0x8000-0x8fff]
[    0.781625] pci 0000:00:15.1:   bridge window [mem 0xfd000000-0xfd0fffff]
[    0.781646] pci 0000:00:15.1:   bridge window [mem 0xe7600000-0xe76fffff 64bit pref]
[    0.781701] pci 0000:00:15.2: PCI bridge to [bus 05]
[    0.781714] pci 0000:00:15.2:   bridge window [io  0xc000-0xcfff]
[    0.781745] pci 0000:00:15.2:   bridge window [mem 0xfcc00000-0xfccfffff]
[    0.781766] pci 0000:00:15.2:   bridge window [mem 0xe7200000-0xe72fffff 64bit pref]
[    0.781819] pci 0000:00:15.3: PCI bridge to [bus 06]
[    0.781851] pci 0000:00:15.3:   bridge window [mem 0xfc800000-0xfc8fffff]
[    0.781873] pci 0000:00:15.3:   bridge window [mem 0xe6e00000-0xe6efffff 64bit pref]
[    0.781925] pci 0000:00:15.4: PCI bridge to [bus 07]
[    0.781959] pci 0000:00:15.4:   bridge window [mem 0xfc400000-0xfc4fffff]
[    0.781980] pci 0000:00:15.4:   bridge window [mem 0xe6a00000-0xe6afffff 64bit pref]
[    0.782032] pci 0000:00:15.5: PCI bridge to [bus 08]
[    0.782063] pci 0000:00:15.5:   bridge window [mem 0xfc000000-0xfc0fffff]
[    0.782085] pci 0000:00:15.5:   bridge window [mem 0xe6600000-0xe66fffff 64bit pref]
[    0.782136] pci 0000:00:15.6: PCI bridge to [bus 09]
[    0.782168] pci 0000:00:15.6:   bridge window [mem 0xfbc00000-0xfbcfffff]
[    0.782189] pci 0000:00:15.6:   bridge window [mem 0xe6200000-0xe62fffff 64bit pref]
[    0.782241] pci 0000:00:15.7: PCI bridge to [bus 0a]
[    0.782272] pci 0000:00:15.7:   bridge window [mem 0xfb800000-0xfb8fffff]
[    0.782294] pci 0000:00:15.7:   bridge window [mem 0xe5e00000-0xe5efffff 64bit pref]
[    0.782347] pci 0000:00:16.0: PCI bridge to [bus 0b]
[    0.782359] pci 0000:00:16.0:   bridge window [io  0x5000-0x5fff]
[    0.782390] pci 0000:00:16.0:   bridge window [mem 0xfd300000-0xfd3fffff]
[    0.782411] pci 0000:00:16.0:   bridge window [mem 0xe7900000-0xe79fffff 64bit pref]
[    0.782463] pci 0000:00:16.1: PCI bridge to [bus 0c]
[    0.782475] pci 0000:00:16.1:   bridge window [io  0x9000-0x9fff]
[    0.782506] pci 0000:00:16.1:   bridge window [mem 0xfcf00000-0xfcffffff]
[    0.782527] pci 0000:00:16.1:   bridge window [mem 0xe7500000-0xe75fffff 64bit pref]
[    0.782578] pci 0000:00:16.2: PCI bridge to [bus 0d]
[    0.782590] pci 0000:00:16.2:   bridge window [io  0xd000-0xdfff]
[    0.782621] pci 0000:00:16.2:   bridge window [mem 0xfcb00000-0xfcbfffff]
[    0.782642] pci 0000:00:16.2:   bridge window [mem 0xe7100000-0xe71fffff 64bit pref]
[    0.782695] pci 0000:00:16.3: PCI bridge to [bus 0e]
[    0.782726] pci 0000:00:16.3:   bridge window [mem 0xfc700000-0xfc7fffff]
[    0.782747] pci 0000:00:16.3:   bridge window [mem 0xe6d00000-0xe6dfffff 64bit pref]
[    0.782799] pci 0000:00:16.4: PCI bridge to [bus 0f]
[    0.782830] pci 0000:00:16.4:   bridge window [mem 0xfc300000-0xfc3fffff]
[    0.782851] pci 0000:00:16.4:   bridge window [mem 0xe6900000-0xe69fffff 64bit pref]
[    0.782903] pci 0000:00:16.5: PCI bridge to [bus 10]
[    0.782935] pci 0000:00:16.5:   bridge window [mem 0xfbf00000-0xfbffffff]
[    0.782956] pci 0000:00:16.5:   bridge window [mem 0xe6500000-0xe65fffff 64bit pref]
[    0.783009] pci 0000:00:16.6: PCI bridge to [bus 11]
[    0.783040] pci 0000:00:16.6:   bridge window [mem 0xfbb00000-0xfbbfffff]
[    0.783062] pci 0000:00:16.6:   bridge window [mem 0xe6100000-0xe61fffff 64bit pref]
[    0.783135] pci 0000:00:16.7: PCI bridge to [bus 12]
[    0.783167] pci 0000:00:16.7:   bridge window [mem 0xfb700000-0xfb7fffff]
[    0.783188] pci 0000:00:16.7:   bridge window [mem 0xe5d00000-0xe5dfffff 64bit pref]
[    0.783242] pci 0000:00:17.0: PCI bridge to [bus 13]
[    0.783254] pci 0000:00:17.0:   bridge window [io  0x6000-0x6fff]
[    0.783285] pci 0000:00:17.0:   bridge window [mem 0xfd200000-0xfd2fffff]
[    0.783306] pci 0000:00:17.0:   bridge window [mem 0xe7800000-0xe78fffff 64bit pref]
[    0.783358] pci 0000:00:17.1: PCI bridge to [bus 14]
[    0.783370] pci 0000:00:17.1:   bridge window [io  0xa000-0xafff]
[    0.783401] pci 0000:00:17.1:   bridge window [mem 0xfce00000-0xfcefffff]
[    0.783422] pci 0000:00:17.1:   bridge window [mem 0xe7400000-0xe74fffff 64bit pref]
[    0.783473] pci 0000:00:17.2: PCI bridge to [bus 15]
[    0.783485] pci 0000:00:17.2:   bridge window [io  0xe000-0xefff]
[    0.783516] pci 0000:00:17.2:   bridge window [mem 0xfca00000-0xfcafffff]
[    0.783538] pci 0000:00:17.2:   bridge window [mem 0xe7000000-0xe70fffff 64bit pref]
[    0.783589] pci 0000:00:17.3: PCI bridge to [bus 16]
[    0.783621] pci 0000:00:17.3:   bridge window [mem 0xfc600000-0xfc6fffff]
[    0.783642] pci 0000:00:17.3:   bridge window [mem 0xe6c00000-0xe6cfffff 64bit pref]
[    0.783693] pci 0000:00:17.4: PCI bridge to [bus 17]
[    0.783725] pci 0000:00:17.4:   bridge window [mem 0xfc200000-0xfc2fffff]
[    0.783746] pci 0000:00:17.4:   bridge window [mem 0xe6800000-0xe68fffff 64bit pref]
[    0.783798] pci 0000:00:17.5: PCI bridge to [bus 18]
[    0.783829] pci 0000:00:17.5:   bridge window [mem 0xfbe00000-0xfbefffff]
[    0.783850] pci 0000:00:17.5:   bridge window [mem 0xe6400000-0xe64fffff 64bit pref]
[    0.783903] pci 0000:00:17.6: PCI bridge to [bus 19]
[    0.783934] pci 0000:00:17.6:   bridge window [mem 0xfba00000-0xfbafffff]
[    0.783955] pci 0000:00:17.6:   bridge window [mem 0xe6000000-0xe60fffff 64bit pref]
[    0.784101] pci 0000:00:17.7: PCI bridge to [bus 1a]
[    0.784135] pci 0000:00:17.7:   bridge window [mem 0xfb600000-0xfb6fffff]
[    0.784156] pci 0000:00:17.7:   bridge window [mem 0xe5c00000-0xe5cfffff 64bit pref]
[    0.784209] pci 0000:00:18.0: PCI bridge to [bus 1b]
[    0.784222] pci 0000:00:18.0:   bridge window [io  0x7000-0x7fff]
[    0.784253] pci 0000:00:18.0:   bridge window [mem 0xfd100000-0xfd1fffff]
[    0.784274] pci 0000:00:18.0:   bridge window [mem 0xe7700000-0xe77fffff 64bit pref]
[    0.784325] pci 0000:00:18.1: PCI bridge to [bus 1c]
[    0.784338] pci 0000:00:18.1:   bridge window [io  0xb000-0xbfff]
[    0.784369] pci 0000:00:18.1:   bridge window [mem 0xfcd00000-0xfcdfffff]
[    0.784390] pci 0000:00:18.1:   bridge window [mem 0xe7300000-0xe73fffff 64bit pref]
[    0.784441] pci 0000:00:18.2: PCI bridge to [bus 1d]
[    0.784473] pci 0000:00:18.2:   bridge window [mem 0xfc900000-0xfc9fffff]
[    0.784494] pci 0000:00:18.2:   bridge window [mem 0xe6f00000-0xe6ffffff 64bit pref]
[    0.784546] pci 0000:00:18.3: PCI bridge to [bus 1e]
[    0.784577] pci 0000:00:18.3:   bridge window [mem 0xfc500000-0xfc5fffff]
[    0.784598] pci 0000:00:18.3:   bridge window [mem 0xe6b00000-0xe6bfffff 64bit pref]
[    0.784650] pci 0000:00:18.4: PCI bridge to [bus 1f]
[    0.784682] pci 0000:00:18.4:   bridge window [mem 0xfc100000-0xfc1fffff]
[    0.784703] pci 0000:00:18.4:   bridge window [mem 0xe6700000-0xe67fffff 64bit pref]
[    0.784754] pci 0000:00:18.5: PCI bridge to [bus 20]
[    0.784786] pci 0000:00:18.5:   bridge window [mem 0xfbd00000-0xfbdfffff]
[    0.784807] pci 0000:00:18.5:   bridge window [mem 0xe6300000-0xe63fffff 64bit pref]
[    0.784859] pci 0000:00:18.6: PCI bridge to [bus 21]
[    0.784890] pci 0000:00:18.6:   bridge window [mem 0xfb900000-0xfb9fffff]
[    0.784911] pci 0000:00:18.6:   bridge window [mem 0xe5f00000-0xe5ffffff 64bit pref]
[    0.784963] pci 0000:00:18.7: PCI bridge to [bus 22]
[    0.785026] pci 0000:00:18.7:   bridge window [mem 0xfb500000-0xfb5fffff]
[    0.785048] pci 0000:00:18.7:   bridge window [mem 0xe5b00000-0xe5bfffff 64bit pref]
[    0.785106] pci_bus 0000:00: resource 4 [io  0x0000-0x0cf7 window]
[    0.785107] pci_bus 0000:00: resource 5 [io  0x0d00-0xfeff window]
[    0.785108] pci_bus 0000:00: resource 6 [mem 0x000a0000-0x000bffff window]
[    0.785109] pci_bus 0000:00: resource 7 [mem 0x000d0000-0x000dbfff window]
[    0.785110] pci_bus 0000:00: resource 8 [mem 0xc0000000-0xfebfffff window]
[    0.785112] pci_bus 0000:02: resource 0 [io  0x2000-0x3fff]
[    0.785113] pci_bus 0000:02: resource 1 [mem 0xfd500000-0xfdffffff]
[    0.785113] pci_bus 0000:02: resource 2 [mem 0xe7b00000-0xe7ffffff 64bit pref]
[    0.785114] pci_bus 0000:02: resource 4 [io  0x0000-0x0cf7 window]
[    0.785115] pci_bus 0000:02: resource 5 [io  0x0d00-0xfeff window]
[    0.785116] pci_bus 0000:02: resource 6 [mem 0x000a0000-0x000bffff window]
[    0.785117] pci_bus 0000:02: resource 7 [mem 0x000d0000-0x000dbfff window]
[    0.785118] pci_bus 0000:02: resource 8 [mem 0xc0000000-0xfebfffff window]
[    0.785119] pci_bus 0000:03: resource 0 [io  0x4000-0x4fff]
[    0.785120] pci_bus 0000:03: resource 1 [mem 0xfd400000-0xfd4fffff]
[    0.785121] pci_bus 0000:03: resource 2 [mem 0xe7a00000-0xe7afffff 64bit pref]
[    0.785122] pci_bus 0000:04: resource 0 [io  0x8000-0x8fff]
[    0.785123] pci_bus 0000:04: resource 1 [mem 0xfd000000-0xfd0fffff]
[    0.785124] pci_bus 0000:04: resource 2 [mem 0xe7600000-0xe76fffff 64bit pref]
[    0.785125] pci_bus 0000:05: resource 0 [io  0xc000-0xcfff]
[    0.785125] pci_bus 0000:05: resource 1 [mem 0xfcc00000-0xfccfffff]
[    0.785126] pci_bus 0000:05: resource 2 [mem 0xe7200000-0xe72fffff 64bit pref]
[    0.785127] pci_bus 0000:06: resource 1 [mem 0xfc800000-0xfc8fffff]
[    0.785128] pci_bus 0000:06: resource 2 [mem 0xe6e00000-0xe6efffff 64bit pref]
[    0.785129] pci_bus 0000:07: resource 1 [mem 0xfc400000-0xfc4fffff]
[    0.785130] pci_bus 0000:07: resource 2 [mem 0xe6a00000-0xe6afffff 64bit pref]
[    0.785131] pci_bus 0000:08: resource 1 [mem 0xfc000000-0xfc0fffff]
[    0.785131] pci_bus 0000:08: resource 2 [mem 0xe6600000-0xe66fffff 64bit pref]
[    0.785132] pci_bus 0000:09: resource 1 [mem 0xfbc00000-0xfbcfffff]
[    0.785133] pci_bus 0000:09: resource 2 [mem 0xe6200000-0xe62fffff 64bit pref]
[    0.785134] pci_bus 0000:0a: resource 1 [mem 0xfb800000-0xfb8fffff]
[    0.785135] pci_bus 0000:0a: resource 2 [mem 0xe5e00000-0xe5efffff 64bit pref]
[    0.785136] pci_bus 0000:0b: resource 0 [io  0x5000-0x5fff]
[    0.785137] pci_bus 0000:0b: resource 1 [mem 0xfd300000-0xfd3fffff]
[    0.785138] pci_bus 0000:0b: resource 2 [mem 0xe7900000-0xe79fffff 64bit pref]
[    0.785138] pci_bus 0000:0c: resource 0 [io  0x9000-0x9fff]
[    0.785139] pci_bus 0000:0c: resource 1 [mem 0xfcf00000-0xfcffffff]
[    0.785140] pci_bus 0000:0c: resource 2 [mem 0xe7500000-0xe75fffff 64bit pref]
[    0.785141] pci_bus 0000:0d: resource 0 [io  0xd000-0xdfff]
[    0.785142] pci_bus 0000:0d: resource 1 [mem 0xfcb00000-0xfcbfffff]
[    0.785143] pci_bus 0000:0d: resource 2 [mem 0xe7100000-0xe71fffff 64bit pref]
[    0.785144] pci_bus 0000:0e: resource 1 [mem 0xfc700000-0xfc7fffff]
[    0.785144] pci_bus 0000:0e: resource 2 [mem 0xe6d00000-0xe6dfffff 64bit pref]
[    0.785145] pci_bus 0000:0f: resource 1 [mem 0xfc300000-0xfc3fffff]
[    0.785146] pci_bus 0000:0f: resource 2 [mem 0xe6900000-0xe69fffff 64bit pref]
[    0.785147] pci_bus 0000:10: resource 1 [mem 0xfbf00000-0xfbffffff]
[    0.785148] pci_bus 0000:10: resource 2 [mem 0xe6500000-0xe65fffff 64bit pref]
[    0.785149] pci_bus 0000:11: resource 1 [mem 0xfbb00000-0xfbbfffff]
[    0.785150] pci_bus 0000:11: resource 2 [mem 0xe6100000-0xe61fffff 64bit pref]
[    0.785151] pci_bus 0000:12: resource 1 [mem 0xfb700000-0xfb7fffff]
[    0.785151] pci_bus 0000:12: resource 2 [mem 0xe5d00000-0xe5dfffff 64bit pref]
[    0.785152] pci_bus 0000:13: resource 0 [io  0x6000-0x6fff]
[    0.785153] pci_bus 0000:13: resource 1 [mem 0xfd200000-0xfd2fffff]
[    0.785154] pci_bus 0000:13: resource 2 [mem 0xe7800000-0xe78fffff 64bit pref]
[    0.785155] pci_bus 0000:14: resource 0 [io  0xa000-0xafff]
[    0.785156] pci_bus 0000:14: resource 1 [mem 0xfce00000-0xfcefffff]
[    0.785157] pci_bus 0000:14: resource 2 [mem 0xe7400000-0xe74fffff 64bit pref]
[    0.785157] pci_bus 0000:15: resource 0 [io  0xe000-0xefff]
[    0.785158] pci_bus 0000:15: resource 1 [mem 0xfca00000-0xfcafffff]
[    0.785159] pci_bus 0000:15: resource 2 [mem 0xe7000000-0xe70fffff 64bit pref]
[    0.785160] pci_bus 0000:16: resource 1 [mem 0xfc600000-0xfc6fffff]
[    0.785161] pci_bus 0000:16: resource 2 [mem 0xe6c00000-0xe6cfffff 64bit pref]
[    0.785162] pci_bus 0000:17: resource 1 [mem 0xfc200000-0xfc2fffff]
[    0.785163] pci_bus 0000:17: resource 2 [mem 0xe6800000-0xe68fffff 64bit pref]
[    0.785163] pci_bus 0000:18: resource 1 [mem 0xfbe00000-0xfbefffff]
[    0.785164] pci_bus 0000:18: resource 2 [mem 0xe6400000-0xe64fffff 64bit pref]
[    0.785165] pci_bus 0000:19: resource 1 [mem 0xfba00000-0xfbafffff]
[    0.785166] pci_bus 0000:19: resource 2 [mem 0xe6000000-0xe60fffff 64bit pref]
[    0.785167] pci_bus 0000:1a: resource 1 [mem 0xfb600000-0xfb6fffff]
[    0.785168] pci_bus 0000:1a: resource 2 [mem 0xe5c00000-0xe5cfffff 64bit pref]
[    0.785169] pci_bus 0000:1b: resource 0 [io  0x7000-0x7fff]
[    0.785169] pci_bus 0000:1b: resource 1 [mem 0xfd100000-0xfd1fffff]
[    0.785170] pci_bus 0000:1b: resource 2 [mem 0xe7700000-0xe77fffff 64bit pref]
[    0.785171] pci_bus 0000:1c: resource 0 [io  0xb000-0xbfff]
[    0.785172] pci_bus 0000:1c: resource 1 [mem 0xfcd00000-0xfcdfffff]
[    0.785173] pci_bus 0000:1c: resource 2 [mem 0xe7300000-0xe73fffff 64bit pref]
[    0.785174] pci_bus 0000:1d: resource 1 [mem 0xfc900000-0xfc9fffff]
[    0.785175] pci_bus 0000:1d: resource 2 [mem 0xe6f00000-0xe6ffffff 64bit pref]
[    0.785176] pci_bus 0000:1e: resource 1 [mem 0xfc500000-0xfc5fffff]
[    0.785177] pci_bus 0000:1e: resource 2 [mem 0xe6b00000-0xe6bfffff 64bit pref]
[    0.785178] pci_bus 0000:1f: resource 1 [mem 0xfc100000-0xfc1fffff]
[    0.785178] pci_bus 0000:1f: resource 2 [mem 0xe6700000-0xe67fffff 64bit pref]
[    0.785179] pci_bus 0000:20: resource 1 [mem 0xfbd00000-0xfbdfffff]
[    0.785180] pci_bus 0000:20: resource 2 [mem 0xe6300000-0xe63fffff 64bit pref]
[    0.785181] pci_bus 0000:21: resource 1 [mem 0xfb900000-0xfb9fffff]
[    0.785182] pci_bus 0000:21: resource 2 [mem 0xe5f00000-0xe5ffffff 64bit pref]
[    0.785183] pci_bus 0000:22: resource 1 [mem 0xfb500000-0xfb5fffff]
[    0.785184] pci_bus 0000:22: resource 2 [mem 0xe5b00000-0xe5bfffff 64bit pref]
[    0.785365] pci 0000:00:00.0: Limiting direct PCI/PCI transfers
[    0.786695] pci 0000:02:01.0: CLS mismatch (32 != 64), using 64 bytes
[    0.787397] PCI-DMA: Using software bounce buffering for IO (SWIOTLB)
[    0.787398] software IO TLB: mapped [mem 0x00000000bbed0000-0x00000000bfed0000] (64MB)
[    0.787444] clocksource: tsc: mask: 0xffffffffffffffff max_cycles: 0x29dc08e3e81, max_idle_ns: 440795344234 ns
[    0.787512] clocksource: Switched to clocksource tsc
[    0.787575] Trying to unpack rootfs image as initramfs...
[    0.788797] Initialise system trusted keyrings
[    0.788805] Key type blacklist registered
[    0.788938] workingset: timestamp_bits=36 max_order=20 bucket_order=0
[    0.789984] zbud: loaded
[    0.790301] squashfs: version 4.0 (2009/01/31) Phillip Lougher
[    0.790575] fuse: init (API version 7.34)
[    0.790951] integrity: Platform Keyring initialized
[    0.797729] Key type asymmetric registered
[    0.797733] Asymmetric key parser 'x509' registered
[    0.797747] Block layer SCSI generic (bsg) driver version 0.4 loaded (major 243)
[    0.797925] io scheduler mq-deadline registered
[    0.800104] pcieport 0000:00:15.0: PME: Signaling with IRQ 24
[    0.800194] pcieport 0000:00:15.0: pciehp: Slot #160 AttnBtn+ PwrCtrl+ MRL- AttnInd- PwrInd- HotPlug+ Surprise- Interlock- NoCompl+ IbPresDis- LLActRep+
[    0.801545] pcieport 0000:00:15.1: PME: Signaling with IRQ 25
[    0.801664] pcieport 0000:00:15.1: pciehp: Slot #161 AttnBtn+ PwrCtrl+ MRL- AttnInd- PwrInd- HotPlug+ Surprise- Interlock- NoCompl+ IbPresDis- LLActRep+
[    0.802988] pcieport 0000:00:15.2: PME: Signaling with IRQ 26
[    0.803105] pcieport 0000:00:15.2: pciehp: Slot #162 AttnBtn+ PwrCtrl+ MRL- AttnInd- PwrInd- HotPlug+ Surprise- Interlock- NoCompl+ IbPresDis- LLActRep+
[    0.804492] pcieport 0000:00:15.3: PME: Signaling with IRQ 27
[    0.804629] pcieport 0000:00:15.3: pciehp: Slot #163 AttnBtn+ PwrCtrl+ MRL- AttnInd- PwrInd- HotPlug+ Surprise- Interlock- NoCompl+ IbPresDis- LLActRep+
[    0.805965] pcieport 0000:00:15.4: PME: Signaling with IRQ 28
[    0.806091] pcieport 0000:00:15.4: pciehp: Slot #164 AttnBtn+ PwrCtrl+ MRL- AttnInd- PwrInd- HotPlug+ Surprise- Interlock- NoCompl+ IbPresDis- LLActRep+
[    0.807425] pcieport 0000:00:15.5: PME: Signaling with IRQ 29
[    0.807539] pcieport 0000:00:15.5: pciehp: Slot #165 AttnBtn+ PwrCtrl+ MRL- AttnInd- PwrInd- HotPlug+ Surprise- Interlock- NoCompl+ IbPresDis- LLActRep+
[    0.808898] pcieport 0000:00:15.6: PME: Signaling with IRQ 30
[    0.809022] pcieport 0000:00:15.6: pciehp: Slot #166 AttnBtn+ PwrCtrl+ MRL- AttnInd- PwrInd- HotPlug+ Surprise- Interlock- NoCompl+ IbPresDis- LLActRep+
[    0.810332] pcieport 0000:00:15.7: PME: Signaling with IRQ 31
[    0.810443] pcieport 0000:00:15.7: pciehp: Slot #167 AttnBtn+ PwrCtrl+ MRL- AttnInd- PwrInd- HotPlug+ Surprise- Interlock- NoCompl+ IbPresDis- LLActRep+
[    0.811801] pcieport 0000:00:16.0: PME: Signaling with IRQ 32
[    0.811928] pcieport 0000:00:16.0: pciehp: Slot #192 AttnBtn+ PwrCtrl+ MRL- AttnInd- PwrInd- HotPlug+ Surprise- Interlock- NoCompl+ IbPresDis- LLActRep+
[    0.813260] pcieport 0000:00:16.1: PME: Signaling with IRQ 33
[    0.813380] pcieport 0000:00:16.1: pciehp: Slot #193 AttnBtn+ PwrCtrl+ MRL- AttnInd- PwrInd- HotPlug+ Surprise- Interlock- NoCompl+ IbPresDis- LLActRep+
[    0.814732] pcieport 0000:00:16.2: PME: Signaling with IRQ 34
[    0.814848] pcieport 0000:00:16.2: pciehp: Slot #194 AttnBtn+ PwrCtrl+ MRL- AttnInd- PwrInd- HotPlug+ Surprise- Interlock- NoCompl+ IbPresDis- LLActRep+
[    0.816205] pcieport 0000:00:16.3: PME: Signaling with IRQ 35
[    0.816317] pcieport 0000:00:16.3: pciehp: Slot #195 AttnBtn+ PwrCtrl+ MRL- AttnInd- PwrInd- HotPlug+ Surprise- Interlock- NoCompl+ IbPresDis- LLActRep+
[    0.817673] pcieport 0000:00:16.4: PME: Signaling with IRQ 36
[    0.817798] pcieport 0000:00:16.4: pciehp: Slot #196 AttnBtn+ PwrCtrl+ MRL- AttnInd- PwrInd- HotPlug+ Surprise- Interlock- NoCompl+ IbPresDis- LLActRep+
[    0.819189] pcieport 0000:00:16.5: PME: Signaling with IRQ 37
[    0.819307] pcieport 0000:00:16.5: pciehp: Slot #197 AttnBtn+ PwrCtrl+ MRL- AttnInd- PwrInd- HotPlug+ Surprise- Interlock- NoCompl+ IbPresDis- LLActRep+
[    0.820493] pcieport 0000:00:16.6: PME: Signaling with IRQ 38
[    0.820584] pcieport 0000:00:16.6: pciehp: Slot #198 AttnBtn+ PwrCtrl+ MRL- AttnInd- PwrInd- HotPlug+ Surprise- Interlock- NoCompl+ IbPresDis- LLActRep+
[    0.821666] pcieport 0000:00:16.7: PME: Signaling with IRQ 39
[    0.821770] pcieport 0000:00:16.7: pciehp: Slot #199 AttnBtn+ PwrCtrl+ MRL- AttnInd- PwrInd- HotPlug+ Surprise- Interlock- NoCompl+ IbPresDis- LLActRep+
[    0.822828] pcieport 0000:00:17.0: PME: Signaling with IRQ 40
[    0.822926] pcieport 0000:00:17.0: pciehp: Slot #224 AttnBtn+ PwrCtrl+ MRL- AttnInd- PwrInd- HotPlug+ Surprise- Interlock- NoCompl+ IbPresDis- LLActRep+
[    0.824046] pcieport 0000:00:17.1: PME: Signaling with IRQ 41
[    0.824135] pcieport 0000:00:17.1: pciehp: Slot #225 AttnBtn+ PwrCtrl+ MRL- AttnInd- PwrInd- HotPlug+ Surprise- Interlock- NoCompl+ IbPresDis- LLActRep+
[    0.825282] pcieport 0000:00:17.2: PME: Signaling with IRQ 42
[    0.825371] pcieport 0000:00:17.2: pciehp: Slot #226 AttnBtn+ PwrCtrl+ MRL- AttnInd- PwrInd- HotPlug+ Surprise- Interlock- NoCompl+ IbPresDis- LLActRep+
[    0.826477] pcieport 0000:00:17.3: PME: Signaling with IRQ 43
[    0.826569] pcieport 0000:00:17.3: pciehp: Slot #227 AttnBtn+ PwrCtrl+ MRL- AttnInd- PwrInd- HotPlug+ Surprise- Interlock- NoCompl+ IbPresDis- LLActRep+
[    0.827720] pcieport 0000:00:17.4: PME: Signaling with IRQ 44
[    0.827818] pcieport 0000:00:17.4: pciehp: Slot #228 AttnBtn+ PwrCtrl+ MRL- AttnInd- PwrInd- HotPlug+ Surprise- Interlock- NoCompl+ IbPresDis- LLActRep+
[    0.828996] pcieport 0000:00:17.5: PME: Signaling with IRQ 45
[    0.829085] pcieport 0000:00:17.5: pciehp: Slot #229 AttnBtn+ PwrCtrl+ MRL- AttnInd- PwrInd- HotPlug+ Surprise- Interlock- NoCompl+ IbPresDis- LLActRep+
[    0.830211] pcieport 0000:00:17.6: PME: Signaling with IRQ 46
[    0.830301] pcieport 0000:00:17.6: pciehp: Slot #230 AttnBtn+ PwrCtrl+ MRL- AttnInd- PwrInd- HotPlug+ Surprise- Interlock- NoCompl+ IbPresDis- LLActRep+
[    0.831440] pcieport 0000:00:17.7: PME: Signaling with IRQ 47
[    0.831545] pcieport 0000:00:17.7: pciehp: Slot #231 AttnBtn+ PwrCtrl+ MRL- AttnInd- PwrInd- HotPlug+ Surprise- Interlock- NoCompl+ IbPresDis- LLActRep+
[    0.832775] pcieport 0000:00:18.0: PME: Signaling with IRQ 48
[    0.832912] pcieport 0000:00:18.0: pciehp: Slot #256 AttnBtn+ PwrCtrl+ MRL- AttnInd- PwrInd- HotPlug+ Surprise- Interlock- NoCompl+ IbPresDis- LLActRep+
[    0.834079] pcieport 0000:00:18.1: PME: Signaling with IRQ 49
[    0.834193] pcieport 0000:00:18.1: pciehp: Slot #257 AttnBtn+ PwrCtrl+ MRL- AttnInd- PwrInd- HotPlug+ Surprise- Interlock- NoCompl+ IbPresDis- LLActRep+
[    0.835389] pcieport 0000:00:18.2: PME: Signaling with IRQ 50
[    0.835501] pcieport 0000:00:18.2: pciehp: Slot #258 AttnBtn+ PwrCtrl+ MRL- AttnInd- PwrInd- HotPlug+ Surprise- Interlock- NoCompl+ IbPresDis- LLActRep+
[    0.836661] pcieport 0000:00:18.3: PME: Signaling with IRQ 51
[    0.836749] pcieport 0000:00:18.3: pciehp: Slot #259 AttnBtn+ PwrCtrl+ MRL- AttnInd- PwrInd- HotPlug+ Surprise- Interlock- NoCompl+ IbPresDis- LLActRep+
[    0.837853] pcieport 0000:00:18.4: PME: Signaling with IRQ 52
[    0.837951] pcieport 0000:00:18.4: pciehp: Slot #260 AttnBtn+ PwrCtrl+ MRL- AttnInd- PwrInd- HotPlug+ Surprise- Interlock- NoCompl+ IbPresDis- LLActRep+
[    0.839166] pcieport 0000:00:18.5: PME: Signaling with IRQ 53
[    0.839258] pcieport 0000:00:18.5: pciehp: Slot #261 AttnBtn+ PwrCtrl+ MRL- AttnInd- PwrInd- HotPlug+ Surprise- Interlock- NoCompl+ IbPresDis- LLActRep+
[    0.840343] pcieport 0000:00:18.6: PME: Signaling with IRQ 54
[    0.840444] pcieport 0000:00:18.6: pciehp: Slot #262 AttnBtn+ PwrCtrl+ MRL- AttnInd- PwrInd- HotPlug+ Surprise- Interlock- NoCompl+ IbPresDis- LLActRep+
[    0.841517] pcieport 0000:00:18.7: PME: Signaling with IRQ 55
[    0.841605] pcieport 0000:00:18.7: pciehp: Slot #263 AttnBtn+ PwrCtrl+ MRL- AttnInd- PwrInd- HotPlug+ Surprise- Interlock- NoCompl+ IbPresDis- LLActRep+
[    0.842244] shpchp: Standard Hot Plug PCI Controller Driver version: 0.4
[    0.842698] ACPI: AC: AC Adapter [ACAD] (on-line)
[    0.842894] input: Power Button as /devices/LNXSYSTM:00/LNXPWRBN:00/input/input0
[    0.842957] ACPI: button: Power Button [PWRF]
[    0.843849] Serial: 8250/16550 driver, 32 ports, IRQ sharing enabled
[    0.867690] 00:05: ttyS0 at I/O 0x3f8 (irq = 4, base_baud = 115200) is a 16550A
[    0.917637] Linux agpgart interface v0.103
[    0.917762] agpgart-intel 0000:00:00.0: Intel 440BX Chipset
[    0.918590] agpgart-intel 0000:00:00.0: AGP aperture is 256M @ 0x0
[    0.987876] Freeing initrd memory: 57600K
[    1.063285] loop: module loaded
[    1.063501] ata_piix 0000:00:07.1: version 2.13
[    1.064608] scsi host0: ata_piix
[    1.065336] scsi host1: ata_piix
[    1.065391] ata1: PATA max UDMA/33 cmd 0x1f0 ctl 0x3f6 bmdma 0x1060 irq 14
[    1.065395] ata2: PATA max UDMA/33 cmd 0x170 ctl 0x376 bmdma 0x1068 irq 15
[    1.065640] tun: Universal TUN/TAP device driver, 1.6
[    1.065699] PPP generic driver version 2.4.2
[    1.065757] VFIO - User Level meta-driver version: 0.3
[    1.065958] ehci_hcd: USB 2.0 'Enhanced' Host Controller (EHCI) Driver
[    1.065964] ehci-pci: EHCI PCI platform driver
[    1.066764] ehci-pci 0000:02:03.0: EHCI Host Controller
[    1.066784] ehci-pci 0000:02:03.0: new USB bus registered, assigned bus number 1
[    1.067121] ehci-pci 0000:02:03.0: irq 17, io mem 0xfd5ef000
[    1.083951] ehci-pci 0000:02:03.0: USB 2.0 started, EHCI 1.00
[    1.084078] usb usb1: New USB device found, idVendor=1d6b, idProduct=0002, bcdDevice= 5.13
[    1.084083] usb usb1: New USB device strings: Mfr=3, Product=2, SerialNumber=1
[    1.084086] usb usb1: Product: EHCI Host Controller
[    1.084088] usb usb1: Manufacturer: Linux 5.13.0-40-generic ehci_hcd
[    1.084089] usb usb1: SerialNumber: 0000:02:03.0
[    1.084239] hub 1-0:1.0: USB hub found
[    1.084249] hub 1-0:1.0: 6 ports detected
[    1.084575] ehci-platform: EHCI generic platform driver
[    1.084595] ohci_hcd: USB 1.1 'Open' Host Controller (OHCI) Driver
[    1.084602] ohci-pci: OHCI PCI platform driver
[    1.084622] ohci-platform: OHCI generic platform driver
[    1.084630] uhci_hcd: USB Universal Host Controller Interface driver
[    1.085641] uhci_hcd 0000:02:00.0: UHCI Host Controller
[    1.085651] uhci_hcd 0000:02:00.0: new USB bus registered, assigned bus number 2
[    1.085740] uhci_hcd 0000:02:00.0: detected 2 ports
[    1.086043] uhci_hcd 0000:02:00.0: irq 18, io base 0x00002080
[    1.086269] usb usb2: New USB device found, idVendor=1d6b, idProduct=0001, bcdDevice= 5.13
[    1.086274] usb usb2: New USB device strings: Mfr=3, Product=2, SerialNumber=1
[    1.086276] usb usb2: Product: UHCI Host Controller
[    1.086278] usb usb2: Manufacturer: Linux 5.13.0-40-generic uhci_hcd
[    1.086280] usb usb2: SerialNumber: 0000:02:00.0
[    1.086402] hub 2-0:1.0: USB hub found
[    1.086409] hub 2-0:1.0: 2 ports detected
[    1.086758] i8042: PNP: PS/2 Controller [PNP0303:KBC,PNP0f13:MOUS] at 0x60,0x64 irq 1,12
[    1.088307] serio: i8042 KBD port at 0x60,0x64 irq 1
[    1.088321] serio: i8042 AUX port at 0x60,0x64 irq 12
[    1.088490] mousedev: PS/2 mouse device common for all mice
[    1.091569] rtc_cmos 00:01: registered as rtc0
[    1.092035] rtc_cmos 00:01: setting system clock to 2022-04-22T02:34:03 UTC (1650594843)
[    1.092144] rtc_cmos 00:01: alarms up to one month, y3k, 114 bytes nvram, hpet irqs
[    1.092162] i2c /dev entries driver
[    1.092258] device-mapper: uevent: version 1.0.3
[    1.092380] device-mapper: ioctl: 4.45.0-ioctl (2021-03-22) initialised: dm-devel@redhat.com
[    1.092531] input: AT Translated Set 2 keyboard as /devices/platform/i8042/serio0/input/input1
[    1.092665] platform eisa.0: Probing EISA bus 0
[    1.092676] platform eisa.0: EISA: Cannot allocate resource for mainboard
[    1.092678] platform eisa.0: Cannot allocate resource for EISA slot 1
[    1.092680] platform eisa.0: Cannot allocate resource for EISA slot 2
[    1.092682] platform eisa.0: Cannot allocate resource for EISA slot 3
[    1.092683] platform eisa.0: Cannot allocate resource for EISA slot 4
[    1.092685] platform eisa.0: Cannot allocate resource for EISA slot 5
[    1.092686] platform eisa.0: Cannot allocate resource for EISA slot 6
[    1.092688] platform eisa.0: Cannot allocate resource for EISA slot 7
[    1.092689] platform eisa.0: Cannot allocate resource for EISA slot 8
[    1.092690] platform eisa.0: EISA: Detected 0 cards
[    1.092693] intel_pstate: CPU model not supported
[    1.093487] ledtrig-cpu: registered to indicate activity on CPUs
[    1.093766] intel_pmc_core intel_pmc_core.0:  initialized
[    1.093896] drop_monitor: Initializing network drop monitor service
[    1.094161] NET: Registered protocol family 10
[    1.109909] Segment Routing with IPv6
[    1.109943] NET: Registered protocol family 17
[    1.110259] Key type dns_resolver registered
[    1.111048] IPI shorthand broadcast: enabled
[    1.111060] sched_clock: Marking stable (1107000171, 3886626)->(1151506064, -40619267)
[    1.111713] registered taskstats version 1
[    1.111726] Loading compiled-in X.509 certificates
[    1.113189] Loaded X.509 cert 'Build time autogenerated kernel key: 60d8ae168976e8da9176b1a7b39dd86a29d1fa2c'
[    1.113921] Loaded X.509 cert 'Canonical Ltd. Live Patch Signing: 14df34d1a87cf37625abec039ef2bf521249b969'
[    1.114591] Loaded X.509 cert 'Canonical Ltd. Kernel Module Signing: 88f752e560a1e0737e31163a466ad7b70a850c19'
[    1.114592] blacklist: Loading compiled-in revocation X.509 certificates
[    1.114610] Loaded X.509 cert 'Canonical Ltd. Secure Boot Signing: 61482aa2830d0ab2ad5af10b7250da9033ddcef0'
[    1.136827] zswap: loaded using pool lzo/zbud
[    1.137556] Key type ._fscrypt registered
[    1.137558] Key type .fscrypt registered
[    1.137558] Key type fscrypt-provisioning registered
[    1.142407] Key type encrypted registered
[    1.142412] AppArmor: AppArmor sha1 policy hashing enabled
[    1.142417] ima: No TPM chip found, activating TPM-bypass!
[    1.142420] Loading compiled-in module X.509 certificates
[    1.142902] Loaded X.509 cert 'Build time autogenerated kernel key: 60d8ae168976e8da9176b1a7b39dd86a29d1fa2c'
[    1.142906] ima: Allocated hash algorithm: sha1
[    1.142910] ima: No architecture policies found
[    1.142917] evm: Initialising EVM extended attributes:
[    1.142917] evm: security.selinux
[    1.142918] evm: security.SMACK64
[    1.142918] evm: security.SMACK64EXEC
[    1.142919] evm: security.SMACK64TRANSMUTE
[    1.142919] evm: security.SMACK64MMAP
[    1.142920] evm: security.apparmor
[    1.142920] evm: security.ima
[    1.142920] evm: security.capability
[    1.142921] evm: HMAC attrs: 0x1
[    1.143204] PM:   Magic number: 2:878:561
[    1.143296] acpi PNP0C80:13d: hash matches
[    1.143340] acpi device:143: hash matches
[    1.143931] RAS: Correctable Errors collector initialized.
[    1.251848] Freeing unused decrypted memory: 2036K
[    1.252349] Freeing unused kernel image (initmem) memory: 2900K
[    1.252450] Write protecting the kernel read-only data: 30720k
[    1.253231] Freeing unused kernel image (text/rodata gap) memory: 2036K
[    1.253803] Freeing unused kernel image (rodata/data gap) memory: 1788K
[    1.301638] x86/mm: Checked W+X mappings: passed, no W+X pages found.
[    1.301642] x86/mm: Checking user space page tables
[    1.344866] x86/mm: Checked W+X mappings: passed, no W+X pages found.
[    1.344873] Run /init as init process
[    1.344874]   with arguments:
[    1.344875]     /init
[    1.344876]     auto
[    1.344877]     noprompt
[    1.344877]   with environment:
[    1.344878]     HOME=/
[    1.344878]     TERM=linux
[    1.344879]     BOOT_IMAGE=/boot/vmlinuz-5.13.0-40-generic
[    1.344879]     find_preseed=/preseed.cfg
[    1.344880]     priority=critical
[    1.344880]     locale=en_US
[    1.423539] usb 2-1: new full-speed USB device number 2 using uhci_hcd
[    1.585925] usb 2-1: New USB device found, idVendor=0e0f, idProduct=0003, bcdDevice= 1.03
[    1.585931] usb 2-1: New USB device strings: Mfr=1, Product=2, SerialNumber=0
[    1.585933] usb 2-1: Product: VMware Virtual USB Mouse
[    1.585934] usb 2-1: Manufacturer: VMware
[    1.620359] ahci 0000:02:04.0: version 3.0
[    1.622013] ahci 0000:02:04.0: AHCI 0001.0300 32 slots 30 ports 6 Gbps 0x3fffffff impl SATA mode
[    1.622020] ahci 0000:02:04.0: flags: 64bit ncq clo only 
[    1.623240] e1000: Intel(R) PRO/1000 Network Driver
[    1.623243] e1000: Copyright (c) 1999-2006 Intel Corporation.
[    1.625753] Fusion MPT base driver 3.04.20
[    1.625757] Copyright (c) 1999-2008 LSI Corporation
[    1.629520] Fusion MPT SPI Host driver 3.04.20
[    1.630524] mptbase: ioc0: Initiating bringup
[    1.630870] piix4_smbus 0000:00:07.3: SMBus Host Controller not enabled!
[    1.631561] scsi host2: ahci
[    1.631902] scsi host3: ahci
[    1.632552] scsi host4: ahci
[    1.632919] scsi host5: ahci
[    1.633241] scsi host6: ahci
[    1.634228] scsi host7: ahci
[    1.634703] scsi host8: ahci
[    1.635966] scsi host9: ahci
[    1.636399] scsi host10: ahci
[    1.637191] scsi host11: ahci
[    1.637854] scsi host12: ahci
[    1.638227] scsi host13: ahci
[    1.638518] scsi host14: ahci
[    1.644383] scsi host15: ahci
[    1.644926] input: VirtualPS/2 VMware VMMouse as /devices/platform/i8042/serio1/input/input4
[    1.645491] input: VirtualPS/2 VMware VMMouse as /devices/platform/i8042/serio1/input/input3
[    1.646202] scsi host16: ahci
[    1.647909] scsi host17: ahci
[    1.648537] scsi host18: ahci
[    1.649225] scsi host19: ahci
[    1.649747] scsi host20: ahci
[    1.650304] scsi host21: ahci
[    1.650875] scsi host22: ahci
[    1.655228] scsi host23: ahci
[    1.655518] scsi host24: ahci
[    1.656223] scsi host25: ahci
[    1.656910] scsi host26: ahci
[    1.657596] scsi host27: ahci
[    1.658290] scsi host28: ahci
[    1.658937] scsi host29: ahci
[    1.659459] scsi host30: ahci
[    1.660122] scsi host31: ahci
[    1.660224] ata3: SATA max UDMA/133 abar m4096@0xfd5ee000 port 0xfd5ee100 irq 56
[    1.660228] ata4: SATA max UDMA/133 abar m4096@0xfd5ee000 port 0xfd5ee180 irq 56
[    1.660230] ata5: SATA max UDMA/133 abar m4096@0xfd5ee000 port 0xfd5ee200 irq 56
[    1.660231] ata6: SATA max UDMA/133 abar m4096@0xfd5ee000 port 0xfd5ee280 irq 56
[    1.660232] ata7: SATA max UDMA/133 abar m4096@0xfd5ee000 port 0xfd5ee300 irq 56
[    1.660234] ata8: SATA max UDMA/133 abar m4096@0xfd5ee000 port 0xfd5ee380 irq 56
[    1.660235] ata9: SATA max UDMA/133 abar m4096@0xfd5ee000 port 0xfd5ee400 irq 56
[    1.660236] ata10: SATA max UDMA/133 abar m4096@0xfd5ee000 port 0xfd5ee480 irq 56
[    1.660238] ata11: SATA max UDMA/133 abar m4096@0xfd5ee000 port 0xfd5ee500 irq 56
[    1.660240] ata12: SATA max UDMA/133 abar m4096@0xfd5ee000 port 0xfd5ee580 irq 56
[    1.660241] ata13: SATA max UDMA/133 abar m4096@0xfd5ee000 port 0xfd5ee600 irq 56
[    1.660243] ata14: SATA max UDMA/133 abar m4096@0xfd5ee000 port 0xfd5ee680 irq 56
[    1.660244] ata15: SATA max UDMA/133 abar m4096@0xfd5ee000 port 0xfd5ee700 irq 56
[    1.660245] ata16: SATA max UDMA/133 abar m4096@0xfd5ee000 port 0xfd5ee780 irq 56
[    1.660247] ata17: SATA max UDMA/133 abar m4096@0xfd5ee000 port 0xfd5ee800 irq 56
[    1.660249] ata18: SATA max UDMA/133 abar m4096@0xfd5ee000 port 0xfd5ee880 irq 56
