[    0.000000] Linux version 5.13.0-40-generic (buildd@ubuntu) (gcc (Ubuntu 9.4.0-1ubuntu1~20.04.1) 9.4.0, GNU ld (GNU Binutils for Ubuntu) 2.34) #45~20.04.1-Ubuntu SMP Mon Apr 4 09:38:31 UTC 2022 (Ubuntu 5.13.0-40.45~20.04.1-generic 5.13.19)
[    0.000000] Command line: BOOT_IMAGE=/boot/vmlinuz-5.13.0-40-generic root=UUID=2aa6aa0b-4730-4c0d-b54f-57f2f2894b70 ro find_preseed=/preseed.cfg auto noprompt priority=critical locale=en_US quiet
[    0.000000] KERNEL supported cpus:
[    0.000000]   Intel GenuineIntel
[    0.000000]   AMD AuthenticAMD
[    0.000000]   Hygon HygonGenuine
[    0.000000]   Centaur CentaurHauls
[    0.000000]   zhaoxin   Shanghai  
[    0.000000] Disabled fast string operations
[    0.000000] x86/fpu: Supporting XSAVE feature 0x001: 'x87 floating point registers'
[    0.000000] x86/fpu: Supporting XSAVE feature 0x002: 'SSE registers'
[    0.000000] x86/fpu: Supporting XSAVE feature 0x004: 'AVX registers'
[    0.000000] x86/fpu: xstate_offset[2]:  576, xstate_sizes[2]:  256
[    0.000000] x86/fpu: Enabled xstate features 0x7, context size is 832 bytes, using 'compacted' format.
[    0.000000] BIOS-provided physical RAM map:
[    0.000000] BIOS-e820: [mem 0x0000000000000000-0x000000000009e7ff] usable
[    0.000000] BIOS-e820: [mem 0x000000000009e800-0x000000000009ffff] reserved
[    0.000000] BIOS-e820: [mem 0x00000000000dc000-0x00000000000fffff] reserved
[    0.000000] BIOS-e820: [mem 0x0000000000100000-0x00000000bfecffff] usable
[    0.000000] BIOS-e820: [mem 0x00000000bfed0000-0x00000000bfefefff] ACPI data
[    0.000000] BIOS-e820: [mem 0x00000000bfeff000-0x00000000bfefffff] ACPI NVS
[    0.000000] BIOS-e820: [mem 0x00000000bff00000-0x00000000bfffffff] usable
[    0.000000] BIOS-e820: [mem 0x00000000f0000000-0x00000000f7ffffff] reserved
[    0.000000] BIOS-e820: [mem 0x00000000fec00000-0x00000000fec0ffff] reserved
[    0.000000] BIOS-e820: [mem 0x00000000fee00000-0x00000000fee00fff] reserved
[    0.000000] BIOS-e820: [mem 0x00000000fffe0000-0x00000000ffffffff] reserved
[    0.000000] BIOS-e820: [mem 0x0000000100000000-0x000000013fffffff] usable
[    0.000000] NX (Execute Disable) protection: active
[    0.000000] SMBIOS 2.7 present.
[    0.000000] DMI: VMware, Inc. VMware Virtual Platform/440BX Desktop Reference Platform, BIOS 6.00 11/12/2020
[    0.000000] vmware: hypercall mode: 0x02
[    0.000000] Hypervisor detected: VMware
[    0.000000] vmware: TSC freq read from hypervisor : 2904.003 MHz
[    0.000000] vmware: Host bus clock speed read from hypervisor : 66000000 Hz
[    0.000000] vmware: using clock offset of 109962546123 ns
[    0.000018] tsc: Detected 2904.003 MHz processor
[    0.001118] e820: update [mem 0x00000000-0x00000fff] usable ==> reserved
[    0.001122] e820: remove [mem 0x000a0000-0x000fffff] usable
[    0.001126] last_pfn = 0x140000 max_arch_pfn = 0x400000000
[    0.001151] x86/PAT: Configuration [0-7]: WB  WC  UC- UC  WB  WP  UC- WT  
[    0.001162] total RAM covered: 130048M
[    0.001430] Found optimal setting for mtrr clean up
[    0.001431]  gran_size: 64K 	chunk_size: 64K 	num_reg: 7  	lose cover RAM: 0G
[    0.001474] e820: update [mem 0xc0000000-0xffffffff] usable ==> reserved
[    0.001480] last_pfn = 0xc0000 max_arch_pfn = 0x400000000
[    0.009677] found SMP MP-table at [mem 0x000f6a70-0x000f6a7f]
[    0.009708] Using GB pages for direct mapping
[    0.009946] RAMDISK: [mem 0x30f6f000-0x347aefff]
[    0.009953] ACPI: Early table checksum verification disabled
[    0.009956] ACPI: RSDP 0x00000000000F6A00 000024 (v02 PTLTD )
[    0.009961] ACPI: XSDT 0x00000000BFEDC633 00005C (v01 INTEL  440BX    06040000 VMW  01324272)
[    0.009967] ACPI: FACP 0x00000000BFEFEE73 0000F4 (v04 INTEL  440BX    06040000 PTL  000F4240)
[    0.009973] ACPI: DSDT 0x00000000BFEDD9E8 02148B (v01 PTLTD  Custom   06040000 MSFT 03000001)
[    0.009980] ACPI: FACS 0x00000000BFEFFFC0 000040
[    0.009983] ACPI: FACS 0x00000000BFEFFFC0 000040
[    0.009986] ACPI: BOOT 0x00000000BFEDD9C0 000028 (v01 PTLTD  $SBFTBL$ 06040000  LTP 00000001)
[    0.009990] ACPI: APIC 0x00000000BFEDD27E 000742 (v01 PTLTD  ? APIC   06040000  LTP 00000000)
[    0.009993] ACPI: MCFG 0x00000000BFEDD242 00003C (v01 PTLTD  $PCITBL$ 06040000  LTP 00000001)
[    0.009996] ACPI: SRAT 0x00000000BFEDC72F 0008D0 (v02 VMWARE MEMPLUG  06040000 VMW  00000001)
[    0.010000] ACPI: HPET 0x00000000BFEDC6F7 000038 (v01 VMWARE VMW HPET 06040000 VMW  00000001)
[    0.010003] ACPI: WAET 0x00000000BFEDC6CF 000028 (v01 VMWARE VMW WAET 06040000 VMW  00000001)
[    0.010005] ACPI: Reserving FACP table memory at [mem 0xbfefee73-0xbfefef66]
[    0.010007] ACPI: Reserving DSDT table memory at [mem 0xbfedd9e8-0xbfefee72]
[    0.010008] ACPI: Reserving FACS table memory at [mem 0xbfefffc0-0xbfefffff]
[    0.010008] ACPI: Reserving FACS table memory at [mem 0xbfefffc0-0xbfefffff]
[    0.010009] ACPI: Reserving BOOT table memory at [mem 0xbfedd9c0-0xbfedd9e7]
[    0.010010] ACPI: Reserving APIC table memory at [mem 0xbfedd27e-0xbfedd9bf]
[    0.010010] ACPI: Reserving MCFG table memory at [mem 0xbfedd242-0xbfedd27d]
[    0.010011] ACPI: Reserving SRAT table memory at [mem 0xbfedc72f-0xbfedcffe]
[    0.010012] ACPI: Reserving HPET table memory at [mem 0xbfedc6f7-0xbfedc72e]
[    0.010012] ACPI: Reserving WAET table memory at [mem 0xbfedc6cf-0xbfedc6f6]
[    0.010042] ACPI: Local APIC address 0xfee00000
[    0.010056] system APIC only can use physical flat
[    0.010057] Setting APIC routing to physical flat.
[    0.010098] SRAT: PXM 0 -> APIC 0x00 -> Node 0
[    0.010099] SRAT: PXM 0 -> APIC 0x02 -> Node 0
[    0.010100] SRAT: PXM 0 -> APIC 0x04 -> Node 0
[    0.010100] SRAT: PXM 0 -> APIC 0x06 -> Node 0
[    0.010101] SRAT: PXM 0 -> APIC 0x08 -> Node 0
[    0.010101] SRAT: PXM 0 -> APIC 0x0a -> Node 0
[    0.010102] SRAT: PXM 0 -> APIC 0x0c -> Node 0
[    0.010103] SRAT: PXM 0 -> APIC 0x0e -> Node 0
[    0.010103] SRAT: PXM 0 -> APIC 0x10 -> Node 0
[    0.010104] SRAT: PXM 0 -> APIC 0x12 -> Node 0
[    0.010104] SRAT: PXM 0 -> APIC 0x14 -> Node 0
[    0.010105] SRAT: PXM 0 -> APIC 0x16 -> Node 0
[    0.010105] SRAT: PXM 0 -> APIC 0x18 -> Node 0
[    0.010106] SRAT: PXM 0 -> APIC 0x1a -> Node 0
[    0.010106] SRAT: PXM 0 -> APIC 0x1c -> Node 0
[    0.010107] SRAT: PXM 0 -> APIC 0x1e -> Node 0
[    0.010108] SRAT: PXM 0 -> APIC 0x20 -> Node 0
[    0.010108] SRAT: PXM 0 -> APIC 0x22 -> Node 0
[    0.010109] SRAT: PXM 0 -> APIC 0x24 -> Node 0
[    0.010109] SRAT: PXM 0 -> APIC 0x26 -> Node 0
[    0.010110] SRAT: PXM 0 -> APIC 0x28 -> Node 0
[    0.010110] SRAT: PXM 0 -> APIC 0x2a -> Node 0
[    0.010111] SRAT: PXM 0 -> APIC 0x2c -> Node 0
[    0.010111] SRAT: PXM 0 -> APIC 0x2e -> Node 0
[    0.010112] SRAT: PXM 0 -> APIC 0x30 -> Node 0
[    0.010112] SRAT: PXM 0 -> APIC 0x32 -> Node 0
[    0.010113] SRAT: PXM 0 -> APIC 0x34 -> Node 0
[    0.010113] SRAT: PXM 0 -> APIC 0x36 -> Node 0
[    0.010114] SRAT: PXM 0 -> APIC 0x38 -> Node 0
[    0.010114] SRAT: PXM 0 -> APIC 0x3a -> Node 0
[    0.010115] SRAT: PXM 0 -> APIC 0x3c -> Node 0
[    0.010116] SRAT: PXM 0 -> APIC 0x3e -> Node 0
[    0.010116] SRAT: PXM 0 -> APIC 0x40 -> Node 0
[    0.010117] SRAT: PXM 0 -> APIC 0x42 -> Node 0
[    0.010117] SRAT: PXM 0 -> APIC 0x44 -> Node 0
[    0.010118] SRAT: PXM 0 -> APIC 0x46 -> Node 0
[    0.010118] SRAT: PXM 0 -> APIC 0x48 -> Node 0
[    0.010119] SRAT: PXM 0 -> APIC 0x4a -> Node 0
[    0.010119] SRAT: PXM 0 -> APIC 0x4c -> Node 0
[    0.010120] SRAT: PXM 0 -> APIC 0x4e -> Node 0
[    0.010120] SRAT: PXM 0 -> APIC 0x50 -> Node 0
[    0.010121] SRAT: PXM 0 -> APIC 0x52 -> Node 0
[    0.010121] SRAT: PXM 0 -> APIC 0x54 -> Node 0
[    0.010122] SRAT: PXM 0 -> APIC 0x56 -> Node 0
[    0.010123] SRAT: PXM 0 -> APIC 0x58 -> Node 0
[    0.010123] SRAT: PXM 0 -> APIC 0x5a -> Node 0
[    0.010124] SRAT: PXM 0 -> APIC 0x5c -> Node 0
[    0.010124] SRAT: PXM 0 -> APIC 0x5e -> Node 0
[    0.010125] SRAT: PXM 0 -> APIC 0x60 -> Node 0
[    0.010125] SRAT: PXM 0 -> APIC 0x62 -> Node 0
[    0.010126] SRAT: PXM 0 -> APIC 0x64 -> Node 0
[    0.010126] SRAT: PXM 0 -> APIC 0x66 -> Node 0
[    0.010127] SRAT: PXM 0 -> APIC 0x68 -> Node 0
[    0.010127] SRAT: PXM 0 -> APIC 0x6a -> Node 0
[    0.010128] SRAT: PXM 0 -> APIC 0x6c -> Node 0
[    0.010128] SRAT: PXM 0 -> APIC 0x6e -> Node 0
[    0.010129] SRAT: PXM 0 -> APIC 0x70 -> Node 0
[    0.010130] SRAT: PXM 0 -> APIC 0x72 -> Node 0
[    0.010130] SRAT: PXM 0 -> APIC 0x74 -> Node 0
[    0.010131] SRAT: PXM 0 -> APIC 0x76 -> Node 0
[    0.010131] SRAT: PXM 0 -> APIC 0x78 -> Node 0
[    0.010132] SRAT: PXM 0 -> APIC 0x7a -> Node 0
[    0.010132] SRAT: PXM 0 -> APIC 0x7c -> Node 0
[    0.010133] SRAT: PXM 0 -> APIC 0x7e -> Node 0
[    0.010133] SRAT: PXM 0 -> APIC 0x80 -> Node 0
[    0.010134] SRAT: PXM 0 -> APIC 0x82 -> Node 0
[    0.010134] SRAT: PXM 0 -> APIC 0x84 -> Node 0
[    0.010135] SRAT: PXM 0 -> APIC 0x86 -> Node 0
[    0.010135] SRAT: PXM 0 -> APIC 0x88 -> Node 0
[    0.010136] SRAT: PXM 0 -> APIC 0x8a -> Node 0
[    0.010137] SRAT: PXM 0 -> APIC 0x8c -> Node 0
[    0.010137] SRAT: PXM 0 -> APIC 0x8e -> Node 0
[    0.010138] SRAT: PXM 0 -> APIC 0x90 -> Node 0
[    0.010138] SRAT: PXM 0 -> APIC 0x92 -> Node 0
[    0.010139] SRAT: PXM 0 -> APIC 0x94 -> Node 0
[    0.010139] SRAT: PXM 0 -> APIC 0x96 -> Node 0
[    0.010140] SRAT: PXM 0 -> APIC 0x98 -> Node 0
[    0.010140] SRAT: PXM 0 -> APIC 0x9a -> Node 0
[    0.010141] SRAT: PXM 0 -> APIC 0x9c -> Node 0
[    0.010141] SRAT: PXM 0 -> APIC 0x9e -> Node 0
[    0.010142] SRAT: PXM 0 -> APIC 0xa0 -> Node 0
[    0.010142] SRAT: PXM 0 -> APIC 0xa2 -> Node 0
[    0.010143] SRAT: PXM 0 -> APIC 0xa4 -> Node 0
[    0.010143] SRAT: PXM 0 -> APIC 0xa6 -> Node 0
[    0.010144] SRAT: PXM 0 -> APIC 0xa8 -> Node 0
[    0.010145] SRAT: PXM 0 -> APIC 0xaa -> Node 0
[    0.010145] SRAT: PXM 0 -> APIC 0xac -> Node 0
[    0.010146] SRAT: PXM 0 -> APIC 0xae -> Node 0
[    0.010146] SRAT: PXM 0 -> APIC 0xb0 -> Node 0
[    0.010147] SRAT: PXM 0 -> APIC 0xb2 -> Node 0
[    0.010147] SRAT: PXM 0 -> APIC 0xb4 -> Node 0
[    0.010148] SRAT: PXM 0 -> APIC 0xb6 -> Node 0
[    0.010148] SRAT: PXM 0 -> APIC 0xb8 -> Node 0
[    0.010149] SRAT: PXM 0 -> APIC 0xba -> Node 0
[    0.010149] SRAT: PXM 0 -> APIC 0xbc -> Node 0
[    0.010150] SRAT: PXM 0 -> APIC 0xbe -> Node 0
[    0.010150] SRAT: PXM 0 -> APIC 0xc0 -> Node 0
[    0.010151] SRAT: PXM 0 -> APIC 0xc2 -> Node 0
[    0.010152] SRAT: PXM 0 -> APIC 0xc4 -> Node 0
[    0.010152] SRAT: PXM 0 -> APIC 0xc6 -> Node 0
[    0.010153] SRAT: PXM 0 -> APIC 0xc8 -> Node 0
[    0.010153] SRAT: PXM 0 -> APIC 0xca -> Node 0
[    0.010154] SRAT: PXM 0 -> APIC 0xcc -> Node 0
[    0.010154] SRAT: PXM 0 -> APIC 0xce -> Node 0
[    0.010155] SRAT: PXM 0 -> APIC 0xd0 -> Node 0
[    0.010155] SRAT: PXM 0 -> APIC 0xd2 -> Node 0
[    0.010156] SRAT: PXM 0 -> APIC 0xd4 -> Node 0
[    0.010156] SRAT: PXM 0 -> APIC 0xd6 -> Node 0
[    0.010157] SRAT: PXM 0 -> APIC 0xd8 -> Node 0
[    0.010157] SRAT: PXM 0 -> APIC 0xda -> Node 0
[    0.010158] SRAT: PXM 0 -> APIC 0xdc -> Node 0
[    0.010159] SRAT: PXM 0 -> APIC 0xde -> Node 0
[    0.010159] SRAT: PXM 0 -> APIC 0xe0 -> Node 0
[    0.010160] SRAT: PXM 0 -> APIC 0xe2 -> Node 0
[    0.010160] SRAT: PXM 0 -> APIC 0xe4 -> Node 0
[    0.010161] SRAT: PXM 0 -> APIC 0xe6 -> Node 0
[    0.010161] SRAT: PXM 0 -> APIC 0xe8 -> Node 0
[    0.010162] SRAT: PXM 0 -> APIC 0xea -> Node 0
[    0.010162] SRAT: PXM 0 -> APIC 0xec -> Node 0
[    0.010163] SRAT: PXM 0 -> APIC 0xee -> Node 0
[    0.010163] SRAT: PXM 0 -> APIC 0xf0 -> Node 0
[    0.010164] SRAT: PXM 0 -> APIC 0xf2 -> Node 0
[    0.010164] SRAT: PXM 0 -> APIC 0xf4 -> Node 0
[    0.010165] SRAT: PXM 0 -> APIC 0xf6 -> Node 0
[    0.010166] SRAT: PXM 0 -> APIC 0xf8 -> Node 0
[    0.010166] SRAT: PXM 0 -> APIC 0xfa -> Node 0
[    0.010167] SRAT: PXM 0 -> APIC 0xfc -> Node 0
[    0.010167] SRAT: PXM 0 -> APIC 0xfe -> Node 0
[    0.010170] ACPI: SRAT: Node 0 PXM 0 [mem 0x00000000-0x0009ffff]
[    0.010172] ACPI: SRAT: Node 0 PXM 0 [mem 0x00100000-0xbfffffff]
[    0.010173] ACPI: SRAT: Node 0 PXM 0 [mem 0x100000000-0x13fffffff]
[    0.010174] ACPI: SRAT: Node 0 PXM 0 [mem 0x140000000-0x103fffffff] hotplug
[    0.010176] NUMA: Node 0 [mem 0x00000000-0x0009ffff] + [mem 0x00100000-0xbfffffff] -> [mem 0x00000000-0xbfffffff]
[    0.010178] NUMA: Node 0 [mem 0x00000000-0xbfffffff] + [mem 0x100000000-0x13fffffff] -> [mem 0x00000000-0x13fffffff]
[    0.010185] NODE_DATA(0) allocated [mem 0x13ffd4000-0x13fffdfff]
[    0.011186] Zone ranges:
[    0.011188]   DMA      [mem 0x0000000000001000-0x0000000000ffffff]
[    0.011189]   DMA32    [mem 0x0000000001000000-0x00000000ffffffff]
[    0.011191]   Normal   [mem 0x0000000100000000-0x000000013fffffff]
[    0.011192]   Device   empty
[    0.011193] Movable zone start for each node
[    0.011195] Early memory node ranges
[    0.011196]   node   0: [mem 0x0000000000001000-0x000000000009dfff]
[    0.011197]   node   0: [mem 0x0000000000100000-0x00000000bfecffff]
[    0.011198]   node   0: [mem 0x00000000bff00000-0x00000000bfffffff]
[    0.011199]   node   0: [mem 0x0000000100000000-0x000000013fffffff]
[    0.011200] Initmem setup node 0 [mem 0x0000000000001000-0x000000013fffffff]
[    0.011201] On node 0 totalpages: 1048429
[    0.011203]   DMA zone: 64 pages used for memmap
[    0.011203]   DMA zone: 157 pages reserved
[    0.011204]   DMA zone: 3997 pages, LIFO batch:0
[    0.011205]   DMA32 zone: 12224 pages used for memmap
[    0.011206]   DMA32 zone: 782288 pages, LIFO batch:63
[    0.011207]   Normal zone: 4096 pages used for memmap
[    0.011207]   Normal zone: 262144 pages, LIFO batch:63
[    0.011291] On node 0, zone DMA: 1 pages in unavailable ranges
[    0.012271] On node 0, zone DMA: 98 pages in unavailable ranges
[    0.223270] On node 0, zone DMA32: 48 pages in unavailable ranges
[    0.296546] ACPI: PM-Timer IO Port: 0x1008
[    0.296628] ACPI: Local APIC address 0xfee00000
[    0.296635] system APIC only can use physical flat
[    0.296651] ACPI: LAPIC_NMI (acpi_id[0x00] high edge lint[0x1])
[    0.296654] ACPI: LAPIC_NMI (acpi_id[0x01] high edge lint[0x1])
[    0.296655] ACPI: LAPIC_NMI (acpi_id[0x02] high edge lint[0x1])
[    0.296656] ACPI: LAPIC_NMI (acpi_id[0x03] high edge lint[0x1])
[    0.296657] ACPI: LAPIC_NMI (acpi_id[0x04] high edge lint[0x1])
[    0.296658] ACPI: LAPIC_NMI (acpi_id[0x05] high edge lint[0x1])
[    0.296659] ACPI: LAPIC_NMI (acpi_id[0x06] high edge lint[0x1])
[    0.296660] ACPI: LAPIC_NMI (acpi_id[0x07] high edge lint[0x1])
[    0.296661] ACPI: LAPIC_NMI (acpi_id[0x08] high edge lint[0x1])
[    0.296662] ACPI: LAPIC_NMI (acpi_id[0x09] high edge lint[0x1])
[    0.296664] ACPI: LAPIC_NMI (acpi_id[0x0a] high edge lint[0x1])
[    0.296666] ACPI: LAPIC_NMI (acpi_id[0x0b] high edge lint[0x1])
[    0.296668] ACPI: LAPIC_NMI (acpi_id[0x0c] high edge lint[0x1])
[    0.296668] ACPI: LAPIC_NMI (acpi_id[0x0d] high edge lint[0x1])
[    0.296669] ACPI: LAPIC_NMI (acpi_id[0x0e] high edge lint[0x1])
[    0.296670] ACPI: LAPIC_NMI (acpi_id[0x0f] high edge lint[0x1])
[    0.296670] ACPI: LAPIC_NMI (acpi_id[0x10] high edge lint[0x1])
[    0.296671] ACPI: LAPIC_NMI (acpi_id[0x11] high edge lint[0x1])
[    0.296672] ACPI: LAPIC_NMI (acpi_id[0x12] high edge lint[0x1])
[    0.296672] ACPI: LAPIC_NMI (acpi_id[0x13] high edge lint[0x1])
[    0.296673] ACPI: LAPIC_NMI (acpi_id[0x14] high edge lint[0x1])
[    0.296673] ACPI: LAPIC_NMI (acpi_id[0x15] high edge lint[0x1])
[    0.296674] ACPI: LAPIC_NMI (acpi_id[0x16] high edge lint[0x1])
[    0.296675] ACPI: LAPIC_NMI (acpi_id[0x17] high edge lint[0x1])
[    0.296675] ACPI: LAPIC_NMI (acpi_id[0x18] high edge lint[0x1])
[    0.296676] ACPI: LAPIC_NMI (acpi_id[0x19] high edge lint[0x1])
[    0.296676] ACPI: LAPIC_NMI (acpi_id[0x1a] high edge lint[0x1])
[    0.296677] ACPI: LAPIC_NMI (acpi_id[0x1b] high edge lint[0x1])
[    0.296678] ACPI: LAPIC_NMI (acpi_id[0x1c] high edge lint[0x1])
[    0.296678] ACPI: LAPIC_NMI (acpi_id[0x1d] high edge lint[0x1])
[    0.296679] ACPI: LAPIC_NMI (acpi_id[0x1e] high edge lint[0x1])
[    0.296679] ACPI: LAPIC_NMI (acpi_id[0x1f] high edge lint[0x1])
[    0.296680] ACPI: LAPIC_NMI (acpi_id[0x20] high edge lint[0x1])
[    0.296681] ACPI: LAPIC_NMI (acpi_id[0x21] high edge lint[0x1])
[    0.296681] ACPI: LAPIC_NMI (acpi_id[0x22] high edge lint[0x1])
[    0.296682] ACPI: LAPIC_NMI (acpi_id[0x23] high edge lint[0x1])
[    0.296682] ACPI: LAPIC_NMI (acpi_id[0x24] high edge lint[0x1])
[    0.296683] ACPI: LAPIC_NMI (acpi_id[0x25] high edge lint[0x1])
[    0.296683] ACPI: LAPIC_NMI (acpi_id[0x26] high edge lint[0x1])
[    0.296684] ACPI: LAPIC_NMI (acpi_id[0x27] high edge lint[0x1])
[    0.296685] ACPI: LAPIC_NMI (acpi_id[0x28] high edge lint[0x1])
[    0.296685] ACPI: LAPIC_NMI (acpi_id[0x29] high edge lint[0x1])
[    0.296686] ACPI: LAPIC_NMI (acpi_id[0x2a] high edge lint[0x1])
[    0.296686] ACPI: LAPIC_NMI (acpi_id[0x2b] high edge lint[0x1])
[    0.296687] ACPI: LAPIC_NMI (acpi_id[0x2c] high edge lint[0x1])
[    0.296688] ACPI: LAPIC_NMI (acpi_id[0x2d] high edge lint[0x1])
[    0.296688] ACPI: LAPIC_NMI (acpi_id[0x2e] high edge lint[0x1])
[    0.296689] ACPI: LAPIC_NMI (acpi_id[0x2f] high edge lint[0x1])
[    0.296689] ACPI: LAPIC_NMI (acpi_id[0x30] high edge lint[0x1])
[    0.296690] ACPI: LAPIC_NMI (acpi_id[0x31] high edge lint[0x1])
[    0.296691] ACPI: LAPIC_NMI (acpi_id[0x32] high edge lint[0x1])
[    0.296691] ACPI: LAPIC_NMI (acpi_id[0x33] high edge lint[0x1])
[    0.296692] ACPI: LAPIC_NMI (acpi_id[0x34] high edge lint[0x1])
[    0.296692] ACPI: LAPIC_NMI (acpi_id[0x35] high edge lint[0x1])
[    0.296693] ACPI: LAPIC_NMI (acpi_id[0x36] high edge lint[0x1])
[    0.296693] ACPI: LAPIC_NMI (acpi_id[0x37] high edge lint[0x1])
[    0.296694] ACPI: LAPIC_NMI (acpi_id[0x38] high edge lint[0x1])
[    0.296695] ACPI: LAPIC_NMI (acpi_id[0x39] high edge lint[0x1])
[    0.296695] ACPI: LAPIC_NMI (acpi_id[0x3a] high edge lint[0x1])
[    0.296696] ACPI: LAPIC_NMI (acpi_id[0x3b] high edge lint[0x1])
[    0.296696] ACPI: LAPIC_NMI (acpi_id[0x3c] high edge lint[0x1])
[    0.296697] ACPI: LAPIC_NMI (acpi_id[0x3d] high edge lint[0x1])
[    0.296698] ACPI: LAPIC_NMI (acpi_id[0x3e] high edge lint[0x1])
[    0.296698] ACPI: LAPIC_NMI (acpi_id[0x3f] high edge lint[0x1])
[    0.296699] ACPI: LAPIC_NMI (acpi_id[0x40] high edge lint[0x1])
[    0.296699] ACPI: LAPIC_NMI (acpi_id[0x41] high edge lint[0x1])
[    0.296700] ACPI: LAPIC_NMI (acpi_id[0x42] high edge lint[0x1])
[    0.296701] ACPI: LAPIC_NMI (acpi_id[0x43] high edge lint[0x1])
[    0.296701] ACPI: LAPIC_NMI (acpi_id[0x44] high edge lint[0x1])
[    0.296702] ACPI: LAPIC_NMI (acpi_id[0x45] high edge lint[0x1])
[    0.296702] ACPI: LAPIC_NMI (acpi_id[0x46] high edge lint[0x1])
[    0.296703] ACPI: LAPIC_NMI (acpi_id[0x47] high edge lint[0x1])
[    0.296703] ACPI: LAPIC_NMI (acpi_id[0x48] high edge lint[0x1])
[    0.296704] ACPI: LAPIC_NMI (acpi_id[0x49] high edge lint[0x1])
[    0.296705] ACPI: LAPIC_NMI (acpi_id[0x4a] high edge lint[0x1])
[    0.296705] ACPI: LAPIC_NMI (acpi_id[0x4b] high edge lint[0x1])
[    0.296706] ACPI: LAPIC_NMI (acpi_id[0x4c] high edge lint[0x1])
[    0.296706] ACPI: LAPIC_NMI (acpi_id[0x4d] high edge lint[0x1])
[    0.296707] ACPI: LAPIC_NMI (acpi_id[0x4e] high edge lint[0x1])
[    0.296708] ACPI: LAPIC_NMI (acpi_id[0x4f] high edge lint[0x1])
[    0.296708] ACPI: LAPIC_NMI (acpi_id[0x50] high edge lint[0x1])
[    0.296709] ACPI: LAPIC_NMI (acpi_id[0x51] high edge lint[0x1])
[    0.296709] ACPI: LAPIC_NMI (acpi_id[0x52] high edge lint[0x1])
[    0.296710] ACPI: LAPIC_NMI (acpi_id[0x53] high edge lint[0x1])
[    0.296711] ACPI: LAPIC_NMI (acpi_id[0x54] high edge lint[0x1])
[    0.296711] ACPI: LAPIC_NMI (acpi_id[0x55] high edge lint[0x1])
[    0.296712] ACPI: LAPIC_NMI (acpi_id[0x56] high edge lint[0x1])
[    0.296712] ACPI: LAPIC_NMI (acpi_id[0x57] high edge lint[0x1])
[    0.296713] ACPI: LAPIC_NMI (acpi_id[0x58] high edge lint[0x1])
[    0.296714] ACPI: LAPIC_NMI (acpi_id[0x59] high edge lint[0x1])
[    0.296714] ACPI: LAPIC_NMI (acpi_id[0x5a] high edge lint[0x1])
[    0.296715] ACPI: LAPIC_NMI (acpi_id[0x5b] high edge lint[0x1])
[    0.296715] ACPI: LAPIC_NMI (acpi_id[0x5c] high edge lint[0x1])
[    0.296716] ACPI: LAPIC_NMI (acpi_id[0x5d] high edge lint[0x1])
[    0.296716] ACPI: LAPIC_NMI (acpi_id[0x5e] high edge lint[0x1])
[    0.296717] ACPI: LAPIC_NMI (acpi_id[0x5f] high edge lint[0x1])
[    0.296718] ACPI: LAPIC_NMI (acpi_id[0x60] high edge lint[0x1])
[    0.296718] ACPI: LAPIC_NMI (acpi_id[0x61] high edge lint[0x1])
[    0.296719] ACPI: LAPIC_NMI (acpi_id[0x62] high edge lint[0x1])
[    0.296719] ACPI: LAPIC_NMI (acpi_id[0x63] high edge lint[0x1])
[    0.296720] ACPI: LAPIC_NMI (acpi_id[0x64] high edge lint[0x1])
[    0.296721] ACPI: LAPIC_NMI (acpi_id[0x65] high edge lint[0x1])
[    0.296721] ACPI: LAPIC_NMI (acpi_id[0x66] high edge lint[0x1])
[    0.296722] ACPI: LAPIC_NMI (acpi_id[0x67] high edge lint[0x1])
[    0.296722] ACPI: LAPIC_NMI (acpi_id[0x68] high edge lint[0x1])
[    0.296723] ACPI: LAPIC_NMI (acpi_id[0x69] high edge lint[0x1])
[    0.296724] ACPI: LAPIC_NMI (acpi_id[0x6a] high edge lint[0x1])
[    0.296724] ACPI: LAPIC_NMI (acpi_id[0x6b] high edge lint[0x1])
[    0.296725] ACPI: LAPIC_NMI (acpi_id[0x6c] high edge lint[0x1])
[    0.296725] ACPI: LAPIC_NMI (acpi_id[0x6d] high edge lint[0x1])
[    0.296726] ACPI: LAPIC_NMI (acpi_id[0x6e] high edge lint[0x1])
[    0.296726] ACPI: LAPIC_NMI (acpi_id[0x6f] high edge lint[0x1])
[    0.296727] ACPI: LAPIC_NMI (acpi_id[0x70] high edge lint[0x1])
[    0.296728] ACPI: LAPIC_NMI (acpi_id[0x71] high edge lint[0x1])
[    0.296728] ACPI: LAPIC_NMI (acpi_id[0x72] high edge lint[0x1])
[    0.296729] ACPI: LAPIC_NMI (acpi_id[0x73] high edge lint[0x1])
[    0.296729] ACPI: LAPIC_NMI (acpi_id[0x74] high edge lint[0x1])
[    0.296730] ACPI: LAPIC_NMI (acpi_id[0x75] high edge lint[0x1])
[    0.296731] ACPI: LAPIC_NMI (acpi_id[0x76] high edge lint[0x1])
[    0.296731] ACPI: LAPIC_NMI (acpi_id[0x77] high edge lint[0x1])
[    0.296732] ACPI: LAPIC_NMI (acpi_id[0x78] high edge lint[0x1])
[    0.296732] ACPI: LAPIC_NMI (acpi_id[0x79] high edge lint[0x1])
[    0.296733] ACPI: LAPIC_NMI (acpi_id[0x7a] high edge lint[0x1])
[    0.296734] ACPI: LAPIC_NMI (acpi_id[0x7b] high edge lint[0x1])
[    0.296734] ACPI: LAPIC_NMI (acpi_id[0x7c] high edge lint[0x1])
[    0.296735] ACPI: LAPIC_NMI (acpi_id[0x7d] high edge lint[0x1])
[    0.296735] ACPI: LAPIC_NMI (acpi_id[0x7e] high edge lint[0x1])
[    0.296736] ACPI: LAPIC_NMI (acpi_id[0x7f] high edge lint[0x1])
[    0.296776] IOAPIC[0]: apic_id 1, version 32, address 0xfec00000, GSI 0-23
[    0.296782] ACPI: INT_SRC_OVR (bus 0 bus_irq 0 global_irq 2 high edge)
[    0.296785] ACPI: IRQ0 used by override.
[    0.296786] ACPI: IRQ9 used by override.
[    0.296789] Using ACPI (MADT) for SMP configuration information
[    0.296790] ACPI: HPET id: 0x8086af01 base: 0xfed00000
[    0.296795] TSC deadline timer available
[    0.296802] smpboot: Allowing 128 CPUs, 124 hotplug CPUs
[    0.296815] PM: hibernation: Registered nosave memory: [mem 0x00000000-0x00000fff]
[    0.296816] PM: hibernation: Registered nosave memory: [mem 0x0009e000-0x0009efff]
[    0.296817] PM: hibernation: Registered nosave memory: [mem 0x0009f000-0x0009ffff]
[    0.296818] PM: hibernation: Registered nosave memory: [mem 0x000a0000-0x000dbfff]
[    0.296818] PM: hibernation: Registered nosave memory: [mem 0x000dc000-0x000fffff]
[    0.296820] PM: hibernation: Registered nosave memory: [mem 0xbfed0000-0xbfefefff]
[    0.296820] PM: hibernation: Registered nosave memory: [mem 0xbfeff000-0xbfefffff]
[    0.296883] PM: hibernation: Registered nosave memory: [mem 0xc0000000-0xefffffff]
[    0.296885] PM: hibernation: Registered nosave memory: [mem 0xf0000000-0xf7ffffff]
[    0.296885] PM: hibernation: Registered nosave memory: [mem 0xf8000000-0xfebfffff]
[    0.296886] PM: hibernation: Registered nosave memory: [mem 0xfec00000-0xfec0ffff]
[    0.296887] PM: hibernation: Registered nosave memory: [mem 0xfec10000-0xfedfffff]
[    0.296887] PM: hibernation: Registered nosave memory: [mem 0xfee00000-0xfee00fff]
[    0.296888] PM: hibernation: Registered nosave memory: [mem 0xfee01000-0xfffdffff]
[    0.296888] PM: hibernation: Registered nosave memory: [mem 0xfffe0000-0xffffffff]
[    0.296890] [mem 0xc0000000-0xefffffff] available for PCI devices
[    0.296891] Booting paravirtualized kernel on VMware hypervisor
[    0.296894] clocksource: refined-jiffies: mask: 0xffffffff max_cycles: 0xffffffff, max_idle_ns: 7645519600211568 ns
[    0.296900] setup_percpu: NR_CPUS:8192 nr_cpumask_bits:128 nr_cpu_ids:128 nr_node_ids:1
[    0.583009] percpu: Embedded 65 pages/cpu s229376 r8192 d28672 u524288
[    0.583024] pcpu-alloc: s229376 r8192 d28672 u524288 alloc=1*2097152
[    0.583026] pcpu-alloc: [0] 000 001 002 003 [0] 004 005 006 007 
[    0.583031] pcpu-alloc: [0] 008 009 010 011 [0] 012 013 014 015 
[    0.583036] pcpu-alloc: [0] 016 017 018 019 [0] 020 021 022 023 
[    0.583040] pcpu-alloc: [0] 024 025 026 027 [0] 028 029 030 031 
[    0.583044] pcpu-alloc: [0] 032 033 034 035 [0] 036 037 038 039 
[    0.583048] pcpu-alloc: [0] 040 041 042 043 [0] 044 045 046 047 
[    0.583052] pcpu-alloc: [0] 048 049 050 051 [0] 052 053 054 055 
[    0.583056] pcpu-alloc: [0] 056 057 058 059 [0] 060 061 062 063 
[    0.583060] pcpu-alloc: [0] 064 065 066 067 [0] 068 069 070 071 
[    0.583065] pcpu-alloc: [0] 072 073 074 075 [0] 076 077 078 079 
[    0.583069] pcpu-alloc: [0] 080 081 082 083 [0] 084 085 086 087 
[    0.583073] pcpu-alloc: [0] 088 089 090 091 [0] 092 093 094 095 
[    0.583077] pcpu-alloc: [0] 096 097 098 099 [0] 100 101 102 103 
[    0.583081] pcpu-alloc: [0] 104 105 106 107 [0] 108 109 110 111 
[    0.583086] pcpu-alloc: [0] 112 113 114 115 [0] 116 117 118 119 
[    0.583090] pcpu-alloc: [0] 120 121 122 123 [0] 124 125 126 127 
[    0.583197] Built 1 zonelists, mobility grouping on.  Total pages: 1031888
[    0.583199] Policy zone: Normal
[    0.583201] Kernel command line: BOOT_IMAGE=/boot/vmlinuz-5.13.0-40-generic root=UUID=2aa6aa0b-4730-4c0d-b54f-57f2f2894b70 ro find_preseed=/preseed.cfg auto noprompt priority=critical locale=en_US quiet
[    0.583326] printk: log_buf_len individual max cpu contribution: 4096 bytes
[    0.583327] printk: log_buf_len total cpu_extra contributions: 520192 bytes
[    0.583327] printk: log_buf_len min size: 262144 bytes
[    0.602507] printk: log_buf_len: 1048576 bytes
[    0.602510] printk: early log buf free: 237152(90%)
[    0.619807] Dentry cache hash table entries: 524288 (order: 10, 4194304 bytes, linear)
[    0.628222] Inode-cache hash table entries: 262144 (order: 9, 2097152 bytes, linear)
[    0.631269] mem auto-init: stack:off, heap alloc:on, heap free:off
[    0.777778] Memory: 3915976K/4193716K available (16393K kernel code, 3512K rwdata, 10500K rodata, 2900K init, 5728K bss, 277480K reserved, 0K cma-reserved)
[    0.777785] random: get_random_u64 called from __kmem_cache_create+0x2d/0x440 with crng_init=0
[    0.778386] SLUB: HWalign=64, Order=0-3, MinObjects=0, CPUs=128, Nodes=1
[    0.778548] Kernel/User page tables isolation: enabled
[    0.779356] ftrace: allocating 49266 entries in 193 pages
[    0.796182] ftrace: allocated 193 pages with 3 groups
[    0.798469] rcu: Hierarchical RCU implementation.
[    0.798471] rcu: 	RCU restricting CPUs from NR_CPUS=8192 to nr_cpu_ids=128.
[    0.798473] 	Rude variant of Tasks RCU enabled.
[    0.798473] 	Tracing variant of Tasks RCU enabled.
[    0.798474] rcu: RCU calculated value of scheduler-enlistment delay is 25 jiffies.
[    0.798474] rcu: Adjusting geometry for rcu_fanout_leaf=16, nr_cpu_ids=128
[    0.803961] NR_IRQS: 524544, nr_irqs: 1448, preallocated irqs: 16
[    0.804436] random: crng done (trusting CPU's manufacturer)
[    0.806037] Console: colour VGA+ 80x25
[    0.806057] printk: console [tty0] enabled
[    0.806179] ACPI: Core revision 20210331
[    0.806747] clocksource: hpet: mask: 0xffffffff max_cycles: 0xffffffff, max_idle_ns: 133484882848 ns
[    0.806845] APIC: Switch to symmetric I/O mode setup
[    0.807100] x2apic enabled
[    0.807341] Switched APIC routing to physical x2apic.
[    0.808344] ..TIMER: vector=0x30 apic1=0 pin1=2 apic2=-1 pin2=-1
[    0.808367] clocksource: tsc-early: mask: 0xffffffffffffffff max_cycles: 0x29dc08e3e81, max_idle_ns: 440795344234 ns
[    0.808373] Calibrating delay loop (skipped) preset value.. 5808.00 BogoMIPS (lpj=11616012)
[    0.808375] pid_max: default: 131072 minimum: 1024
[    0.808430] LSM: Security Framework initializing
[    0.808440] Yama: becoming mindful.
[    0.808728] AppArmor: AppArmor initialized
[    0.809037] Mount-cache hash table entries: 8192 (order: 4, 65536 bytes, linear)
[    0.809306] Mountpoint-cache hash table entries: 8192 (order: 4, 65536 bytes, linear)
[    0.810524] Disabled fast string operations
[    0.810608] Last level iTLB entries: 4KB 64, 2MB 8, 4MB 8
[    0.810609] Last level dTLB entries: 4KB 64, 2MB 0, 4MB 0, 1GB 4
[    0.810614] Spectre V1 : Mitigation: usercopy/swapgs barriers and __user pointer sanitization
[    0.810615] Spectre V2 : Mitigation: Retpolines
[    0.810616] Spectre V2 : Spectre v2 / SpectreRSB mitigation: Filling RSB on context switch
[    0.810616] Spectre V2 : Enabling Restricted Speculation for firmware calls
[    0.810617] Spectre V2 : mitigation: Enabling conditional Indirect Branch Prediction Barrier
[    0.810618] Speculative Store Bypass: Mitigation: Speculative Store Bypass disabled via prctl and seccomp
[    0.810621] SRBDS: Unknown: Dependent on hypervisor status
[    0.810621] MDS: Mitigation: Clear CPU buffers
[    0.816819] Freeing SMP alternatives memory: 40K
[    0.820564] smpboot: CPU0: Intel(R) Core(TM) i7-7500U CPU @ 2.70GHz (family: 0x6, model: 0x8e, stepping: 0x9)
[    0.821782] Performance Events: Skylake events, core PMU driver.
[    0.821807] core: CPUID marked event: 'cpu cycles' unavailable
[    0.821807] core: CPUID marked event: 'instructions' unavailable
[    0.821808] core: CPUID marked event: 'bus cycles' unavailable
[    0.821808] core: CPUID marked event: 'cache references' unavailable
[    0.821809] core: CPUID marked event: 'cache misses' unavailable
[    0.821809] core: CPUID marked event: 'branch instructions' unavailable
[    0.821810] core: CPUID marked event: 'branch misses' unavailable
[    0.821811] ... version:                1
[    0.821812] ... bit width:              48
[    0.821813] ... generic registers:      4
[    0.821813] ... value mask:             0000ffffffffffff
[    0.821814] ... max period:             000000007fffffff
[    0.821815] ... fixed-purpose events:   0
[    0.821815] ... event mask:             000000000000000f
[    0.822010] rcu: Hierarchical SRCU implementation.
[    0.822899] NMI watchdog: Perf NMI watchdog permanently disabled
[    0.839705] smp: Bringing up secondary CPUs ...
[    0.840667] x86: Booting SMP configuration:
[    0.840668] .... node  #0, CPUs:          #1
[    0.003979] Disabled fast string operations
[    0.003979] smpboot: CPU 1 Converting physical 2 to logical package 1
[    0.003979] smpboot: CPU 1 Converting physical 0 to logical die 1
[    0.841516]    #2
[    0.003979] Disabled fast string operations
[    0.003979] smpboot: CPU 2 Converting physical 4 to logical package 2
[    0.003979] smpboot: CPU 2 Converting physical 0 to logical die 2
[    0.844708]    #3
[    0.003979] Disabled fast string operations
[    0.003979] smpboot: CPU 3 Converting physical 6 to logical package 3
[    0.003979] smpboot: CPU 3 Converting physical 0 to logical die 3
[    0.845765] smp: Brought up 1 node, 4 CPUs
[    0.845765] smpboot: Max logical packages: 128
[    0.845765] smpboot: Total of 4 processors activated (23232.02 BogoMIPS)
[    0.845765] devtmpfs: initialized
[    0.845765] x86/mm: Memory block size: 128MB
[    0.849786] PM: Registering ACPI NVS region [mem 0xbfeff000-0xbfefffff] (4096 bytes)
[    0.849786] clocksource: jiffies: mask: 0xffffffff max_cycles: 0xffffffff, max_idle_ns: 7645041785100000 ns
[    0.858499] futex hash table entries: 32768 (order: 9, 2097152 bytes, linear)
[    0.859132] pinctrl core: initialized pinctrl subsystem
[    0.859413] PM: RTC time: 17:39:55, date: 2022-04-22
[    0.860226] NET: Registered protocol family 16
[    0.862489] DMA: preallocated 512 KiB GFP_KERNEL pool for atomic allocations
[    0.862624] DMA: preallocated 512 KiB GFP_KERNEL|GFP_DMA pool for atomic allocations
[    0.862682] DMA: preallocated 512 KiB GFP_KERNEL|GFP_DMA32 pool for atomic allocations
[    0.862692] audit: initializing netlink subsys (disabled)
[    0.862818] audit: type=2000 audit(1650649195.056:1): state=initialized audit_enabled=0 res=1
[    0.862818] thermal_sys: Registered thermal governor 'fair_share'
[    0.862818] thermal_sys: Registered thermal governor 'bang_bang'
[    0.862818] thermal_sys: Registered thermal governor 'step_wise'
[    0.862818] thermal_sys: Registered thermal governor 'user_space'
[    0.862818] thermal_sys: Registered thermal governor 'power_allocator'
[    0.862818] EISA bus registered
[    0.862818] cpuidle: using governor ladder
[    0.862818] cpuidle: using governor menu
[    0.862818] Simple Boot Flag at 0x36 set to 0x80
[    0.862818] ACPI: bus type PCI registered
[    0.862818] acpiphp: ACPI Hot Plug PCI Controller Driver version: 0.5
[    0.864686] PCI: MMCONFIG for domain 0000 [bus 00-7f] at [mem 0xf0000000-0xf7ffffff] (base 0xf0000000)
[    0.864692] PCI: MMCONFIG at [mem 0xf0000000-0xf7ffffff] reserved in E820
[    0.864707] PCI: Using configuration type 1 for base access
[    0.866910] Kprobes globally optimized
[    0.867052] HugeTLB registered 1.00 GiB page size, pre-allocated 0 pages
[    0.867052] HugeTLB registered 2.00 MiB page size, pre-allocated 0 pages
[    0.884836] ACPI: Added _OSI(Module Device)
[    0.884836] ACPI: Added _OSI(Processor Device)
[    0.884836] ACPI: Added _OSI(3.0 _SCP Extensions)
[    0.884836] ACPI: Added _OSI(Processor Aggregator Device)
[    0.884836] ACPI: Added _OSI(Linux-Dell-Video)
[    0.884836] ACPI: Added _OSI(Linux-Lenovo-NV-HDMI-Audio)
[    0.884836] ACPI: Added _OSI(Linux-HPI-Hybrid-Graphics)
[    0.917141] ACPI: 1 ACPI AML tables successfully acquired and loaded
[    0.919542] ACPI: [Firmware Bug]: BIOS _OSI(Linux) query ignored
[    0.942150] ACPI: Interpreter enabled
[    0.942164] ACPI: (supports S0 S1 S4 S5)
[    0.942166] ACPI: Using IOAPIC for interrupt routing
[    0.942234] PCI: Using host bridge windows from ACPI; if necessary, use "pci=nocrs" and report a bug
[    0.944589] ACPI: Enabled 4 GPEs in block 00 to 0F
[    1.165872] ACPI: PCI Root Bridge [PCI0] (domain 0000 [bus 00-7f])
[    1.165881] acpi PNP0A03:00: _OSC: OS supports [ExtendedConfig ASPM ClockPM Segments MSI HPX-Type3]
[    1.166079] acpi PNP0A03:00: _OSC: platform does not support [AER LTR]
[    1.166285] acpi PNP0A03:00: _OSC: OS now controls [PCIeHotplug SHPCHotplug PME PCIeCapability]
[    1.168260] PCI host bridge to bus 0000:00
[    1.168263] pci_bus 0000:00: root bus resource [bus 00-7f]
[    1.168264] pci_bus 0000:00: root bus resource [io  0x0000-0x0cf7 window]
[    1.168266] pci_bus 0000:00: root bus resource [io  0x0d00-0xfeff window]
[    1.168266] pci_bus 0000:00: root bus resource [mem 0x000a0000-0x000bffff window]
[    1.168268] pci_bus 0000:00: root bus resource [mem 0x000d0000-0x000dbfff window]
[    1.168269] pci_bus 0000:00: root bus resource [mem 0xc0000000-0xfebfffff window]
[    1.168375] pci 0000:00:00.0: [8086:7190] type 00 class 0x060000
[    1.169307] pci 0000:00:01.0: [8086:7191] type 01 class 0x060400
[    1.171052] pci 0000:00:07.0: [8086:7110] type 00 class 0x060100
[    1.171929] pci 0000:00:07.1: [8086:7111] type 00 class 0x01018a
[    1.174386] pci 0000:00:07.1: reg 0x20: [io  0x1060-0x106f]
[    1.175124] pci 0000:00:07.1: legacy IDE quirk: reg 0x10: [io  0x01f0-0x01f7]
[    1.175128] pci 0000:00:07.1: legacy IDE quirk: reg 0x14: [io  0x03f6]
[    1.175129] pci 0000:00:07.1: legacy IDE quirk: reg 0x18: [io  0x0170-0x0177]
[    1.175130] pci 0000:00:07.1: legacy IDE quirk: reg 0x1c: [io  0x0376]
[    1.175813] pci 0000:00:07.3: [8086:7113] type 00 class 0x068000
[    1.178061] pci 0000:00:07.3: quirk: [io  0x1000-0x103f] claimed by PIIX4 ACPI
[    1.178075] pci 0000:00:07.3: quirk: [io  0x1040-0x104f] claimed by PIIX4 SMB
[    1.178546] pci 0000:00:07.7: [15ad:0740] type 00 class 0x088000
[    1.179254] pci 0000:00:07.7: reg 0x10: [io  0x1080-0x10bf]
[    1.179923] pci 0000:00:07.7: reg 0x14: [mem 0xfebfe000-0xfebfffff 64bit]
[    1.184476] pci 0000:00:0f.0: [15ad:0405] type 00 class 0x030000
[    1.185688] pci 0000:00:0f.0: reg 0x10: [io  0x1070-0x107f]
[    1.186943] pci 0000:00:0f.0: reg 0x14: [mem 0xe8000000-0xefffffff pref]
[    1.188144] pci 0000:00:0f.0: reg 0x18: [mem 0xfe000000-0xfe7fffff]
[    1.192382] pci 0000:00:0f.0: reg 0x30: [mem 0x00000000-0x00007fff pref]
[    1.192521] pci 0000:00:0f.0: Video device with shadowed ROM at [mem 0x000c0000-0x000dffff]
[    1.193394] pci 0000:00:10.0: [1000:0030] type 00 class 0x010000
[    1.194244] pci 0000:00:10.0: reg 0x10: [io  0x1400-0x14ff]
[    1.195151] pci 0000:00:10.0: reg 0x14: [mem 0xfeba0000-0xfebbffff 64bit]
[    1.195972] pci 0000:00:10.0: reg 0x1c: [mem 0xfebc0000-0xfebdffff 64bit]
[    1.197021] pci 0000:00:10.0: reg 0x30: [mem 0x00000000-0x00003fff pref]
[    1.197777] pci 0000:00:11.0: [15ad:0790] type 01 class 0x060401
[    1.199541] pci 0000:00:15.0: [15ad:07a0] type 01 class 0x060400
[    1.200672] pci 0000:00:15.0: PME# supported from D0 D3hot D3cold
[    1.201219] pci 0000:00:15.1: [15ad:07a0] type 01 class 0x060400
[    1.202192] pci 0000:00:15.1: PME# supported from D0 D3hot D3cold
[    1.202713] pci 0000:00:15.2: [15ad:07a0] type 01 class 0x060400
[    1.203686] pci 0000:00:15.2: PME# supported from D0 D3hot D3cold
[    1.204326] pci 0000:00:15.3: [15ad:07a0] type 01 class 0x060400
[    1.205263] pci 0000:00:15.3: PME# supported from D0 D3hot D3cold
[    1.206118] pci 0000:00:15.4: [15ad:07a0] type 01 class 0x060400
[    1.207596] pci 0000:00:15.4: PME# supported from D0 D3hot D3cold
[    1.208376] pci 0000:00:15.5: [15ad:07a0] type 01 class 0x060400
[    1.209629] pci 0000:00:15.5: PME# supported from D0 D3hot D3cold
[    1.210258] pci 0000:00:15.6: [15ad:07a0] type 01 class 0x060400
[    1.211454] pci 0000:00:15.6: PME# supported from D0 D3hot D3cold
[    1.212129] pci 0000:00:15.7: [15ad:07a0] type 01 class 0x060400
[    1.213157] pci 0000:00:15.7: PME# supported from D0 D3hot D3cold
[    1.213874] pci 0000:00:16.0: [15ad:07a0] type 01 class 0x060400
[    1.214843] pci 0000:00:16.0: PME# supported from D0 D3hot D3cold
[    1.215327] pci 0000:00:16.1: [15ad:07a0] type 01 class 0x060400
[    1.216277] pci 0000:00:16.1: PME# supported from D0 D3hot D3cold
[    1.216806] pci 0000:00:16.2: [15ad:07a0] type 01 class 0x060400
[    1.217745] pci 0000:00:16.2: PME# supported from D0 D3hot D3cold
[    1.218404] pci 0000:00:16.3: [15ad:07a0] type 01 class 0x060400
[    1.219469] pci 0000:00:16.3: PME# supported from D0 D3hot D3cold
[    1.220011] pci 0000:00:16.4: [15ad:07a0] type 01 class 0x060400
[    1.221043] pci 0000:00:16.4: PME# supported from D0 D3hot D3cold
[    1.221573] pci 0000:00:16.5: [15ad:07a0] type 01 class 0x060400
[    1.222875] pci 0000:00:16.5: PME# supported from D0 D3hot D3cold
[    1.223591] pci 0000:00:16.6: [15ad:07a0] type 01 class 0x060400
[    1.224612] pci 0000:00:16.6: PME# supported from D0 D3hot D3cold
[    1.225136] pci 0000:00:16.7: [15ad:07a0] type 01 class 0x060400
[    1.226143] pci 0000:00:16.7: PME# supported from D0 D3hot D3cold
[    1.226808] pci 0000:00:17.0: [15ad:07a0] type 01 class 0x060400
[    1.227823] pci 0000:00:17.0: PME# supported from D0 D3hot D3cold
[    1.228359] pci 0000:00:17.1: [15ad:07a0] type 01 class 0x060400
[    1.229301] pci 0000:00:17.1: PME# supported from D0 D3hot D3cold
[    1.229832] pci 0000:00:17.2: [15ad:07a0] type 01 class 0x060400
[    1.230770] pci 0000:00:17.2: PME# supported from D0 D3hot D3cold
[    1.231468] pci 0000:00:17.3: [15ad:07a0] type 01 class 0x060400
[    1.232741] pci 0000:00:17.3: PME# supported from D0 D3hot D3cold
[    1.233366] pci 0000:00:17.4: [15ad:07a0] type 01 class 0x060400
[    1.234359] pci 0000:00:17.4: PME# supported from D0 D3hot D3cold
[    1.234913] pci 0000:00:17.5: [15ad:07a0] type 01 class 0x060400
[    1.235863] pci 0000:00:17.5: PME# supported from D0 D3hot D3cold
[    1.236331] pci 0000:00:17.6: [15ad:07a0] type 01 class 0x060400
[    1.237287] pci 0000:00:17.6: PME# supported from D0 D3hot D3cold
[    1.237781] pci 0000:00:17.7: [15ad:07a0] type 01 class 0x060400
[    1.239217] pci 0000:00:17.7: PME# supported from D0 D3hot D3cold
[    1.240309] pci 0000:00:18.0: [15ad:07a0] type 01 class 0x060400
[    1.241329] pci 0000:00:18.0: PME# supported from D0 D3hot D3cold
[    1.241833] pci 0000:00:18.1: [15ad:07a0] type 01 class 0x060400
[    1.242807] pci 0000:00:18.1: PME# supported from D0 D3hot D3cold
[    1.243284] pci 0000:00:18.2: [15ad:07a0] type 01 class 0x060400
[    1.244220] pci 0000:00:18.2: PME# supported from D0 D3hot D3cold
[    1.244879] pci 0000:00:18.3: [15ad:07a0] type 01 class 0x060400
[    1.245822] pci 0000:00:18.3: PME# supported from D0 D3hot D3cold
[    1.246290] pci 0000:00:18.4: [15ad:07a0] type 01 class 0x060400
[    1.247245] pci 0000:00:18.4: PME# supported from D0 D3hot D3cold
[    1.247761] pci 0000:00:18.5: [15ad:07a0] type 01 class 0x060400
[    1.248694] pci 0000:00:18.5: PME# supported from D0 D3hot D3cold
[    1.249278] pci 0000:00:18.6: [15ad:07a0] type 01 class 0x060400
[    1.250220] pci 0000:00:18.6: PME# supported from D0 D3hot D3cold
[    1.250755] pci 0000:00:18.7: [15ad:07a0] type 01 class 0x060400
[    1.251714] pci 0000:00:18.7: PME# supported from D0 D3hot D3cold
[    1.253833] pci_bus 0000:01: extended config space not accessible
[    1.259162] pci 0000:00:01.0: PCI bridge to [bus 01]
[    1.259427] pci_bus 0000:02: extended config space not accessible
[    1.259864] acpiphp: Slot [32] registered
[    1.259905] acpiphp: Slot [33] registered
[    1.259927] acpiphp: Slot [34] registered
[    1.259946] acpiphp: Slot [35] registered
[    1.259965] acpiphp: Slot [36] registered
[    1.259985] acpiphp: Slot [37] registered
[    1.260004] acpiphp: Slot [38] registered
[    1.260041] acpiphp: Slot [39] registered
[    1.260092] acpiphp: Slot [40] registered
[    1.260119] acpiphp: Slot [41] registered
[    1.260138] acpiphp: Slot [42] registered
[    1.260156] acpiphp: Slot [43] registered
[    1.260175] acpiphp: Slot [44] registered
[    1.260213] acpiphp: Slot [45] registered
[    1.260233] acpiphp: Slot [46] registered
[    1.260252] acpiphp: Slot [47] registered
[    1.260270] acpiphp: Slot [48] registered
[    1.260289] acpiphp: Slot [49] registered
[    1.260308] acpiphp: Slot [50] registered
[    1.260326] acpiphp: Slot [51] registered
[    1.260370] acpiphp: Slot [52] registered
[    1.260383] acpiphp: Slot [53] registered
[    1.260403] acpiphp: Slot [54] registered
[    1.260421] acpiphp: Slot [55] registered
[    1.260440] acpiphp: Slot [56] registered
[    1.260458] acpiphp: Slot [57] registered
[    1.260497] acpiphp: Slot [58] registered
[    1.260517] acpiphp: Slot [59] registered
[    1.260535] acpiphp: Slot [60] registered
[    1.260554] acpiphp: Slot [61] registered
[    1.260573] acpiphp: Slot [62] registered
[    1.260591] acpiphp: Slot [63] registered
[    1.260667] pci 0000:02:00.0: [15ad:0774] type 00 class 0x0c0300
[    1.262273] pci 0000:02:00.0: reg 0x20: [io  0x2080-0x209f]
[    1.263971] pci 0000:02:01.0: [8086:100f] type 00 class 0x020000
[    1.264751] pci 0000:02:01.0: reg 0x10: [mem 0xfd5c0000-0xfd5dffff 64bit]
[    1.265530] pci 0000:02:01.0: reg 0x18: [mem 0xfdff0000-0xfdffffff 64bit]
[    1.266224] pci 0000:02:01.0: reg 0x20: [io  0x2000-0x203f]
[    1.267268] pci 0000:02:01.0: reg 0x30: [mem 0x00000000-0x0000ffff pref]
[    1.267640] pci 0000:02:01.0: PME# supported from D0 D3hot D3cold
[    1.268426] pci 0000:02:02.0: [1274:1371] type 00 class 0x040100
[    1.268802] pci 0000:02:02.0: reg 0x10: [io  0x2040-0x207f]
[    1.272901] pci 0000:02:03.0: [15ad:0770] type 00 class 0x0c0320
[    1.273511] pci 0000:02:03.0: reg 0x10: [mem 0xfd5ef000-0xfd5effff]
[    1.277507] pci 0000:02:04.0: [15ad:07e0] type 00 class 0x010601
[    1.280341] pci 0000:02:04.0: reg 0x24: [mem 0xfd5ee000-0xfd5eefff]
[    1.280649] pci 0000:02:04.0: reg 0x30: [mem 0x00000000-0x0000ffff pref]
[    1.281063] pci 0000:02:04.0: PME# supported from D3hot
[    1.287007] pci 0000:00:11.0: PCI bridge to [bus 02] (subtractive decode)
[    1.287102] pci 0000:00:11.0:   bridge window [io  0x2000-0x3fff]
[    1.287134] pci 0000:00:11.0:   bridge window [mem 0xfd500000-0xfdffffff]
[    1.287190] pci 0000:00:11.0:   bridge window [mem 0xe7b00000-0xe7ffffff 64bit pref]
[    1.287196] pci 0000:00:11.0:   bridge window [io  0x0000-0x0cf7 window] (subtractive decode)
[    1.287198] pci 0000:00:11.0:   bridge window [io  0x0d00-0xfeff window] (subtractive decode)
[    1.287199] pci 0000:00:11.0:   bridge window [mem 0x000a0000-0x000bffff window] (subtractive decode)
[    1.287201] pci 0000:00:11.0:   bridge window [mem 0x000d0000-0x000dbfff window] (subtractive decode)
[    1.287203] pci 0000:00:11.0:   bridge window [mem 0xc0000000-0xfebfffff window] (subtractive decode)
[    1.292708] pci 0000:00:15.0: PCI bridge to [bus 03]
[    1.292745] pci 0000:00:15.0:   bridge window [io  0x4000-0x4fff]
[    1.292771] pci 0000:00:15.0:   bridge window [mem 0xfd400000-0xfd4fffff]
[    1.292812] pci 0000:00:15.0:   bridge window [mem 0xe7a00000-0xe7afffff 64bit pref]
[    1.297998] pci 0000:00:15.1: PCI bridge to [bus 04]
[    1.298026] pci 0000:00:15.1:   bridge window [io  0x8000-0x8fff]
[    1.298047] pci 0000:00:15.1:   bridge window [mem 0xfd000000-0xfd0fffff]
[    1.298088] pci 0000:00:15.1:   bridge window [mem 0xe7600000-0xe76fffff 64bit pref]
[    1.304370] pci 0000:00:15.2: PCI bridge to [bus 05]
[    1.304387] pci 0000:00:15.2:   bridge window [io  0xc000-0xcfff]
[    1.304412] pci 0000:00:15.2:   bridge window [mem 0xfcc00000-0xfccfffff]
[    1.304454] pci 0000:00:15.2:   bridge window [mem 0xe7200000-0xe72fffff 64bit pref]
[    1.310094] pci 0000:00:15.3: PCI bridge to [bus 06]
[    1.310143] pci 0000:00:15.3:   bridge window [mem 0xfc800000-0xfc8fffff]
[    1.310185] pci 0000:00:15.3:   bridge window [mem 0xe6e00000-0xe6efffff 64bit pref]
[    1.315288] pci 0000:00:15.4: PCI bridge to [bus 07]
[    1.315337] pci 0000:00:15.4:   bridge window [mem 0xfc400000-0xfc4fffff]
[    1.315429] pci 0000:00:15.4:   bridge window [mem 0xe6a00000-0xe6afffff 64bit pref]
[    1.320948] pci 0000:00:15.5: PCI bridge to [bus 08]
[    1.321003] pci 0000:00:15.5:   bridge window [mem 0xfc000000-0xfc0fffff]
[    1.321045] pci 0000:00:15.5:   bridge window [mem 0xe6600000-0xe66fffff 64bit pref]
[    1.326249] pci 0000:00:15.6: PCI bridge to [bus 09]
[    1.326298] pci 0000:00:15.6:   bridge window [mem 0xfbc00000-0xfbcfffff]
[    1.326340] pci 0000:00:15.6:   bridge window [mem 0xe6200000-0xe62fffff 64bit pref]
[    1.332238] pci 0000:00:15.7: PCI bridge to [bus 0a]
[    1.332303] pci 0000:00:15.7:   bridge window [mem 0xfb800000-0xfb8fffff]
[    1.332379] pci 0000:00:15.7:   bridge window [mem 0xe5e00000-0xe5efffff 64bit pref]
[    1.337679] pci 0000:00:16.0: PCI bridge to [bus 0b]
[    1.337704] pci 0000:00:16.0:   bridge window [io  0x5000-0x5fff]
[    1.337726] pci 0000:00:16.0:   bridge window [mem 0xfd300000-0xfd3fffff]
[    1.337767] pci 0000:00:16.0:   bridge window [mem 0xe7900000-0xe79fffff 64bit pref]
[    1.343079] pci 0000:00:16.1: PCI bridge to [bus 0c]
[    1.343114] pci 0000:00:16.1:   bridge window [io  0x9000-0x9fff]
[    1.343136] pci 0000:00:16.1:   bridge window [mem 0xfcf00000-0xfcffffff]
[    1.343177] pci 0000:00:16.1:   bridge window [mem 0xe7500000-0xe75fffff 64bit pref]
[    1.348955] pci 0000:00:16.2: PCI bridge to [bus 0d]
[    1.348990] pci 0000:00:16.2:   bridge window [io  0xd000-0xdfff]
[    1.349013] pci 0000:00:16.2:   bridge window [mem 0xfcb00000-0xfcbfffff]
[    1.349056] pci 0000:00:16.2:   bridge window [mem 0xe7100000-0xe71fffff 64bit pref]
[    1.354315] pci 0000:00:16.3: PCI bridge to [bus 0e]
[    1.354363] pci 0000:00:16.3:   bridge window [mem 0xfc700000-0xfc7fffff]
[    1.354404] pci 0000:00:16.3:   bridge window [mem 0xe6d00000-0xe6dfffff 64bit pref]
[    1.360338] pci 0000:00:16.4: PCI bridge to [bus 0f]
[    1.360430] pci 0000:00:16.4:   bridge window [mem 0xfc300000-0xfc3fffff]
[    1.360510] pci 0000:00:16.4:   bridge window [mem 0xe6900000-0xe69fffff 64bit pref]
[    1.365948] pci 0000:00:16.5: PCI bridge to [bus 10]
[    1.366001] pci 0000:00:16.5:   bridge window [mem 0xfbf00000-0xfbffffff]
[    1.366043] pci 0000:00:16.5:   bridge window [mem 0xe6500000-0xe65fffff 64bit pref]
[    1.371587] pci 0000:00:16.6: PCI bridge to [bus 11]
[    1.371637] pci 0000:00:16.6:   bridge window [mem 0xfbb00000-0xfbbfffff]
[    1.371678] pci 0000:00:16.6:   bridge window [mem 0xe6100000-0xe61fffff 64bit pref]
[    1.376382] pci 0000:00:16.7: PCI bridge to [bus 12]
[    1.376437] pci 0000:00:16.7:   bridge window [mem 0xfb700000-0xfb7fffff]
[    1.376479] pci 0000:00:16.7:   bridge window [mem 0xe5d00000-0xe5dfffff 64bit pref]
[    1.382127] pci 0000:00:17.0: PCI bridge to [bus 13]
[    1.382162] pci 0000:00:17.0:   bridge window [io  0x6000-0x6fff]
[    1.382184] pci 0000:00:17.0:   bridge window [mem 0xfd200000-0xfd2fffff]
[    1.382226] pci 0000:00:17.0:   bridge window [mem 0xe7800000-0xe78fffff 64bit pref]
[    1.389259] pci 0000:00:17.1: PCI bridge to [bus 14]
[    1.389309] pci 0000:00:17.1:   bridge window [io  0xa000-0xafff]
[    1.389332] pci 0000:00:17.1:   bridge window [mem 0xfce00000-0xfcefffff]
[    1.389374] pci 0000:00:17.1:   bridge window [mem 0xe7400000-0xe74fffff 64bit pref]
[    1.395518] pci 0000:00:17.2: PCI bridge to [bus 15]
[    1.395548] pci 0000:00:17.2:   bridge window [io  0xe000-0xefff]
[    1.395571] pci 0000:00:17.2:   bridge window [mem 0xfca00000-0xfcafffff]
[    1.395612] pci 0000:00:17.2:   bridge window [mem 0xe7000000-0xe70fffff 64bit pref]
[    1.400370] pci 0000:00:17.3: PCI bridge to [bus 16]
[    1.400408] pci 0000:00:17.3:   bridge window [mem 0xfc600000-0xfc6fffff]
[    1.400453] pci 0000:00:17.3:   bridge window [mem 0xe6c00000-0xe6cfffff 64bit pref]
[    1.407103] pci 0000:00:17.4: PCI bridge to [bus 17]
[    1.407159] pci 0000:00:17.4:   bridge window [mem 0xfc200000-0xfc2fffff]
[    1.407207] pci 0000:00:17.4:   bridge window [mem 0xe6800000-0xe68fffff 64bit pref]
[    1.412649] pci 0000:00:17.5: PCI bridge to [bus 18]
[    1.412702] pci 0000:00:17.5:   bridge window [mem 0xfbe00000-0xfbefffff]
[    1.412744] pci 0000:00:17.5:   bridge window [mem 0xe6400000-0xe64fffff 64bit pref]
[    1.419902] pci 0000:00:17.6: PCI bridge to [bus 19]
[    1.419955] pci 0000:00:17.6:   bridge window [mem 0xfba00000-0xfbafffff]
[    1.419998] pci 0000:00:17.6:   bridge window [mem 0xe6000000-0xe60fffff 64bit pref]
[    1.425441] pci 0000:00:17.7: PCI bridge to [bus 1a]
[    1.425495] pci 0000:00:17.7:   bridge window [mem 0xfb600000-0xfb6fffff]
[    1.425537] pci 0000:00:17.7:   bridge window [mem 0xe5c00000-0xe5cfffff 64bit pref]
[    1.430944] pci 0000:00:18.0: PCI bridge to [bus 1b]
[    1.430979] pci 0000:00:18.0:   bridge window [io  0x7000-0x7fff]
[    1.431002] pci 0000:00:18.0:   bridge window [mem 0xfd100000-0xfd1fffff]
[    1.431042] pci 0000:00:18.0:   bridge window [mem 0xe7700000-0xe77fffff 64bit pref]
[    1.437848] pci 0000:00:18.1: PCI bridge to [bus 1c]
[    1.437883] pci 0000:00:18.1:   bridge window [io  0xb000-0xbfff]
[    1.437906] pci 0000:00:18.1:   bridge window [mem 0xfcd00000-0xfcdfffff]
[    1.437948] pci 0000:00:18.1:   bridge window [mem 0xe7300000-0xe73fffff 64bit pref]
[    1.443310] pci 0000:00:18.2: PCI bridge to [bus 1d]
[    1.443370] pci 0000:00:18.2:   bridge window [mem 0xfc900000-0xfc9fffff]
[    1.443412] pci 0000:00:18.2:   bridge window [mem 0xe6f00000-0xe6ffffff 64bit pref]
[    1.448617] pci 0000:00:18.3: PCI bridge to [bus 1e]
[    1.448676] pci 0000:00:18.3:   bridge window [mem 0xfc500000-0xfc5fffff]
[    1.448719] pci 0000:00:18.3:   bridge window [mem 0xe6b00000-0xe6bfffff 64bit pref]
[    1.454021] pci 0000:00:18.4: PCI bridge to [bus 1f]
[    1.454072] pci 0000:00:18.4:   bridge window [mem 0xfc100000-0xfc1fffff]
[    1.454114] pci 0000:00:18.4:   bridge window [mem 0xe6700000-0xe67fffff 64bit pref]
[    1.462706] pci 0000:00:18.5: PCI bridge to [bus 20]
[    1.462764] pci 0000:00:18.5:   bridge window [mem 0xfbd00000-0xfbdfffff]
[    1.462807] pci 0000:00:18.5:   bridge window [mem 0xe6300000-0xe63fffff 64bit pref]
[    1.468780] pci 0000:00:18.6: PCI bridge to [bus 21]
[    1.468835] pci 0000:00:18.6:   bridge window [mem 0xfb900000-0xfb9fffff]
[    1.468877] pci 0000:00:18.6:   bridge window [mem 0xe5f00000-0xe5ffffff 64bit pref]
[    1.474051] pci 0000:00:18.7: PCI bridge to [bus 22]
[    1.474097] pci 0000:00:18.7:   bridge window [mem 0xfb500000-0xfb5fffff]
[    1.474138] pci 0000:00:18.7:   bridge window [mem 0xe5b00000-0xe5bfffff 64bit pref]
[    1.477966] ACPI: PCI: Interrupt link LNKA configured for IRQ 9
[    1.478058] ACPI: PCI: Interrupt link LNKB configured for IRQ 11
[    1.478163] ACPI: PCI: Interrupt link LNKC configured for IRQ 10
[    1.478413] ACPI: PCI: Interrupt link LNKD configured for IRQ 7
[    1.521229] iommu: Default domain type: Translated 
[    1.521229] SCSI subsystem initialized
[    1.521229] libata version 3.00 loaded.
[    1.521229] pci 0000:00:0f.0: vgaarb: setting as boot VGA device
[    1.521229] pci 0000:00:0f.0: vgaarb: VGA device added: decodes=io+mem,owns=io+mem,locks=none
[    1.521229] pci 0000:00:0f.0: vgaarb: bridge control possible
[    1.521229] vgaarb: loaded
[    1.521229] ACPI: bus type USB registered
[    1.521229] usbcore: registered new interface driver usbfs
[    1.521229] usbcore: registered new interface driver hub
[    1.521229] usbcore: registered new device driver usb
[    1.521229] pps_core: LinuxPPS API ver. 1 registered
[    1.521229] pps_core: Software ver. 5.3.6 - Copyright 2005-2007 Rodolfo Giometti <giometti@linux.it>
[    1.521229] PTP clock support registered
[    1.521229] EDAC MC: Ver: 3.0.0
[    1.524851] NetLabel: Initializing
[    1.524854] NetLabel:  domain hash size = 128
[    1.524855] NetLabel:  protocols = UNLABELED CIPSOv4 CALIPSO
[    1.524868] NetLabel:  unlabeled traffic allowed by default
[    1.524933] PCI: Using ACPI for IRQ routing
[    1.550141] PCI: pci_cache_line_size set to 64 bytes
[    1.551153] e820: reserve RAM buffer [mem 0x0009e800-0x0009ffff]
[    1.551157] e820: reserve RAM buffer [mem 0xbfed0000-0xbfffffff]
[    1.551321] hpet0: at MMIO 0xfed00000, IRQs 2, 8, 0, 0, 0, 0, 0, 0, 0, 0, 0, 0, 0, 0, 0, 0
[    1.551321] hpet0: 16 comparators, 64-bit 14.318180 MHz counter
[    1.556396] clocksource: Switched to clocksource tsc-early
[    1.619694] VFS: Disk quotas dquot_6.6.0
[    1.619742] VFS: Dquot-cache hash table entries: 512 (order 0, 4096 bytes)
[    1.620428] AppArmor: AppArmor Filesystem Enabled
[    1.620479] pnp: PnP ACPI init
[    1.620741] system 00:00: [io  0x1000-0x103f] has been reserved
[    1.620745] system 00:00: [io  0x1040-0x104f] has been reserved
[    1.620747] system 00:00: [io  0x0cf0-0x0cf1] has been reserved
[    1.620755] system 00:00: Plug and Play ACPI device, IDs PNP0c02 (active)
[    1.620847] pnp 00:01: Plug and Play ACPI device, IDs PNP0b00 (active)
[    1.620972] pnp 00:02: Plug and Play ACPI device, IDs PNP0303 (active)
[    1.621044] pnp 00:03: Plug and Play ACPI device, IDs VMW0003 PNP0f13 (active)
[    1.621554] system 00:04: [mem 0xfed00000-0xfed003ff] has been reserved
[    1.621563] system 00:04: Plug and Play ACPI device, IDs PNP0103 PNP0c01 (active)
[    1.623265] pnp 00:05: Plug and Play ACPI device, IDs PNP0501 (active)
[    1.623745] system 00:06: [io  0xfce0-0xfcff] has been reserved
[    1.623748] system 00:06: [mem 0xf0000000-0xf7ffffff] has been reserved
[    1.623750] system 00:06: [mem 0xfe800000-0xfe9fffff] has been reserved
[    1.623754] system 00:06: Plug and Play ACPI device, IDs PNP0c02 (active)
[    1.654549] pnp: PnP ACPI: found 7 devices
[    1.669356] clocksource: acpi_pm: mask: 0xffffff max_cycles: 0xffffff, max_idle_ns: 2085701024 ns
[    1.670287] NET: Registered protocol family 2
[    1.673312] IP idents hash table entries: 65536 (order: 7, 524288 bytes, linear)
[    1.698642] tcp_listen_portaddr_hash hash table entries: 2048 (order: 3, 32768 bytes, linear)
[    1.699708] TCP established hash table entries: 32768 (order: 6, 262144 bytes, linear)
[    1.701851] TCP bind hash table entries: 32768 (order: 7, 524288 bytes, linear)
[    1.701879] TCP: Hash tables configured (established 32768 bind 32768)
[    1.704690] MPTCP token hash table entries: 4096 (order: 4, 98304 bytes, linear)
[    1.705048] UDP hash table entries: 2048 (order: 4, 65536 bytes, linear)
[    1.705559] UDP-Lite hash table entries: 2048 (order: 4, 65536 bytes, linear)
[    1.706721] NET: Registered protocol family 1
[    1.706725] NET: Registered protocol family 44
[    1.706740] pci 0000:00:15.3: bridge window [io  0x1000-0x0fff] to [bus 06] add_size 1000
[    1.706744] pci 0000:00:15.4: bridge window [io  0x1000-0x0fff] to [bus 07] add_size 1000
[    1.706745] pci 0000:00:15.5: bridge window [io  0x1000-0x0fff] to [bus 08] add_size 1000
[    1.706747] pci 0000:00:15.6: bridge window [io  0x1000-0x0fff] to [bus 09] add_size 1000
[    1.706748] pci 0000:00:15.7: bridge window [io  0x1000-0x0fff] to [bus 0a] add_size 1000
[    1.706749] pci 0000:00:16.3: bridge window [io  0x1000-0x0fff] to [bus 0e] add_size 1000
[    1.706750] pci 0000:00:16.4: bridge window [io  0x1000-0x0fff] to [bus 0f] add_size 1000
[    1.706751] pci 0000:00:16.5: bridge window [io  0x1000-0x0fff] to [bus 10] add_size 1000
[    1.706753] pci 0000:00:16.6: bridge window [io  0x1000-0x0fff] to [bus 11] add_size 1000
[    1.706754] pci 0000:00:16.7: bridge window [io  0x1000-0x0fff] to [bus 12] add_size 1000
[    1.706755] pci 0000:00:17.3: bridge window [io  0x1000-0x0fff] to [bus 16] add_size 1000
[    1.706756] pci 0000:00:17.4: bridge window [io  0x1000-0x0fff] to [bus 17] add_size 1000
[    1.706757] pci 0000:00:17.5: bridge window [io  0x1000-0x0fff] to [bus 18] add_size 1000
[    1.706758] pci 0000:00:17.6: bridge window [io  0x1000-0x0fff] to [bus 19] add_size 1000
[    1.706759] pci 0000:00:17.7: bridge window [io  0x1000-0x0fff] to [bus 1a] add_size 1000
[    1.706761] pci 0000:00:18.2: bridge window [io  0x1000-0x0fff] to [bus 1d] add_size 1000
[    1.706762] pci 0000:00:18.3: bridge window [io  0x1000-0x0fff] to [bus 1e] add_size 1000
[    1.706763] pci 0000:00:18.4: bridge window [io  0x1000-0x0fff] to [bus 1f] add_size 1000
[    1.706764] pci 0000:00:18.5: bridge window [io  0x1000-0x0fff] to [bus 20] add_size 1000
[    1.706765] pci 0000:00:18.6: bridge window [io  0x1000-0x0fff] to [bus 21] add_size 1000
[    1.706766] pci 0000:00:18.7: bridge window [io  0x1000-0x0fff] to [bus 22] add_size 1000
[    1.706778] pci 0000:00:10.0: BAR 6: assigned [mem 0xc0000000-0xc0003fff pref]
[    1.706781] pci 0000:00:15.3: BAR 13: no space for [io  size 0x1000]
[    1.706783] pci 0000:00:15.3: BAR 13: failed to assign [io  size 0x1000]
[    1.706784] pci 0000:00:15.4: BAR 13: no space for [io  size 0x1000]
[    1.706785] pci 0000:00:15.4: BAR 13: failed to assign [io  size 0x1000]
[    1.706787] pci 0000:00:15.5: BAR 13: no space for [io  size 0x1000]
[    1.706788] pci 0000:00:15.5: BAR 13: failed to assign [io  size 0x1000]
[    1.706789] pci 0000:00:15.6: BAR 13: no space for [io  size 0x1000]
[    1.706790] pci 0000:00:15.6: BAR 13: failed to assign [io  size 0x1000]
[    1.706791] pci 0000:00:15.7: BAR 13: no space for [io  size 0x1000]
[    1.706792] pci 0000:00:15.7: BAR 13: failed to assign [io  size 0x1000]
[    1.706793] pci 0000:00:16.3: BAR 13: no space for [io  size 0x1000]
[    1.706794] pci 0000:00:16.3: BAR 13: failed to assign [io  size 0x1000]
[    1.706795] pci 0000:00:16.4: BAR 13: no space for [io  size 0x1000]
[    1.706796] pci 0000:00:16.4: BAR 13: failed to assign [io  size 0x1000]
[    1.706797] pci 0000:00:16.5: BAR 13: no space for [io  size 0x1000]
[    1.706798] pci 0000:00:16.5: BAR 13: failed to assign [io  size 0x1000]
[    1.706800] pci 0000:00:16.6: BAR 13: no space for [io  size 0x1000]
[    1.706800] pci 0000:00:16.6: BAR 13: failed to assign [io  size 0x1000]
[    1.706802] pci 0000:00:16.7: BAR 13: no space for [io  size 0x1000]
[    1.706803] pci 0000:00:16.7: BAR 13: failed to assign [io  size 0x1000]
[    1.706804] pci 0000:00:17.3: BAR 13: no space for [io  size 0x1000]
[    1.706805] pci 0000:00:17.3: BAR 13: failed to assign [io  size 0x1000]
[    1.706806] pci 0000:00:17.4: BAR 13: no space for [io  size 0x1000]
[    1.706807] pci 0000:00:17.4: BAR 13: failed to assign [io  size 0x1000]
[    1.706808] pci 0000:00:17.5: BAR 13: no space for [io  size 0x1000]
[    1.706809] pci 0000:00:17.5: BAR 13: failed to assign [io  size 0x1000]
[    1.706810] pci 0000:00:17.6: BAR 13: no space for [io  size 0x1000]
[    1.706811] pci 0000:00:17.6: BAR 13: failed to assign [io  size 0x1000]
[    1.706813] pci 0000:00:17.7: BAR 13: no space for [io  size 0x1000]
[    1.706814] pci 0000:00:17.7: BAR 13: failed to assign [io  size 0x1000]
[    1.706815] pci 0000:00:18.2: BAR 13: no space for [io  size 0x1000]
[    1.706816] pci 0000:00:18.2: BAR 13: failed to assign [io  size 0x1000]
[    1.706817] pci 0000:00:18.3: BAR 13: no space for [io  size 0x1000]
[    1.706818] pci 0000:00:18.3: BAR 13: failed to assign [io  size 0x1000]
[    1.706819] pci 0000:00:18.4: BAR 13: no space for [io  size 0x1000]
[    1.706820] pci 0000:00:18.4: BAR 13: failed to assign [io  size 0x1000]
[    1.706822] pci 0000:00:18.5: BAR 13: no space for [io  size 0x1000]
[    1.706822] pci 0000:00:18.5: BAR 13: failed to assign [io  size 0x1000]
[    1.706824] pci 0000:00:18.6: BAR 13: no space for [io  size 0x1000]
[    1.706825] pci 0000:00:18.6: BAR 13: failed to assign [io  size 0x1000]
[    1.706826] pci 0000:00:18.7: BAR 13: no space for [io  size 0x1000]
[    1.706827] pci 0000:00:18.7: BAR 13: failed to assign [io  size 0x1000]
[    1.706830] pci 0000:00:18.7: BAR 13: no space for [io  size 0x1000]
[    1.706831] pci 0000:00:18.7: BAR 13: failed to assign [io  size 0x1000]
[    1.706832] pci 0000:00:18.6: BAR 13: no space for [io  size 0x1000]
[    1.706833] pci 0000:00:18.6: BAR 13: failed to assign [io  size 0x1000]
[    1.706835] pci 0000:00:18.5: BAR 13: no space for [io  size 0x1000]
[    1.706835] pci 0000:00:18.5: BAR 13: failed to assign [io  size 0x1000]
[    1.706837] pci 0000:00:18.4: BAR 13: no space for [io  size 0x1000]
[    1.706838] pci 0000:00:18.4: BAR 13: failed to assign [io  size 0x1000]
[    1.706839] pci 0000:00:18.3: BAR 13: no space for [io  size 0x1000]
[    1.706840] pci 0000:00:18.3: BAR 13: failed to assign [io  size 0x1000]
[    1.706841] pci 0000:00:18.2: BAR 13: no space for [io  size 0x1000]
[    1.706842] pci 0000:00:18.2: BAR 13: failed to assign [io  size 0x1000]
[    1.706843] pci 0000:00:17.7: BAR 13: no space for [io  size 0x1000]
[    1.706844] pci 0000:00:17.7: BAR 13: failed to assign [io  size 0x1000]
[    1.706846] pci 0000:00:17.6: BAR 13: no space for [io  size 0x1000]
[    1.706846] pci 0000:00:17.6: BAR 13: failed to assign [io  size 0x1000]
[    1.706848] pci 0000:00:17.5: BAR 13: no space for [io  size 0x1000]
[    1.706849] pci 0000:00:17.5: BAR 13: failed to assign [io  size 0x1000]
[    1.706850] pci 0000:00:17.4: BAR 13: no space for [io  size 0x1000]
[    1.706851] pci 0000:00:17.4: BAR 13: failed to assign [io  size 0x1000]
[    1.706852] pci 0000:00:17.3: BAR 13: no space for [io  size 0x1000]
[    1.706853] pci 0000:00:17.3: BAR 13: failed to assign [io  size 0x1000]
[    1.706854] pci 0000:00:16.7: BAR 13: no space for [io  size 0x1000]
[    1.706855] pci 0000:00:16.7: BAR 13: failed to assign [io  size 0x1000]
[    1.706856] pci 0000:00:16.6: BAR 13: no space for [io  size 0x1000]
[    1.706857] pci 0000:00:16.6: BAR 13: failed to assign [io  size 0x1000]
[    1.706859] pci 0000:00:16.5: BAR 13: no space for [io  size 0x1000]
[    1.706859] pci 0000:00:16.5: BAR 13: failed to assign [io  size 0x1000]
[    1.706861] pci 0000:00:16.4: BAR 13: no space for [io  size 0x1000]
[    1.706861] pci 0000:00:16.4: BAR 13: failed to assign [io  size 0x1000]
[    1.706863] pci 0000:00:16.3: BAR 13: no space for [io  size 0x1000]
[    1.706864] pci 0000:00:16.3: BAR 13: failed to assign [io  size 0x1000]
[    1.706865] pci 0000:00:15.7: BAR 13: no space for [io  size 0x1000]
[    1.706866] pci 0000:00:15.7: BAR 13: failed to assign [io  size 0x1000]
[    1.706867] pci 0000:00:15.6: BAR 13: no space for [io  size 0x1000]
[    1.706868] pci 0000:00:15.6: BAR 13: failed to assign [io  size 0x1000]
[    1.706869] pci 0000:00:15.5: BAR 13: no space for [io  size 0x1000]
[    1.706870] pci 0000:00:15.5: BAR 13: failed to assign [io  size 0x1000]
[    1.706872] pci 0000:00:15.4: BAR 13: no space for [io  size 0x1000]
[    1.706872] pci 0000:00:15.4: BAR 13: failed to assign [io  size 0x1000]
[    1.706874] pci 0000:00:15.3: BAR 13: no space for [io  size 0x1000]
[    1.706875] pci 0000:00:15.3: BAR 13: failed to assign [io  size 0x1000]
[    1.706876] pci 0000:00:01.0: PCI bridge to [bus 01]
[    1.707014] pci 0000:02:01.0: BAR 6: assigned [mem 0xfd500000-0xfd50ffff pref]
[    1.707016] pci 0000:02:04.0: BAR 6: assigned [mem 0xfd510000-0xfd51ffff pref]
[    1.707018] pci 0000:00:11.0: PCI bridge to [bus 02]
[    1.707033] pci 0000:00:11.0:   bridge window [io  0x2000-0x3fff]
[    1.707073] pci 0000:00:11.0:   bridge window [mem 0xfd500000-0xfdffffff]
[    1.707095] pci 0000:00:11.0:   bridge window [mem 0xe7b00000-0xe7ffffff 64bit pref]
[    1.707144] pci 0000:00:15.0: PCI bridge to [bus 03]
[    1.707159] pci 0000:00:15.0:   bridge window [io  0x4000-0x4fff]
[    1.707190] pci 0000:00:15.0:   bridge window [mem 0xfd400000-0xfd4fffff]
[    1.707211] pci 0000:00:15.0:   bridge window [mem 0xe7a00000-0xe7afffff 64bit pref]
[    1.707282] pci 0000:00:15.1: PCI bridge to [bus 04]
[    1.707309] pci 0000:00:15.1:   bridge window [io  0x8000-0x8fff]
[    1.707340] pci 0000:00:15.1:   bridge window [mem 0xfd000000-0xfd0fffff]
[    1.707361] pci 0000:00:15.1:   bridge window [mem 0xe7600000-0xe76fffff 64bit pref]
[    1.707415] pci 0000:00:15.2: PCI bridge to [bus 05]
[    1.707428] pci 0000:00:15.2:   bridge window [io  0xc000-0xcfff]
[    1.707459] pci 0000:00:15.2:   bridge window [mem 0xfcc00000-0xfccfffff]
[    1.707480] pci 0000:00:15.2:   bridge window [mem 0xe7200000-0xe72fffff 64bit pref]
[    1.707533] pci 0000:00:15.3: PCI bridge to [bus 06]
[    1.707565] pci 0000:00:15.3:   bridge window [mem 0xfc800000-0xfc8fffff]
[    1.707586] pci 0000:00:15.3:   bridge window [mem 0xe6e00000-0xe6efffff 64bit pref]
[    1.707638] pci 0000:00:15.4: PCI bridge to [bus 07]
[    1.707670] pci 0000:00:15.4:   bridge window [mem 0xfc400000-0xfc4fffff]
[    1.707691] pci 0000:00:15.4:   bridge window [mem 0xe6a00000-0xe6afffff 64bit pref]
[    1.707744] pci 0000:00:15.5: PCI bridge to [bus 08]
[    1.707775] pci 0000:00:15.5:   bridge window [mem 0xfc000000-0xfc0fffff]
[    1.707796] pci 0000:00:15.5:   bridge window [mem 0xe6600000-0xe66fffff 64bit pref]
[    1.707848] pci 0000:00:15.6: PCI bridge to [bus 09]
[    1.707880] pci 0000:00:15.6:   bridge window [mem 0xfbc00000-0xfbcfffff]
[    1.707901] pci 0000:00:15.6:   bridge window [mem 0xe6200000-0xe62fffff 64bit pref]
[    1.707953] pci 0000:00:15.7: PCI bridge to [bus 0a]
[    1.707984] pci 0000:00:15.7:   bridge window [mem 0xfb800000-0xfb8fffff]
[    1.708005] pci 0000:00:15.7:   bridge window [mem 0xe5e00000-0xe5efffff 64bit pref]
[    1.708057] pci 0000:00:16.0: PCI bridge to [bus 0b]
[    1.708069] pci 0000:00:16.0:   bridge window [io  0x5000-0x5fff]
[    1.708101] pci 0000:00:16.0:   bridge window [mem 0xfd300000-0xfd3fffff]
[    1.708130] pci 0000:00:16.0:   bridge window [mem 0xe7900000-0xe79fffff 64bit pref]
[    1.708183] pci 0000:00:16.1: PCI bridge to [bus 0c]
[    1.708195] pci 0000:00:16.1:   bridge window [io  0x9000-0x9fff]
[    1.708226] pci 0000:00:16.1:   bridge window [mem 0xfcf00000-0xfcffffff]
[    1.708247] pci 0000:00:16.1:   bridge window [mem 0xe7500000-0xe75fffff 64bit pref]
[    1.708300] pci 0000:00:16.2: PCI bridge to [bus 0d]
[    1.708312] pci 0000:00:16.2:   bridge window [io  0xd000-0xdfff]
[    1.708344] pci 0000:00:16.2:   bridge window [mem 0xfcb00000-0xfcbfffff]
[    1.708364] pci 0000:00:16.2:   bridge window [mem 0xe7100000-0xe71fffff 64bit pref]
[    1.708433] pci 0000:00:16.3: PCI bridge to [bus 0e]
[    1.708465] pci 0000:00:16.3:   bridge window [mem 0xfc700000-0xfc7fffff]
[    1.708486] pci 0000:00:16.3:   bridge window [mem 0xe6d00000-0xe6dfffff 64bit pref]
[    1.708539] pci 0000:00:16.4: PCI bridge to [bus 0f]
[    1.708571] pci 0000:00:16.4:   bridge window [mem 0xfc300000-0xfc3fffff]
[    1.708592] pci 0000:00:16.4:   bridge window [mem 0xe6900000-0xe69fffff 64bit pref]
[    1.708644] pci 0000:00:16.5: PCI bridge to [bus 10]
[    1.708675] pci 0000:00:16.5:   bridge window [mem 0xfbf00000-0xfbffffff]
[    1.708696] pci 0000:00:16.5:   bridge window [mem 0xe6500000-0xe65fffff 64bit pref]
[    1.708748] pci 0000:00:16.6: PCI bridge to [bus 11]
[    1.708780] pci 0000:00:16.6:   bridge window [mem 0xfbb00000-0xfbbfffff]
[    1.708801] pci 0000:00:16.6:   bridge window [mem 0xe6100000-0xe61fffff 64bit pref]
[    1.708852] pci 0000:00:16.7: PCI bridge to [bus 12]
[    1.708884] pci 0000:00:16.7:   bridge window [mem 0xfb700000-0xfb7fffff]
[    1.708905] pci 0000:00:16.7:   bridge window [mem 0xe5d00000-0xe5dfffff 64bit pref]
[    1.708957] pci 0000:00:17.0: PCI bridge to [bus 13]
[    1.708969] pci 0000:00:17.0:   bridge window [io  0x6000-0x6fff]
[    1.709000] pci 0000:00:17.0:   bridge window [mem 0xfd200000-0xfd2fffff]
[    1.709021] pci 0000:00:17.0:   bridge window [mem 0xe7800000-0xe78fffff 64bit pref]
[    1.709073] pci 0000:00:17.1: PCI bridge to [bus 14]
[    1.709085] pci 0000:00:17.1:   bridge window [io  0xa000-0xafff]
[    1.709117] pci 0000:00:17.1:   bridge window [mem 0xfce00000-0xfcefffff]
[    1.709139] pci 0000:00:17.1:   bridge window [mem 0xe7400000-0xe74fffff 64bit pref]
[    1.709191] pci 0000:00:17.2: PCI bridge to [bus 15]
[    1.709203] pci 0000:00:17.2:   bridge window [io  0xe000-0xefff]
[    1.709234] pci 0000:00:17.2:   bridge window [mem 0xfca00000-0xfcafffff]
[    1.709255] pci 0000:00:17.2:   bridge window [mem 0xe7000000-0xe70fffff 64bit pref]
[    1.709307] pci 0000:00:17.3: PCI bridge to [bus 16]
[    1.709338] pci 0000:00:17.3:   bridge window [mem 0xfc600000-0xfc6fffff]
[    1.709359] pci 0000:00:17.3:   bridge window [mem 0xe6c00000-0xe6cfffff 64bit pref]
[    1.709411] pci 0000:00:17.4: PCI bridge to [bus 17]
[    1.709443] pci 0000:00:17.4:   bridge window [mem 0xfc200000-0xfc2fffff]
[    1.709464] pci 0000:00:17.4:   bridge window [mem 0xe6800000-0xe68fffff 64bit pref]
[    1.709515] pci 0000:00:17.5: PCI bridge to [bus 18]
[    1.709547] pci 0000:00:17.5:   bridge window [mem 0xfbe00000-0xfbefffff]
[    1.709568] pci 0000:00:17.5:   bridge window [mem 0xe6400000-0xe64fffff 64bit pref]
[    1.709620] pci 0000:00:17.6: PCI bridge to [bus 19]
[    1.709652] pci 0000:00:17.6:   bridge window [mem 0xfba00000-0xfbafffff]
[    1.709673] pci 0000:00:17.6:   bridge window [mem 0xe6000000-0xe60fffff 64bit pref]
[    1.709724] pci 0000:00:17.7: PCI bridge to [bus 1a]
[    1.709756] pci 0000:00:17.7:   bridge window [mem 0xfb600000-0xfb6fffff]
[    1.709777] pci 0000:00:17.7:   bridge window [mem 0xe5c00000-0xe5cfffff 64bit pref]
[    1.709829] pci 0000:00:18.0: PCI bridge to [bus 1b]
[    1.709841] pci 0000:00:18.0:   bridge window [io  0x7000-0x7fff]
[    1.709872] pci 0000:00:18.0:   bridge window [mem 0xfd100000-0xfd1fffff]
[    1.709893] pci 0000:00:18.0:   bridge window [mem 0xe7700000-0xe77fffff 64bit pref]
[    1.709945] pci 0000:00:18.1: PCI bridge to [bus 1c]
[    1.709957] pci 0000:00:18.1:   bridge window [io  0xb000-0xbfff]
[    1.709988] pci 0000:00:18.1:   bridge window [mem 0xfcd00000-0xfcdfffff]
[    1.710009] pci 0000:00:18.1:   bridge window [mem 0xe7300000-0xe73fffff 64bit pref]
[    1.710061] pci 0000:00:18.2: PCI bridge to [bus 1d]
[    1.710092] pci 0000:00:18.2:   bridge window [mem 0xfc900000-0xfc9fffff]
[    1.710122] pci 0000:00:18.2:   bridge window [mem 0xe6f00000-0xe6ffffff 64bit pref]
[    1.710174] pci 0000:00:18.3: PCI bridge to [bus 1e]
[    1.710205] pci 0000:00:18.3:   bridge window [mem 0xfc500000-0xfc5fffff]
[    1.710226] pci 0000:00:18.3:   bridge window [mem 0xe6b00000-0xe6bfffff 64bit pref]
[    1.710278] pci 0000:00:18.4: PCI bridge to [bus 1f]
[    1.710310] pci 0000:00:18.4:   bridge window [mem 0xfc100000-0xfc1fffff]
[    1.710331] pci 0000:00:18.4:   bridge window [mem 0xe6700000-0xe67fffff 64bit pref]
[    1.710382] pci 0000:00:18.5: PCI bridge to [bus 20]
[    1.710414] pci 0000:00:18.5:   bridge window [mem 0xfbd00000-0xfbdfffff]
[    1.710435] pci 0000:00:18.5:   bridge window [mem 0xe6300000-0xe63fffff 64bit pref]
[    1.710487] pci 0000:00:18.6: PCI bridge to [bus 21]
[    1.710518] pci 0000:00:18.6:   bridge window [mem 0xfb900000-0xfb9fffff]
[    1.710539] pci 0000:00:18.6:   bridge window [mem 0xe5f00000-0xe5ffffff 64bit pref]
[    1.710597] pci 0000:00:18.7: PCI bridge to [bus 22]
[    1.710628] pci 0000:00:18.7:   bridge window [mem 0xfb500000-0xfb5fffff]
[    1.710650] pci 0000:00:18.7:   bridge window [mem 0xe5b00000-0xe5bfffff 64bit pref]
[    1.710702] pci_bus 0000:00: resource 4 [io  0x0000-0x0cf7 window]
[    1.710704] pci_bus 0000:00: resource 5 [io  0x0d00-0xfeff window]
[    1.710705] pci_bus 0000:00: resource 6 [mem 0x000a0000-0x000bffff window]
[    1.710706] pci_bus 0000:00: resource 7 [mem 0x000d0000-0x000dbfff window]
[    1.710707] pci_bus 0000:00: resource 8 [mem 0xc0000000-0xfebfffff window]
[    1.710708] pci_bus 0000:02: resource 0 [io  0x2000-0x3fff]
[    1.710709] pci_bus 0000:02: resource 1 [mem 0xfd500000-0xfdffffff]
[    1.710710] pci_bus 0000:02: resource 2 [mem 0xe7b00000-0xe7ffffff 64bit pref]
[    1.710711] pci_bus 0000:02: resource 4 [io  0x0000-0x0cf7 window]
[    1.710712] pci_bus 0000:02: resource 5 [io  0x0d00-0xfeff window]
[    1.710712] pci_bus 0000:02: resource 6 [mem 0x000a0000-0x000bffff window]
[    1.710713] pci_bus 0000:02: resource 7 [mem 0x000d0000-0x000dbfff window]
[    1.710714] pci_bus 0000:02: resource 8 [mem 0xc0000000-0xfebfffff window]
[    1.710715] pci_bus 0000:03: resource 0 [io  0x4000-0x4fff]
[    1.710716] pci_bus 0000:03: resource 1 [mem 0xfd400000-0xfd4fffff]
[    1.710717] pci_bus 0000:03: resource 2 [mem 0xe7a00000-0xe7afffff 64bit pref]
[    1.710718] pci_bus 0000:04: resource 0 [io  0x8000-0x8fff]
[    1.710719] pci_bus 0000:04: resource 1 [mem 0xfd000000-0xfd0fffff]
[    1.710720] pci_bus 0000:04: resource 2 [mem 0xe7600000-0xe76fffff 64bit pref]
[    1.710721] pci_bus 0000:05: resource 0 [io  0xc000-0xcfff]
[    1.710721] pci_bus 0000:05: resource 1 [mem 0xfcc00000-0xfccfffff]
[    1.710722] pci_bus 0000:05: resource 2 [mem 0xe7200000-0xe72fffff 64bit pref]
[    1.710723] pci_bus 0000:06: resource 1 [mem 0xfc800000-0xfc8fffff]
[    1.710724] pci_bus 0000:06: resource 2 [mem 0xe6e00000-0xe6efffff 64bit pref]
[    1.710725] pci_bus 0000:07: resource 1 [mem 0xfc400000-0xfc4fffff]
[    1.710726] pci_bus 0000:07: resource 2 [mem 0xe6a00000-0xe6afffff 64bit pref]
[    1.710727] pci_bus 0000:08: resource 1 [mem 0xfc000000-0xfc0fffff]
[    1.710728] pci_bus 0000:08: resource 2 [mem 0xe6600000-0xe66fffff 64bit pref]
[    1.710729] pci_bus 0000:09: resource 1 [mem 0xfbc00000-0xfbcfffff]
[    1.710729] pci_bus 0000:09: resource 2 [mem 0xe6200000-0xe62fffff 64bit pref]
[    1.710730] pci_bus 0000:0a: resource 1 [mem 0xfb800000-0xfb8fffff]
[    1.710731] pci_bus 0000:0a: resource 2 [mem 0xe5e00000-0xe5efffff 64bit pref]
[    1.710732] pci_bus 0000:0b: resource 0 [io  0x5000-0x5fff]
[    1.710733] pci_bus 0000:0b: resource 1 [mem 0xfd300000-0xfd3fffff]
[    1.710734] pci_bus 0000:0b: resource 2 [mem 0xe7900000-0xe79fffff 64bit pref]
[    1.710735] pci_bus 0000:0c: resource 0 [io  0x9000-0x9fff]
[    1.710735] pci_bus 0000:0c: resource 1 [mem 0xfcf00000-0xfcffffff]
[    1.710736] pci_bus 0000:0c: resource 2 [mem 0xe7500000-0xe75fffff 64bit pref]
[    1.710737] pci_bus 0000:0d: resource 0 [io  0xd000-0xdfff]
[    1.710738] pci_bus 0000:0d: resource 1 [mem 0xfcb00000-0xfcbfffff]
[    1.710739] pci_bus 0000:0d: resource 2 [mem 0xe7100000-0xe71fffff 64bit pref]
[    1.710740] pci_bus 0000:0e: resource 1 [mem 0xfc700000-0xfc7fffff]
[    1.710740] pci_bus 0000:0e: resource 2 [mem 0xe6d00000-0xe6dfffff 64bit pref]
[    1.710741] pci_bus 0000:0f: resource 1 [mem 0xfc300000-0xfc3fffff]
[    1.710742] pci_bus 0000:0f: resource 2 [mem 0xe6900000-0xe69fffff 64bit pref]
[    1.710743] pci_bus 0000:10: resource 1 [mem 0xfbf00000-0xfbffffff]
[    1.710744] pci_bus 0000:10: resource 2 [mem 0xe6500000-0xe65fffff 64bit pref]
[    1.710745] pci_bus 0000:11: resource 1 [mem 0xfbb00000-0xfbbfffff]
[    1.710746] pci_bus 0000:11: resource 2 [mem 0xe6100000-0xe61fffff 64bit pref]
[    1.710747] pci_bus 0000:12: resource 1 [mem 0xfb700000-0xfb7fffff]
[    1.710747] pci_bus 0000:12: resource 2 [mem 0xe5d00000-0xe5dfffff 64bit pref]
[    1.710748] pci_bus 0000:13: resource 0 [io  0x6000-0x6fff]
[    1.710749] pci_bus 0000:13: resource 1 [mem 0xfd200000-0xfd2fffff]
[    1.710750] pci_bus 0000:13: resource 2 [mem 0xe7800000-0xe78fffff 64bit pref]
[    1.710751] pci_bus 0000:14: resource 0 [io  0xa000-0xafff]
[    1.710752] pci_bus 0000:14: resource 1 [mem 0xfce00000-0xfcefffff]
[    1.710753] pci_bus 0000:14: resource 2 [mem 0xe7400000-0xe74fffff 64bit pref]
[    1.710754] pci_bus 0000:15: resource 0 [io  0xe000-0xefff]
[    1.710754] pci_bus 0000:15: resource 1 [mem 0xfca00000-0xfcafffff]
[    1.710755] pci_bus 0000:15: resource 2 [mem 0xe7000000-0xe70fffff 64bit pref]
[    1.710756] pci_bus 0000:16: resource 1 [mem 0xfc600000-0xfc6fffff]
[    1.710757] pci_bus 0000:16: resource 2 [mem 0xe6c00000-0xe6cfffff 64bit pref]
[    1.710758] pci_bus 0000:17: resource 1 [mem 0xfc200000-0xfc2fffff]
[    1.710759] pci_bus 0000:17: resource 2 [mem 0xe6800000-0xe68fffff 64bit pref]
[    1.710760] pci_bus 0000:18: resource 1 [mem 0xfbe00000-0xfbefffff]
[    1.710760] pci_bus 0000:18: resource 2 [mem 0xe6400000-0xe64fffff 64bit pref]
[    1.710761] pci_bus 0000:19: resource 1 [mem 0xfba00000-0xfbafffff]
[    1.710762] pci_bus 0000:19: resource 2 [mem 0xe6000000-0xe60fffff 64bit pref]
[    1.710763] pci_bus 0000:1a: resource 1 [mem 0xfb600000-0xfb6fffff]
[    1.710764] pci_bus 0000:1a: resource 2 [mem 0xe5c00000-0xe5cfffff 64bit pref]
[    1.710765] pci_bus 0000:1b: resource 0 [io  0x7000-0x7fff]
[    1.710766] pci_bus 0000:1b: resource 1 [mem 0xfd100000-0xfd1fffff]
[    1.710766] pci_bus 0000:1b: resource 2 [mem 0xe7700000-0xe77fffff 64bit pref]
[    1.710767] pci_bus 0000:1c: resource 0 [io  0xb000-0xbfff]
[    1.710768] pci_bus 0000:1c: resource 1 [mem 0xfcd00000-0xfcdfffff]
[    1.710769] pci_bus 0000:1c: resource 2 [mem 0xe7300000-0xe73fffff 64bit pref]
[    1.710770] pci_bus 0000:1d: resource 1 [mem 0xfc900000-0xfc9fffff]
[    1.710771] pci_bus 0000:1d: resource 2 [mem 0xe6f00000-0xe6ffffff 64bit pref]
[    1.710772] pci_bus 0000:1e: resource 1 [mem 0xfc500000-0xfc5fffff]
[    1.710773] pci_bus 0000:1e: resource 2 [mem 0xe6b00000-0xe6bfffff 64bit pref]
[    1.710774] pci_bus 0000:1f: resource 1 [mem 0xfc100000-0xfc1fffff]
[    1.710774] pci_bus 0000:1f: resource 2 [mem 0xe6700000-0xe67fffff 64bit pref]
[    1.710775] pci_bus 0000:20: resource 1 [mem 0xfbd00000-0xfbdfffff]
[    1.710776] pci_bus 0000:20: resource 2 [mem 0xe6300000-0xe63fffff 64bit pref]
[    1.710777] pci_bus 0000:21: resource 1 [mem 0xfb900000-0xfb9fffff]
[    1.710778] pci_bus 0000:21: resource 2 [mem 0xe5f00000-0xe5ffffff 64bit pref]
[    1.710779] pci_bus 0000:22: resource 1 [mem 0xfb500000-0xfb5fffff]
[    1.710780] pci_bus 0000:22: resource 2 [mem 0xe5b00000-0xe5bfffff 64bit pref]
[    1.710971] pci 0000:00:00.0: Limiting direct PCI/PCI transfers
[    1.712586] pci 0000:02:01.0: CLS mismatch (32 != 64), using 64 bytes
[    1.713307] PCI-DMA: Using software bounce buffering for IO (SWIOTLB)
[    1.713308] software IO TLB: mapped [mem 0x00000000bbed0000-0x00000000bfed0000] (64MB)
[    1.713363] clocksource: tsc: mask: 0xffffffffffffffff max_cycles: 0x29dc08e3e81, max_idle_ns: 440795344234 ns
[    1.713468] clocksource: Switched to clocksource tsc
[    1.713861] Trying to unpack rootfs image as initramfs...
[    1.721488] Initialise system trusted keyrings
[    1.721535] Key type blacklist registered
[    1.721710] workingset: timestamp_bits=36 max_order=20 bucket_order=0
[    1.726281] zbud: loaded
[    1.727556] squashfs: version 4.0 (2009/01/31) Phillip Lougher
[    1.728076] fuse: init (API version 7.34)
[    1.728758] integrity: Platform Keyring initialized
[    1.735678] Key type asymmetric registered
[    1.735680] Asymmetric key parser 'x509' registered
[    1.735693] Block layer SCSI generic (bsg) driver version 0.4 loaded (major 243)
[    1.735913] io scheduler mq-deadline registered
[    1.738495] pcieport 0000:00:15.0: PME: Signaling with IRQ 24
[    1.738589] pcieport 0000:00:15.0: pciehp: Slot #160 AttnBtn+ PwrCtrl+ MRL- AttnInd- PwrInd- HotPlug+ Surprise- Interlock- NoCompl+ IbPresDis- LLActRep+
[    1.739886] pcieport 0000:00:15.1: PME: Signaling with IRQ 25
[    1.739977] pcieport 0000:00:15.1: pciehp: Slot #161 AttnBtn+ PwrCtrl+ MRL- AttnInd- PwrInd- HotPlug+ Surprise- Interlock- NoCompl+ IbPresDis- LLActRep+
[    1.741192] pcieport 0000:00:15.2: PME: Signaling with IRQ 26
[    1.741281] pcieport 0000:00:15.2: pciehp: Slot #162 AttnBtn+ PwrCtrl+ MRL- AttnInd- PwrInd- HotPlug+ Surprise- Interlock- NoCompl+ IbPresDis- LLActRep+
[    1.742466] pcieport 0000:00:15.3: PME: Signaling with IRQ 27
[    1.742578] pcieport 0000:00:15.3: pciehp: Slot #163 AttnBtn+ PwrCtrl+ MRL- AttnInd- PwrInd- HotPlug+ Surprise- Interlock- NoCompl+ IbPresDis- LLActRep+
[    1.743725] pcieport 0000:00:15.4: PME: Signaling with IRQ 28
[    1.744046] pcieport 0000:00:15.4: pciehp: Slot #164 AttnBtn+ PwrCtrl+ MRL- AttnInd- PwrInd- HotPlug+ Surprise- Interlock- NoCompl+ IbPresDis- LLActRep+
[    1.745340] pcieport 0000:00:15.5: PME: Signaling with IRQ 29
[    1.745433] pcieport 0000:00:15.5: pciehp: Slot #165 AttnBtn+ PwrCtrl+ MRL- AttnInd- PwrInd- HotPlug+ Surprise- Interlock- NoCompl+ IbPresDis- LLActRep+
[    1.746645] pcieport 0000:00:15.6: PME: Signaling with IRQ 30
[    1.746737] pcieport 0000:00:15.6: pciehp: Slot #166 AttnBtn+ PwrCtrl+ MRL- AttnInd- PwrInd- HotPlug+ Surprise- Interlock- NoCompl+ IbPresDis- LLActRep+
[    1.747961] pcieport 0000:00:15.7: PME: Signaling with IRQ 31
[    1.748060] pcieport 0000:00:15.7: pciehp: Slot #167 AttnBtn+ PwrCtrl+ MRL- AttnInd- PwrInd- HotPlug+ Surprise- Interlock- NoCompl+ IbPresDis- LLActRep+
[    1.749518] pcieport 0000:00:16.0: PME: Signaling with IRQ 32
[    1.749701] pcieport 0000:00:16.0: pciehp: Slot #192 AttnBtn+ PwrCtrl+ MRL- AttnInd- PwrInd- HotPlug+ Surprise- Interlock- NoCompl+ IbPresDis- LLActRep+
[    1.751136] pcieport 0000:00:16.1: PME: Signaling with IRQ 33
[    1.751258] pcieport 0000:00:16.1: pciehp: Slot #193 AttnBtn+ PwrCtrl+ MRL- AttnInd- PwrInd- HotPlug+ Surprise- Interlock- NoCompl+ IbPresDis- LLActRep+
[    1.752515] pcieport 0000:00:16.2: PME: Signaling with IRQ 34
[    1.752608] pcieport 0000:00:16.2: pciehp: Slot #194 AttnBtn+ PwrCtrl+ MRL- AttnInd- PwrInd- HotPlug+ Surprise- Interlock- NoCompl+ IbPresDis- LLActRep+
[    1.754062] pcieport 0000:00:16.3: PME: Signaling with IRQ 35
[    1.754158] pcieport 0000:00:16.3: pciehp: Slot #195 AttnBtn+ PwrCtrl+ MRL- AttnInd- PwrInd- HotPlug+ Surprise- Interlock- NoCompl+ IbPresDis- LLActRep+
[    1.755752] pcieport 0000:00:16.4: PME: Signaling with IRQ 36
[    1.755972] pcieport 0000:00:16.4: pciehp: Slot #196 AttnBtn+ PwrCtrl+ MRL- AttnInd- PwrInd- HotPlug+ Surprise- Interlock- NoCompl+ IbPresDis- LLActRep+
[    1.757482] pcieport 0000:00:16.5: PME: Signaling with IRQ 37
[    1.757600] pcieport 0000:00:16.5: pciehp: Slot #197 AttnBtn+ PwrCtrl+ MRL- AttnInd- PwrInd- HotPlug+ Surprise- Interlock- NoCompl+ IbPresDis- LLActRep+
[    1.758776] pcieport 0000:00:16.6: PME: Signaling with IRQ 38
[    1.758916] pcieport 0000:00:16.6: pciehp: Slot #198 AttnBtn+ PwrCtrl+ MRL- AttnInd- PwrInd- HotPlug+ Surprise- Interlock- NoCompl+ IbPresDis- LLActRep+
[    1.760102] pcieport 0000:00:16.7: PME: Signaling with IRQ 39
[    1.760192] pcieport 0000:00:16.7: pciehp: Slot #199 AttnBtn+ PwrCtrl+ MRL- AttnInd- PwrInd- HotPlug+ Surprise- Interlock- NoCompl+ IbPresDis- LLActRep+
[    1.761364] pcieport 0000:00:17.0: PME: Signaling with IRQ 40
[    1.761515] pcieport 0000:00:17.0: pciehp: Slot #224 AttnBtn+ PwrCtrl+ MRL- AttnInd- PwrInd- HotPlug+ Surprise- Interlock- NoCompl+ IbPresDis- LLActRep+
[    1.762697] pcieport 0000:00:17.1: PME: Signaling with IRQ 41
[    1.762787] pcieport 0000:00:17.1: pciehp: Slot #225 AttnBtn+ PwrCtrl+ MRL- AttnInd- PwrInd- HotPlug+ Surprise- Interlock- NoCompl+ IbPresDis- LLActRep+
[    1.764038] pcieport 0000:00:17.2: PME: Signaling with IRQ 42
[    1.764129] pcieport 0000:00:17.2: pciehp: Slot #226 AttnBtn+ PwrCtrl+ MRL- AttnInd- PwrInd- HotPlug+ Surprise- Interlock- NoCompl+ IbPresDis- LLActRep+
[    1.765459] pcieport 0000:00:17.3: PME: Signaling with IRQ 43
[    1.765631] pcieport 0000:00:17.3: pciehp: Slot #227 AttnBtn+ PwrCtrl+ MRL- AttnInd- PwrInd- HotPlug+ Surprise- Interlock- NoCompl+ IbPresDis- LLActRep+
[    1.767371] pcieport 0000:00:17.4: PME: Signaling with IRQ 44
[    1.767557] pcieport 0000:00:17.4: pciehp: Slot #228 AttnBtn+ PwrCtrl+ MRL- AttnInd- PwrInd- HotPlug+ Surprise- Interlock- NoCompl+ IbPresDis- LLActRep+
[    1.769067] pcieport 0000:00:17.5: PME: Signaling with IRQ 45
[    1.769189] pcieport 0000:00:17.5: pciehp: Slot #229 AttnBtn+ PwrCtrl+ MRL- AttnInd- PwrInd- HotPlug+ Surprise- Interlock- NoCompl+ IbPresDis- LLActRep+
[    1.771508] pcieport 0000:00:17.6: PME: Signaling with IRQ 46
[    1.771668] pcieport 0000:00:17.6: pciehp: Slot #230 AttnBtn+ PwrCtrl+ MRL- AttnInd- PwrInd- HotPlug+ Surprise- Interlock- NoCompl+ IbPresDis- LLActRep+
[    1.773232] pcieport 0000:00:17.7: PME: Signaling with IRQ 47
[    1.773334] pcieport 0000:00:17.7: pciehp: Slot #231 AttnBtn+ PwrCtrl+ MRL- AttnInd- PwrInd- HotPlug+ Surprise- Interlock- NoCompl+ IbPresDis- LLActRep+
[    1.774486] pcieport 0000:00:18.0: PME: Signaling with IRQ 48
[    1.774667] pcieport 0000:00:18.0: pciehp: Slot #256 AttnBtn+ PwrCtrl+ MRL- AttnInd- PwrInd- HotPlug+ Surprise- Interlock- NoCompl+ IbPresDis- LLActRep+
[    1.776051] pcieport 0000:00:18.1: PME: Signaling with IRQ 49
[    1.776203] pcieport 0000:00:18.1: pciehp: Slot #257 AttnBtn+ PwrCtrl+ MRL- AttnInd- PwrInd- HotPlug+ Surprise- Interlock- NoCompl+ IbPresDis- LLActRep+
[    1.777687] pcieport 0000:00:18.2: PME: Signaling with IRQ 50
[    1.777809] pcieport 0000:00:18.2: pciehp: Slot #258 AttnBtn+ PwrCtrl+ MRL- AttnInd- PwrInd- HotPlug+ Surprise- Interlock- NoCompl+ IbPresDis- LLActRep+
[    1.779257] pcieport 0000:00:18.3: PME: Signaling with IRQ 51
[    1.779379] pcieport 0000:00:18.3: pciehp: Slot #259 AttnBtn+ PwrCtrl+ MRL- AttnInd- PwrInd- HotPlug+ Surprise- Interlock- NoCompl+ IbPresDis- LLActRep+
[    1.781153] pcieport 0000:00:18.4: PME: Signaling with IRQ 52
[    1.781340] pcieport 0000:00:18.4: pciehp: Slot #260 AttnBtn+ PwrCtrl+ MRL- AttnInd- PwrInd- HotPlug+ Surprise- Interlock- NoCompl+ IbPresDis- LLActRep+
[    1.782775] pcieport 0000:00:18.5: PME: Signaling with IRQ 53
[    1.782970] pcieport 0000:00:18.5: pciehp: Slot #261 AttnBtn+ PwrCtrl+ MRL- AttnInd- PwrInd- HotPlug+ Surprise- Interlock- NoCompl+ IbPresDis- LLActRep+
[    1.784146] pcieport 0000:00:18.6: PME: Signaling with IRQ 54
[    1.784267] pcieport 0000:00:18.6: pciehp: Slot #262 AttnBtn+ PwrCtrl+ MRL- AttnInd- PwrInd- HotPlug+ Surprise- Interlock- NoCompl+ IbPresDis- LLActRep+
[    1.785483] pcieport 0000:00:18.7: PME: Signaling with IRQ 55
[    1.785595] pcieport 0000:00:18.7: pciehp: Slot #263 AttnBtn+ PwrCtrl+ MRL- AttnInd- PwrInd- HotPlug+ Surprise- Interlock- NoCompl+ IbPresDis- LLActRep+
[    1.786375] shpchp: Standard Hot Plug PCI Controller Driver version: 0.4
[    1.787647] ACPI: AC: AC Adapter [ACAD] (on-line)
[    1.788057] input: Power Button as /devices/LNXSYSTM:00/LNXPWRBN:00/input/input0
[    1.788116] ACPI: button: Power Button [PWRF]
[    1.789762] Serial: 8250/16550 driver, 32 ports, IRQ sharing enabled
[    1.813697] 00:05: ttyS0 at I/O 0x3f8 (irq = 4, base_baud = 115200) is a 16550A
[    1.869324] Linux agpgart interface v0.103
[    1.869489] agpgart-intel 0000:00:00.0: Intel 440BX Chipset
[    1.872628] agpgart-intel 0000:00:00.0: AGP aperture is 256M @ 0x0
[    2.104906] loop: module loaded
[    2.105402] ata_piix 0000:00:07.1: version 2.13
[    2.107516] scsi host0: ata_piix
[    2.108444] scsi host1: ata_piix
[    2.108627] ata1: PATA max UDMA/33 cmd 0x1f0 ctl 0x3f6 bmdma 0x1060 irq 14
[    2.108630] ata2: PATA max UDMA/33 cmd 0x170 ctl 0x376 bmdma 0x1068 irq 15
[    2.109210] tun: Universal TUN/TAP device driver, 1.6
[    2.109383] PPP generic driver version 2.4.2
[    2.109839] VFIO - User Level meta-driver version: 0.3
[    2.110218] ehci_hcd: USB 2.0 'Enhanced' Host Controller (EHCI) Driver
[    2.110224] ehci-pci: EHCI PCI platform driver
[    2.114262] ehci-pci 0000:02:03.0: EHCI Host Controller
[    2.114268] ehci-pci 0000:02:03.0: new USB bus registered, assigned bus number 1
[    2.114471] ehci-pci 0000:02:03.0: irq 17, io mem 0xfd5ef000
[    2.128591] ehci-pci 0000:02:03.0: USB 2.0 started, EHCI 1.00
[    2.128665] usb usb1: New USB device found, idVendor=1d6b, idProduct=0002, bcdDevice= 5.13
[    2.128668] usb usb1: New USB device strings: Mfr=3, Product=2, SerialNumber=1
[    2.128670] usb usb1: Product: EHCI Host Controller
[    2.128671] usb usb1: Manufacturer: Linux 5.13.0-40-generic ehci_hcd
[    2.128673] usb usb1: SerialNumber: 0000:02:03.0
[    2.128960] hub 1-0:1.0: USB hub found
[    2.128968] hub 1-0:1.0: 6 ports detected
[    2.129495] ehci-platform: EHCI generic platform driver
[    2.129510] ohci_hcd: USB 1.1 'Open' Host Controller (OHCI) Driver
[    2.129514] ohci-pci: OHCI PCI platform driver
[    2.129530] ohci-platform: OHCI generic platform driver
[    2.129537] uhci_hcd: USB Universal Host Controller Interface driver
[    2.130564] uhci_hcd 0000:02:00.0: UHCI Host Controller
[    2.130572] uhci_hcd 0000:02:00.0: new USB bus registered, assigned bus number 2
[    2.130622] uhci_hcd 0000:02:00.0: detected 2 ports
[    2.130891] uhci_hcd 0000:02:00.0: irq 18, io base 0x00002080
[    2.131027] usb usb2: New USB device found, idVendor=1d6b, idProduct=0001, bcdDevice= 5.13
[    2.131031] usb usb2: New USB device strings: Mfr=3, Product=2, SerialNumber=1
[    2.131032] usb usb2: Product: UHCI Host Controller
[    2.131034] usb usb2: Manufacturer: Linux 5.13.0-40-generic uhci_hcd
[    2.131035] usb usb2: SerialNumber: 0000:02:00.0
[    2.131352] hub 2-0:1.0: USB hub found
[    2.131360] hub 2-0:1.0: 2 ports detected
[    2.131719] i8042: PNP: PS/2 Controller [PNP0303:KBC,PNP0f13:MOUS] at 0x60,0x64 irq 1,12
[    2.132731] serio: i8042 KBD port at 0x60,0x64 irq 1
[    2.132738] serio: i8042 AUX port at 0x60,0x64 irq 12
[    2.133253] mousedev: PS/2 mouse device common for all mice
[    2.135708] rtc_cmos 00:01: registered as rtc0
[    2.135844] rtc_cmos 00:01: setting system clock to 2022-04-22T17:39:56 UTC (1650649196)
[    2.135870] rtc_cmos 00:01: alarms up to one month, y3k, 114 bytes nvram, hpet irqs
[    2.135936] i2c /dev entries driver
[    2.136004] device-mapper: uevent: version 1.0.3
[    2.136207] device-mapper: ioctl: 4.45.0-ioctl (2021-03-22) initialised: dm-devel@redhat.com
[    2.136228] platform eisa.0: Probing EISA bus 0
[    2.136230] platform eisa.0: EISA: Cannot allocate resource for mainboard
[    2.136231] platform eisa.0: Cannot allocate resource for EISA slot 1
[    2.136232] platform eisa.0: Cannot allocate resource for EISA slot 2
[    2.136233] platform eisa.0: Cannot allocate resource for EISA slot 3
[    2.136234] platform eisa.0: Cannot allocate resource for EISA slot 4
[    2.136235] platform eisa.0: Cannot allocate resource for EISA slot 5
[    2.136235] platform eisa.0: Cannot allocate resource for EISA slot 6
[    2.136236] platform eisa.0: Cannot allocate resource for EISA slot 7
[    2.136237] platform eisa.0: Cannot allocate resource for EISA slot 8
[    2.136237] platform eisa.0: EISA: Detected 0 cards
[    2.136239] intel_pstate: CPU model not supported
[    2.136423] ledtrig-cpu: registered to indicate activity on CPUs
[    2.137851] intel_pmc_core intel_pmc_core.0:  initialized
[    2.138185] input: AT Translated Set 2 keyboard as /devices/platform/i8042/serio0/input/input1
[    2.138853] drop_monitor: Initializing network drop monitor service
[    2.139374] NET: Registered protocol family 10
[    2.464626] usb 2-1: new full-speed USB device number 2 using uhci_hcd
[    2.629537] usb 2-1: New USB device found, idVendor=0e0f, idProduct=0003, bcdDevice= 1.03
[    2.629541] usb 2-1: New USB device strings: Mfr=1, Product=2, SerialNumber=0
[    2.629543] usb 2-1: Product: VMware Virtual USB Mouse
[    2.629544] usb 2-1: Manufacturer: VMware
[    2.764739] usb 2-2: new full-speed USB device number 3 using uhci_hcd
[    2.773851] Freeing initrd memory: 57600K
[    2.782242] Segment Routing with IPv6
[    2.782265] NET: Registered protocol family 17
[    2.782513] Key type dns_resolver registered
[    2.783225] IPI shorthand broadcast: enabled
[    2.783262] sched_clock: Marking stable (2783198910, -20383)->(2825818421, -42639894)
[    2.784532] registered taskstats version 1
[    2.784569] Loading compiled-in X.509 certificates
[    2.785875] Loaded X.509 cert 'Build time autogenerated kernel key: 60d8ae168976e8da9176b1a7b39dd86a29d1fa2c'
[    2.786315] Loaded X.509 cert 'Canonical Ltd. Live Patch Signing: 14df34d1a87cf37625abec039ef2bf521249b969'
[    2.786925] Loaded X.509 cert 'Canonical Ltd. Kernel Module Signing: 88f752e560a1e0737e31163a466ad7b70a850c19'
[    2.786929] blacklist: Loading compiled-in revocation X.509 certificates
[    2.786951] Loaded X.509 cert 'Canonical Ltd. Secure Boot Signing: 61482aa2830d0ab2ad5af10b7250da9033ddcef0'
[    2.909179] zswap: loaded using pool lzo/zbud
[    2.910226] Key type ._fscrypt registered
[    2.910231] Key type .fscrypt registered
[    2.910232] Key type fscrypt-provisioning registered
[    2.916054] Key type encrypted registered
[    2.916059] AppArmor: AppArmor sha1 policy hashing enabled
[    2.916065] ima: No TPM chip found, activating TPM-bypass!
[    2.916096] Loading compiled-in module X.509 certificates
[    2.916689] Loaded X.509 cert 'Build time autogenerated kernel key: 60d8ae168976e8da9176b1a7b39dd86a29d1fa2c'
[    2.916692] ima: Allocated hash algorithm: sha1
[    2.916697] ima: No architecture policies found
[    2.916705] evm: Initialising EVM extended attributes:
[    2.916706] evm: security.selinux
[    2.916706] evm: security.SMACK64
[    2.916707] evm: security.SMACK64EXEC
[    2.916707] evm: security.SMACK64TRANSMUTE
[    2.916707] evm: security.SMACK64MMAP
[    2.916708] evm: security.apparmor
[    2.916708] evm: security.ima
[    2.916708] evm: security.capability
[    2.916709] evm: HMAC attrs: 0x1
[    2.917373] PM:   Magic number: 2:577:694
[    2.917526] acpi LNXCPU:35: hash matches
[    2.918266] RAS: Correctable Errors collector initialized.
[    2.920896] Freeing unused decrypted memory: 2036K
[    2.921947] Freeing unused kernel image (initmem) memory: 2900K
[    2.937472] usb 2-2: New USB device found, idVendor=0e0f, idProduct=0002, bcdDevice= 1.00
[    2.937485] usb 2-2: New USB device strings: Mfr=1, Product=2, SerialNumber=0
[    2.937487] usb 2-2: Product: VMware Virtual USB Hub
[    2.937490] usb 2-2: Manufacturer: VMware, Inc.
[    2.940703] Write protecting the kernel read-only data: 30720k
[    2.942187] Freeing unused kernel image (text/rodata gap) memory: 2036K
[    2.942582] Freeing unused kernel image (rodata/data gap) memory: 1788K
[    2.945818] hub 2-2:1.0: USB hub found
[    2.949286] hub 2-2:1.0: 7 ports detected
[    2.990918] x86/mm: Checked W+X mappings: passed, no W+X pages found.
[    2.990922] x86/mm: Checking user space page tables
[    3.036031] x86/mm: Checked W+X mappings: passed, no W+X pages found.
[    3.036040] Run /init as init process
[    3.036042]   with arguments:
[    3.036043]     /init
[    3.036044]     auto
[    3.036044]     noprompt
[    3.036045]   with environment:
[    3.036045]     HOME=/
[    3.036046]     TERM=linux
[    3.036046]     BOOT_IMAGE=/boot/vmlinuz-5.13.0-40-generic
[    3.036047]     find_preseed=/preseed.cfg
[    3.036047]     priority=critical
[    3.036048]     locale=en_US
[    3.268554] usb 2-2.1: new full-speed USB device number 4 using uhci_hcd
[    3.404880] usb 2-2.1: New USB device found, idVendor=0e0f, idProduct=0008, bcdDevice= 1.00
[    3.404890] usb 2-2.1: New USB device strings: Mfr=1, Product=2, SerialNumber=3
[    3.404893] usb 2-2.1: Product: Virtual Bluetooth Adapter
[    3.404896] usb 2-2.1: Manufacturer: VMware
[    3.404899] usb 2-2.1: SerialNumber: 000650268328
[    3.411879] piix4_smbus 0000:00:07.3: SMBus Host Controller not enabled!
[    3.415612] Fusion MPT base driver 3.04.20
[    3.415615] Copyright (c) 1999-2008 LSI Corporation
[    3.421461] Fusion MPT SPI Host driver 3.04.20
[    3.422916] mptbase: ioc0: Initiating bringup
[    3.424022] e1000: Intel(R) PRO/1000 Network Driver
[    3.424025] e1000: Copyright (c) 1999-2006 Intel Corporation.
[    3.425694] ahci 0000:02:04.0: version 3.0
[    3.426700] ahci 0000:02:04.0: AHCI 0001.0300 32 slots 30 ports 6 Gbps 0x3fffffff impl SATA mode
[    3.426704] ahci 0000:02:04.0: flags: 64bit ncq clo only 
[    3.440354] scsi host2: ahci
[    3.440982] scsi host3: ahci
[    3.441796] scsi host4: ahci
[    3.442516] scsi host5: ahci
[    3.443301] scsi host6: ahci
[    3.443870] scsi host7: ahci
[    3.444672] scsi host8: ahci
[    3.445806] scsi host9: ahci
[    3.446702] scsi host10: ahci
[    3.448076] scsi host11: ahci
[    3.449132] scsi host12: ahci
[    3.450401] scsi host13: ahci
[    3.451992] scsi host14: ahci
[    3.455479] scsi host15: ahci
[    3.456331] scsi host16: ahci
[    3.456570] hid: raw HID events driver (C) Jiri Kosina
[    3.457513] scsi host17: ahci
[    3.458823] scsi host18: ahci
[    3.459821] scsi host19: ahci
[    3.460581] scsi host20: ahci
[    3.461345] scsi host21: ahci
[    3.462394] scsi host22: ahci
[    3.463147] scsi host23: ahci
[    3.464145] scsi host24: ahci
[    3.465152] scsi host25: ahci
[    3.466065] scsi host26: ahci
[    3.467492] scsi host27: ahci
[    3.468052] scsi host28: ahci
[    3.468888] scsi host29: ahci
[    3.469759] scsi host30: ahci
[    3.471583] scsi host31: ahci
[    3.471965] ata3: SATA max UDMA/133 abar m4096@0xfd5ee000 port 0xfd5ee100 irq 56
[    3.471969] ata4: SATA max UDMA/133 abar m4096@0xfd5ee000 port 0xfd5ee180 irq 56
[    3.471971] ata5: SATA max UDMA/133 abar m4096@0xfd5ee000 port 0xfd5ee200 irq 56
[    3.471972] ata6: SATA max UDMA/133 abar m4096@0xfd5ee000 port 0xfd5ee280 irq 56
[    3.471973] ata7: SATA max UDMA/133 abar m4096@0xfd5ee000 port 0xfd5ee300 irq 56
[    3.471974] ata8: SATA max UDMA/133 abar m4096@0xfd5ee000 port 0xfd5ee380 irq 56
[    3.471976] ata9: SATA max UDMA/133 abar m4096@0xfd5ee000 port 0xfd5ee400 irq 56
[    3.471977] ata10: SATA max UDMA/133 abar m4096@0xfd5ee000 port 0xfd5ee480 irq 56
